
 /----------------------------------------------------------------------------\
 |  yosys -- Yosys Open SYnthesis Suite                                       |
 |  Copyright (C) 2012 - 2026  Claire Xenia Wolf <claire@yosyshq.com>         |
 |  Distributed under an ISC-like license, type "license" to see terms        |
 \----------------------------------------------------------------------------/
 Yosys 0.62 (git sha1 7326bb7d6641500ecb285c291a54a662cb1e76cf, clang++ 21.1.2 -fPIC -O3)

1. Executing Verilog-2005 frontend: /home/ubuntu/Flow-Guard/results/server_experiment_v2_configs/server-03/runs/trial_server-03/tmp/95adf7ec19404071ab232fbbc3af2796.bb.v
Parsing SystemVerilog input from `/home/ubuntu/Flow-Guard/results/server_experiment_v2_configs/server-03/runs/trial_server-03/tmp/95adf7ec19404071ab232fbbc3af2796.bb.v' to AST representation.
Generating RTLIL representation for module `\sky130_ef_sc_hd__decap_12'.
Generating RTLIL representation for module `\sky130_ef_sc_hd__decap_20_12'.
Generating RTLIL representation for module `\sky130_ef_sc_hd__decap_40_12'.
Generating RTLIL representation for module `\sky130_ef_sc_hd__decap_60_12'.
Generating RTLIL representation for module `\sky130_ef_sc_hd__decap_80_12'.
Generating RTLIL representation for module `\sky130_ef_sc_hd__fill_12'.
Generating RTLIL representation for module `\sky130_ef_sc_hd__fill_2'.
Generating RTLIL representation for module `\sky130_ef_sc_hd__fill_4'.
Generating RTLIL representation for module `\sky130_ef_sc_hd__fill_8'.
Generating RTLIL representation for module `\sky130_fd_sc_hd__a2111o_1'.
Generating RTLIL representation for module `\sky130_fd_sc_hd__a2111o_2'.
Generating RTLIL representation for module `\sky130_fd_sc_hd__a2111o_4'.
Generating RTLIL representation for module `\sky130_fd_sc_hd__a2111oi_0'.
Generating RTLIL representation for module `\sky130_fd_sc_hd__a2111oi_1'.
Generating RTLIL representation for module `\sky130_fd_sc_hd__a2111oi_2'.
Generating RTLIL representation for module `\sky130_fd_sc_hd__a2111oi_4'.
Generating RTLIL representation for module `\sky130_fd_sc_hd__a211o_1'.
Generating RTLIL representation for module `\sky130_fd_sc_hd__a211o_2'.
Generating RTLIL representation for module `\sky130_fd_sc_hd__a211o_4'.
Generating RTLIL representation for module `\sky130_fd_sc_hd__a211oi_1'.
Generating RTLIL representation for module `\sky130_fd_sc_hd__a211oi_2'.
Generating RTLIL representation for module `\sky130_fd_sc_hd__a211oi_4'.
Generating RTLIL representation for module `\sky130_fd_sc_hd__a21bo_1'.
Generating RTLIL representation for module `\sky130_fd_sc_hd__a21bo_2'.
Generating RTLIL representation for module `\sky130_fd_sc_hd__a21bo_4'.
Generating RTLIL representation for module `\sky130_fd_sc_hd__a21boi_0'.
Generating RTLIL representation for module `\sky130_fd_sc_hd__a21boi_1'.
Generating RTLIL representation for module `\sky130_fd_sc_hd__a21boi_2'.
Generating RTLIL representation for module `\sky130_fd_sc_hd__a21boi_4'.
Generating RTLIL representation for module `\sky130_fd_sc_hd__a21o_1'.
Generating RTLIL representation for module `\sky130_fd_sc_hd__a21o_2'.
Generating RTLIL representation for module `\sky130_fd_sc_hd__a21o_4'.
Generating RTLIL representation for module `\sky130_fd_sc_hd__a21oi_1'.
Generating RTLIL representation for module `\sky130_fd_sc_hd__a21oi_2'.
Generating RTLIL representation for module `\sky130_fd_sc_hd__a21oi_4'.
Generating RTLIL representation for module `\sky130_fd_sc_hd__a221o_1'.
Generating RTLIL representation for module `\sky130_fd_sc_hd__a221o_2'.
Generating RTLIL representation for module `\sky130_fd_sc_hd__a221o_4'.
Generating RTLIL representation for module `\sky130_fd_sc_hd__a221oi_1'.
Generating RTLIL representation for module `\sky130_fd_sc_hd__a221oi_2'.
Generating RTLIL representation for module `\sky130_fd_sc_hd__a221oi_4'.
Generating RTLIL representation for module `\sky130_fd_sc_hd__a222oi_1'.
Generating RTLIL representation for module `\sky130_fd_sc_hd__a22o_1'.
Generating RTLIL representation for module `\sky130_fd_sc_hd__a22o_2'.
Generating RTLIL representation for module `\sky130_fd_sc_hd__a22o_4'.
Generating RTLIL representation for module `\sky130_fd_sc_hd__a22oi_1'.
Generating RTLIL representation for module `\sky130_fd_sc_hd__a22oi_2'.
Generating RTLIL representation for module `\sky130_fd_sc_hd__a22oi_4'.
Generating RTLIL representation for module `\sky130_fd_sc_hd__a2bb2o_1'.
Generating RTLIL representation for module `\sky130_fd_sc_hd__a2bb2o_2'.
Generating RTLIL representation for module `\sky130_fd_sc_hd__a2bb2o_4'.
Generating RTLIL representation for module `\sky130_fd_sc_hd__a2bb2oi_1'.
Generating RTLIL representation for module `\sky130_fd_sc_hd__a2bb2oi_2'.
Generating RTLIL representation for module `\sky130_fd_sc_hd__a2bb2oi_4'.
Generating RTLIL representation for module `\sky130_fd_sc_hd__a311o_1'.
Generating RTLIL representation for module `\sky130_fd_sc_hd__a311o_2'.
Generating RTLIL representation for module `\sky130_fd_sc_hd__a311o_4'.
Generating RTLIL representation for module `\sky130_fd_sc_hd__a311oi_1'.
Generating RTLIL representation for module `\sky130_fd_sc_hd__a311oi_2'.
Generating RTLIL representation for module `\sky130_fd_sc_hd__a311oi_4'.
Generating RTLIL representation for module `\sky130_fd_sc_hd__a31o_1'.
Generating RTLIL representation for module `\sky130_fd_sc_hd__a31o_2'.
Generating RTLIL representation for module `\sky130_fd_sc_hd__a31o_4'.
Generating RTLIL representation for module `\sky130_fd_sc_hd__a31oi_1'.
Generating RTLIL representation for module `\sky130_fd_sc_hd__a31oi_2'.
Generating RTLIL representation for module `\sky130_fd_sc_hd__a31oi_4'.
Generating RTLIL representation for module `\sky130_fd_sc_hd__a32o_1'.
Generating RTLIL representation for module `\sky130_fd_sc_hd__a32o_2'.
Generating RTLIL representation for module `\sky130_fd_sc_hd__a32o_4'.
Generating RTLIL representation for module `\sky130_fd_sc_hd__a32oi_1'.
Generating RTLIL representation for module `\sky130_fd_sc_hd__a32oi_2'.
Generating RTLIL representation for module `\sky130_fd_sc_hd__a32oi_4'.
Generating RTLIL representation for module `\sky130_fd_sc_hd__a41o_1'.
Generating RTLIL representation for module `\sky130_fd_sc_hd__a41o_2'.
Generating RTLIL representation for module `\sky130_fd_sc_hd__a41o_4'.
Generating RTLIL representation for module `\sky130_fd_sc_hd__a41oi_1'.
Generating RTLIL representation for module `\sky130_fd_sc_hd__a41oi_2'.
Generating RTLIL representation for module `\sky130_fd_sc_hd__a41oi_4'.
Generating RTLIL representation for module `\sky130_fd_sc_hd__and2_0'.
Generating RTLIL representation for module `\sky130_fd_sc_hd__and2_1'.
Generating RTLIL representation for module `\sky130_fd_sc_hd__and2_2'.
Generating RTLIL representation for module `\sky130_fd_sc_hd__and2_4'.
Generating RTLIL representation for module `\sky130_fd_sc_hd__and2b_1'.
Generating RTLIL representation for module `\sky130_fd_sc_hd__and2b_2'.
Generating RTLIL representation for module `\sky130_fd_sc_hd__and2b_4'.
Generating RTLIL representation for module `\sky130_fd_sc_hd__and3_1'.
Generating RTLIL representation for module `\sky130_fd_sc_hd__and3_2'.
Generating RTLIL representation for module `\sky130_fd_sc_hd__and3_4'.
Generating RTLIL representation for module `\sky130_fd_sc_hd__and3b_1'.
Generating RTLIL representation for module `\sky130_fd_sc_hd__and3b_2'.
Generating RTLIL representation for module `\sky130_fd_sc_hd__and3b_4'.
Generating RTLIL representation for module `\sky130_fd_sc_hd__and4_1'.
Generating RTLIL representation for module `\sky130_fd_sc_hd__and4_2'.
Generating RTLIL representation for module `\sky130_fd_sc_hd__and4_4'.
Generating RTLIL representation for module `\sky130_fd_sc_hd__and4b_1'.
Generating RTLIL representation for module `\sky130_fd_sc_hd__and4b_2'.
Generating RTLIL representation for module `\sky130_fd_sc_hd__and4b_4'.
Generating RTLIL representation for module `\sky130_fd_sc_hd__and4bb_1'.
Generating RTLIL representation for module `\sky130_fd_sc_hd__and4bb_2'.
Generating RTLIL representation for module `\sky130_fd_sc_hd__and4bb_4'.
Generating RTLIL representation for module `\sky130_fd_sc_hd__buf_1'.
Generating RTLIL representation for module `\sky130_fd_sc_hd__buf_12'.
Generating RTLIL representation for module `\sky130_fd_sc_hd__buf_16'.
Generating RTLIL representation for module `\sky130_fd_sc_hd__buf_2'.
Generating RTLIL representation for module `\sky130_fd_sc_hd__buf_4'.
Generating RTLIL representation for module `\sky130_fd_sc_hd__buf_6'.
Generating RTLIL representation for module `\sky130_fd_sc_hd__buf_8'.
Generating RTLIL representation for module `\sky130_fd_sc_hd__bufbuf_16'.
Generating RTLIL representation for module `\sky130_fd_sc_hd__bufbuf_8'.
Generating RTLIL representation for module `\sky130_fd_sc_hd__bufinv_16'.
Generating RTLIL representation for module `\sky130_fd_sc_hd__bufinv_8'.
Generating RTLIL representation for module `\sky130_fd_sc_hd__clkbuf_1'.
Generating RTLIL representation for module `\sky130_fd_sc_hd__clkbuf_16'.
Generating RTLIL representation for module `\sky130_fd_sc_hd__clkbuf_2'.
Generating RTLIL representation for module `\sky130_fd_sc_hd__clkbuf_4'.
Generating RTLIL representation for module `\sky130_fd_sc_hd__clkbuf_8'.
Generating RTLIL representation for module `\sky130_fd_sc_hd__clkdlybuf4s15_1'.
Generating RTLIL representation for module `\sky130_fd_sc_hd__clkdlybuf4s15_2'.
Generating RTLIL representation for module `\sky130_fd_sc_hd__clkdlybuf4s18_1'.
Generating RTLIL representation for module `\sky130_fd_sc_hd__clkdlybuf4s18_2'.
Generating RTLIL representation for module `\sky130_fd_sc_hd__clkdlybuf4s25_1'.
Generating RTLIL representation for module `\sky130_fd_sc_hd__clkdlybuf4s25_2'.
Generating RTLIL representation for module `\sky130_fd_sc_hd__clkdlybuf4s50_1'.
Generating RTLIL representation for module `\sky130_fd_sc_hd__clkdlybuf4s50_2'.
Generating RTLIL representation for module `\sky130_fd_sc_hd__clkinv_1'.
Generating RTLIL representation for module `\sky130_fd_sc_hd__clkinv_16'.
Generating RTLIL representation for module `\sky130_fd_sc_hd__clkinv_2'.
Generating RTLIL representation for module `\sky130_fd_sc_hd__clkinv_4'.
Generating RTLIL representation for module `\sky130_fd_sc_hd__clkinv_8'.
Generating RTLIL representation for module `\sky130_fd_sc_hd__clkinvlp_2'.
Generating RTLIL representation for module `\sky130_fd_sc_hd__clkinvlp_4'.
Generating RTLIL representation for module `\sky130_fd_sc_hd__conb_1'.
Generating RTLIL representation for module `\sky130_fd_sc_hd__decap_12'.
Generating RTLIL representation for module `\sky130_fd_sc_hd__decap_3'.
Generating RTLIL representation for module `\sky130_fd_sc_hd__decap_4'.
Generating RTLIL representation for module `\sky130_fd_sc_hd__decap_6'.
Generating RTLIL representation for module `\sky130_fd_sc_hd__decap_8'.
Generating RTLIL representation for module `\sky130_fd_sc_hd__dfbbn_1'.
Generating RTLIL representation for module `\sky130_fd_sc_hd__dfbbn_2'.
Generating RTLIL representation for module `\sky130_fd_sc_hd__dfbbp_1'.
Generating RTLIL representation for module `\sky130_fd_sc_hd__dfrbp_1'.
Generating RTLIL representation for module `\sky130_fd_sc_hd__dfrbp_2'.
Generating RTLIL representation for module `\sky130_fd_sc_hd__dfrtn_1'.
Generating RTLIL representation for module `\sky130_fd_sc_hd__dfrtp_1'.
Generating RTLIL representation for module `\sky130_fd_sc_hd__dfrtp_2'.
Generating RTLIL representation for module `\sky130_fd_sc_hd__dfrtp_4'.
Generating RTLIL representation for module `\sky130_fd_sc_hd__dfsbp_1'.
Generating RTLIL representation for module `\sky130_fd_sc_hd__dfsbp_2'.
Generating RTLIL representation for module `\sky130_fd_sc_hd__dfstp_1'.
Generating RTLIL representation for module `\sky130_fd_sc_hd__dfstp_2'.
Generating RTLIL representation for module `\sky130_fd_sc_hd__dfstp_4'.
Generating RTLIL representation for module `\sky130_fd_sc_hd__dfxbp_1'.
Generating RTLIL representation for module `\sky130_fd_sc_hd__dfxbp_2'.
Generating RTLIL representation for module `\sky130_fd_sc_hd__dfxtp_1'.
Generating RTLIL representation for module `\sky130_fd_sc_hd__dfxtp_2'.
Generating RTLIL representation for module `\sky130_fd_sc_hd__dfxtp_4'.
Generating RTLIL representation for module `\sky130_fd_sc_hd__diode_2'.
Generating RTLIL representation for module `\sky130_fd_sc_hd__dlclkp_1'.
Generating RTLIL representation for module `\sky130_fd_sc_hd__dlclkp_2'.
Generating RTLIL representation for module `\sky130_fd_sc_hd__dlclkp_4'.
Generating RTLIL representation for module `\sky130_fd_sc_hd__dlrbn_1'.
Generating RTLIL representation for module `\sky130_fd_sc_hd__dlrbn_2'.
Generating RTLIL representation for module `\sky130_fd_sc_hd__dlrbp_1'.
Generating RTLIL representation for module `\sky130_fd_sc_hd__dlrbp_2'.
Generating RTLIL representation for module `\sky130_fd_sc_hd__dlrtn_1'.
Generating RTLIL representation for module `\sky130_fd_sc_hd__dlrtn_2'.
Generating RTLIL representation for module `\sky130_fd_sc_hd__dlrtn_4'.
Generating RTLIL representation for module `\sky130_fd_sc_hd__dlrtp_1'.
Generating RTLIL representation for module `\sky130_fd_sc_hd__dlrtp_2'.
Generating RTLIL representation for module `\sky130_fd_sc_hd__dlrtp_4'.
Generating RTLIL representation for module `\sky130_fd_sc_hd__dlxbn_1'.
Generating RTLIL representation for module `\sky130_fd_sc_hd__dlxbn_2'.
Generating RTLIL representation for module `\sky130_fd_sc_hd__dlxbp_1'.
Generating RTLIL representation for module `\sky130_fd_sc_hd__dlxtn_1'.
Generating RTLIL representation for module `\sky130_fd_sc_hd__dlxtn_2'.
Generating RTLIL representation for module `\sky130_fd_sc_hd__dlxtn_4'.
Generating RTLIL representation for module `\sky130_fd_sc_hd__dlxtp_1'.
Generating RTLIL representation for module `\sky130_fd_sc_hd__dlygate4sd1_1'.
Generating RTLIL representation for module `\sky130_fd_sc_hd__dlygate4sd2_1'.
Generating RTLIL representation for module `\sky130_fd_sc_hd__dlygate4sd3_1'.
Generating RTLIL representation for module `\sky130_fd_sc_hd__dlymetal6s2s_1'.
Generating RTLIL representation for module `\sky130_fd_sc_hd__dlymetal6s4s_1'.
Generating RTLIL representation for module `\sky130_fd_sc_hd__dlymetal6s6s_1'.
Generating RTLIL representation for module `\sky130_fd_sc_hd__ebufn_1'.
Generating RTLIL representation for module `\sky130_fd_sc_hd__ebufn_2'.
Generating RTLIL representation for module `\sky130_fd_sc_hd__ebufn_4'.
Generating RTLIL representation for module `\sky130_fd_sc_hd__ebufn_8'.
Generating RTLIL representation for module `\sky130_fd_sc_hd__edfxbp_1'.
Generating RTLIL representation for module `\sky130_fd_sc_hd__edfxtp_1'.
Generating RTLIL representation for module `\sky130_fd_sc_hd__einvn_0'.
Generating RTLIL representation for module `\sky130_fd_sc_hd__einvn_1'.
Generating RTLIL representation for module `\sky130_fd_sc_hd__einvn_2'.
Generating RTLIL representation for module `\sky130_fd_sc_hd__einvn_4'.
Generating RTLIL representation for module `\sky130_fd_sc_hd__einvn_8'.
Generating RTLIL representation for module `\sky130_fd_sc_hd__einvp_1'.
Generating RTLIL representation for module `\sky130_fd_sc_hd__einvp_2'.
Generating RTLIL representation for module `\sky130_fd_sc_hd__einvp_4'.
Generating RTLIL representation for module `\sky130_fd_sc_hd__einvp_8'.
Generating RTLIL representation for module `\sky130_fd_sc_hd__fa_1'.
Generating RTLIL representation for module `\sky130_fd_sc_hd__fa_2'.
Generating RTLIL representation for module `\sky130_fd_sc_hd__fa_4'.
Generating RTLIL representation for module `\sky130_fd_sc_hd__fah_1'.
Generating RTLIL representation for module `\sky130_fd_sc_hd__fahcin_1'.
Generating RTLIL representation for module `\sky130_fd_sc_hd__fahcon_1'.
Generating RTLIL representation for module `\sky130_fd_sc_hd__fill_1'.
Generating RTLIL representation for module `\sky130_fd_sc_hd__fill_2'.
Generating RTLIL representation for module `\sky130_fd_sc_hd__fill_4'.
Generating RTLIL representation for module `\sky130_fd_sc_hd__fill_8'.
Generating RTLIL representation for module `\sky130_fd_sc_hd__ha_1'.
Generating RTLIL representation for module `\sky130_fd_sc_hd__ha_2'.
Generating RTLIL representation for module `\sky130_fd_sc_hd__ha_4'.
Generating RTLIL representation for module `\sky130_fd_sc_hd__inv_1'.
Generating RTLIL representation for module `\sky130_fd_sc_hd__inv_12'.
Generating RTLIL representation for module `\sky130_fd_sc_hd__inv_16'.
Generating RTLIL representation for module `\sky130_fd_sc_hd__inv_2'.
Generating RTLIL representation for module `\sky130_fd_sc_hd__inv_4'.
Generating RTLIL representation for module `\sky130_fd_sc_hd__inv_6'.
Generating RTLIL representation for module `\sky130_fd_sc_hd__inv_8'.
Generating RTLIL representation for module `\sky130_fd_sc_hd__lpflow_bleeder_1'.
Generating RTLIL representation for module `\sky130_fd_sc_hd__lpflow_clkbufkapwr_1'.
Generating RTLIL representation for module `\sky130_fd_sc_hd__lpflow_clkbufkapwr_16'.
Generating RTLIL representation for module `\sky130_fd_sc_hd__lpflow_clkbufkapwr_2'.
Generating RTLIL representation for module `\sky130_fd_sc_hd__lpflow_clkbufkapwr_4'.
Generating RTLIL representation for module `\sky130_fd_sc_hd__lpflow_clkbufkapwr_8'.
Generating RTLIL representation for module `\sky130_fd_sc_hd__lpflow_clkinvkapwr_1'.
Generating RTLIL representation for module `\sky130_fd_sc_hd__lpflow_clkinvkapwr_16'.
Generating RTLIL representation for module `\sky130_fd_sc_hd__lpflow_clkinvkapwr_2'.
Generating RTLIL representation for module `\sky130_fd_sc_hd__lpflow_clkinvkapwr_4'.
Generating RTLIL representation for module `\sky130_fd_sc_hd__lpflow_clkinvkapwr_8'.
Generating RTLIL representation for module `\sky130_fd_sc_hd__lpflow_decapkapwr_12'.
Generating RTLIL representation for module `\sky130_fd_sc_hd__lpflow_decapkapwr_3'.
Generating RTLIL representation for module `\sky130_fd_sc_hd__lpflow_decapkapwr_4'.
Generating RTLIL representation for module `\sky130_fd_sc_hd__lpflow_decapkapwr_6'.
Generating RTLIL representation for module `\sky130_fd_sc_hd__lpflow_decapkapwr_8'.
Generating RTLIL representation for module `\sky130_fd_sc_hd__lpflow_inputiso0n_1'.
Generating RTLIL representation for module `\sky130_fd_sc_hd__lpflow_inputiso0p_1'.
Generating RTLIL representation for module `\sky130_fd_sc_hd__lpflow_inputiso1n_1'.
Generating RTLIL representation for module `\sky130_fd_sc_hd__lpflow_inputiso1p_1'.
Generating RTLIL representation for module `\sky130_fd_sc_hd__lpflow_inputisolatch_1'.
Generating RTLIL representation for module `\sky130_fd_sc_hd__lpflow_isobufsrc_1'.
Generating RTLIL representation for module `\sky130_fd_sc_hd__lpflow_isobufsrc_16'.
Generating RTLIL representation for module `\sky130_fd_sc_hd__lpflow_isobufsrc_2'.
Generating RTLIL representation for module `\sky130_fd_sc_hd__lpflow_isobufsrc_4'.
Generating RTLIL representation for module `\sky130_fd_sc_hd__lpflow_isobufsrc_8'.
Generating RTLIL representation for module `\sky130_fd_sc_hd__lpflow_isobufsrckapwr_16'.
Generating RTLIL representation for module `\sky130_fd_sc_hd__lpflow_lsbuf_lh_hl_isowell_tap_1'.
Generating RTLIL representation for module `\sky130_fd_sc_hd__lpflow_lsbuf_lh_hl_isowell_tap_2'.
Generating RTLIL representation for module `\sky130_fd_sc_hd__lpflow_lsbuf_lh_hl_isowell_tap_4'.
Generating RTLIL representation for module `\sky130_fd_sc_hd__lpflow_lsbuf_lh_isowell_4'.
Generating RTLIL representation for module `\sky130_fd_sc_hd__lpflow_lsbuf_lh_isowell_tap_1'.
Generating RTLIL representation for module `\sky130_fd_sc_hd__lpflow_lsbuf_lh_isowell_tap_2'.
Generating RTLIL representation for module `\sky130_fd_sc_hd__lpflow_lsbuf_lh_isowell_tap_4'.
Generating RTLIL representation for module `\sky130_fd_sc_hd__macro_sparecell'.
Generating RTLIL representation for module `\sky130_fd_sc_hd__maj3_1'.
Generating RTLIL representation for module `\sky130_fd_sc_hd__maj3_2'.
Generating RTLIL representation for module `\sky130_fd_sc_hd__maj3_4'.
Generating RTLIL representation for module `\sky130_fd_sc_hd__mux2_1'.
Generating RTLIL representation for module `\sky130_fd_sc_hd__mux2_2'.
Generating RTLIL representation for module `\sky130_fd_sc_hd__mux2_4'.
Generating RTLIL representation for module `\sky130_fd_sc_hd__mux2_8'.
Generating RTLIL representation for module `\sky130_fd_sc_hd__mux2i_1'.
Generating RTLIL representation for module `\sky130_fd_sc_hd__mux2i_2'.
Generating RTLIL representation for module `\sky130_fd_sc_hd__mux2i_4'.
Generating RTLIL representation for module `\sky130_fd_sc_hd__mux4_1'.
Generating RTLIL representation for module `\sky130_fd_sc_hd__mux4_2'.
Generating RTLIL representation for module `\sky130_fd_sc_hd__mux4_4'.
Generating RTLIL representation for module `\sky130_fd_sc_hd__nand2_1'.
Generating RTLIL representation for module `\sky130_fd_sc_hd__nand2_2'.
Generating RTLIL representation for module `\sky130_fd_sc_hd__nand2_4'.
Generating RTLIL representation for module `\sky130_fd_sc_hd__nand2_8'.
Generating RTLIL representation for module `\sky130_fd_sc_hd__nand2b_1'.
Generating RTLIL representation for module `\sky130_fd_sc_hd__nand2b_2'.
Generating RTLIL representation for module `\sky130_fd_sc_hd__nand2b_4'.
Generating RTLIL representation for module `\sky130_fd_sc_hd__nand3_1'.
Generating RTLIL representation for module `\sky130_fd_sc_hd__nand3_2'.
Generating RTLIL representation for module `\sky130_fd_sc_hd__nand3_4'.
Generating RTLIL representation for module `\sky130_fd_sc_hd__nand3b_1'.
Generating RTLIL representation for module `\sky130_fd_sc_hd__nand3b_2'.
Generating RTLIL representation for module `\sky130_fd_sc_hd__nand3b_4'.
Generating RTLIL representation for module `\sky130_fd_sc_hd__nand4_1'.
Generating RTLIL representation for module `\sky130_fd_sc_hd__nand4_2'.
Generating RTLIL representation for module `\sky130_fd_sc_hd__nand4_4'.
Generating RTLIL representation for module `\sky130_fd_sc_hd__nand4b_1'.
Generating RTLIL representation for module `\sky130_fd_sc_hd__nand4b_2'.
Generating RTLIL representation for module `\sky130_fd_sc_hd__nand4b_4'.
Generating RTLIL representation for module `\sky130_fd_sc_hd__nand4bb_1'.
Generating RTLIL representation for module `\sky130_fd_sc_hd__nand4bb_2'.
Generating RTLIL representation for module `\sky130_fd_sc_hd__nand4bb_4'.
Generating RTLIL representation for module `\sky130_fd_sc_hd__nor2_1'.
Generating RTLIL representation for module `\sky130_fd_sc_hd__nor2_2'.
Generating RTLIL representation for module `\sky130_fd_sc_hd__nor2_4'.
Generating RTLIL representation for module `\sky130_fd_sc_hd__nor2_8'.
Generating RTLIL representation for module `\sky130_fd_sc_hd__nor2b_1'.
Generating RTLIL representation for module `\sky130_fd_sc_hd__nor2b_2'.
Generating RTLIL representation for module `\sky130_fd_sc_hd__nor2b_4'.
Generating RTLIL representation for module `\sky130_fd_sc_hd__nor3_1'.
Generating RTLIL representation for module `\sky130_fd_sc_hd__nor3_2'.
Generating RTLIL representation for module `\sky130_fd_sc_hd__nor3_4'.
Generating RTLIL representation for module `\sky130_fd_sc_hd__nor3b_1'.
Generating RTLIL representation for module `\sky130_fd_sc_hd__nor3b_2'.
Generating RTLIL representation for module `\sky130_fd_sc_hd__nor3b_4'.
Generating RTLIL representation for module `\sky130_fd_sc_hd__nor4_1'.
Generating RTLIL representation for module `\sky130_fd_sc_hd__nor4_2'.
Generating RTLIL representation for module `\sky130_fd_sc_hd__nor4_4'.
Generating RTLIL representation for module `\sky130_fd_sc_hd__nor4b_1'.
Generating RTLIL representation for module `\sky130_fd_sc_hd__nor4b_2'.
Generating RTLIL representation for module `\sky130_fd_sc_hd__nor4b_4'.
Generating RTLIL representation for module `\sky130_fd_sc_hd__nor4bb_1'.
Generating RTLIL representation for module `\sky130_fd_sc_hd__nor4bb_2'.
Generating RTLIL representation for module `\sky130_fd_sc_hd__nor4bb_4'.
Generating RTLIL representation for module `\sky130_fd_sc_hd__o2111a_1'.
Generating RTLIL representation for module `\sky130_fd_sc_hd__o2111a_2'.
Generating RTLIL representation for module `\sky130_fd_sc_hd__o2111a_4'.
Generating RTLIL representation for module `\sky130_fd_sc_hd__o2111ai_1'.
Generating RTLIL representation for module `\sky130_fd_sc_hd__o2111ai_2'.
Generating RTLIL representation for module `\sky130_fd_sc_hd__o2111ai_4'.
Generating RTLIL representation for module `\sky130_fd_sc_hd__o211a_1'.
Generating RTLIL representation for module `\sky130_fd_sc_hd__o211a_2'.
Generating RTLIL representation for module `\sky130_fd_sc_hd__o211a_4'.
Generating RTLIL representation for module `\sky130_fd_sc_hd__o211ai_1'.
Generating RTLIL representation for module `\sky130_fd_sc_hd__o211ai_2'.
Generating RTLIL representation for module `\sky130_fd_sc_hd__o211ai_4'.
Generating RTLIL representation for module `\sky130_fd_sc_hd__o21a_1'.
Generating RTLIL representation for module `\sky130_fd_sc_hd__o21a_2'.
Generating RTLIL representation for module `\sky130_fd_sc_hd__o21a_4'.
Generating RTLIL representation for module `\sky130_fd_sc_hd__o21ai_0'.
Generating RTLIL representation for module `\sky130_fd_sc_hd__o21ai_1'.
Generating RTLIL representation for module `\sky130_fd_sc_hd__o21ai_2'.
Generating RTLIL representation for module `\sky130_fd_sc_hd__o21ai_4'.
Generating RTLIL representation for module `\sky130_fd_sc_hd__o21ba_1'.
Generating RTLIL representation for module `\sky130_fd_sc_hd__o21ba_2'.
Generating RTLIL representation for module `\sky130_fd_sc_hd__o21ba_4'.
Generating RTLIL representation for module `\sky130_fd_sc_hd__o21bai_1'.
Generating RTLIL representation for module `\sky130_fd_sc_hd__o21bai_2'.
Generating RTLIL representation for module `\sky130_fd_sc_hd__o21bai_4'.
Generating RTLIL representation for module `\sky130_fd_sc_hd__o221a_1'.
Generating RTLIL representation for module `\sky130_fd_sc_hd__o221a_2'.
Generating RTLIL representation for module `\sky130_fd_sc_hd__o221a_4'.
Generating RTLIL representation for module `\sky130_fd_sc_hd__o221ai_1'.
Generating RTLIL representation for module `\sky130_fd_sc_hd__o221ai_2'.
Generating RTLIL representation for module `\sky130_fd_sc_hd__o221ai_4'.
Generating RTLIL representation for module `\sky130_fd_sc_hd__o22a_1'.
Generating RTLIL representation for module `\sky130_fd_sc_hd__o22a_2'.
Generating RTLIL representation for module `\sky130_fd_sc_hd__o22a_4'.
Generating RTLIL representation for module `\sky130_fd_sc_hd__o22ai_1'.
Generating RTLIL representation for module `\sky130_fd_sc_hd__o22ai_2'.
Generating RTLIL representation for module `\sky130_fd_sc_hd__o22ai_4'.
Generating RTLIL representation for module `\sky130_fd_sc_hd__o2bb2a_1'.
Generating RTLIL representation for module `\sky130_fd_sc_hd__o2bb2a_2'.
Generating RTLIL representation for module `\sky130_fd_sc_hd__o2bb2a_4'.
Generating RTLIL representation for module `\sky130_fd_sc_hd__o2bb2ai_1'.
Generating RTLIL representation for module `\sky130_fd_sc_hd__o2bb2ai_2'.
Generating RTLIL representation for module `\sky130_fd_sc_hd__o2bb2ai_4'.
Generating RTLIL representation for module `\sky130_fd_sc_hd__o311a_1'.
Generating RTLIL representation for module `\sky130_fd_sc_hd__o311a_2'.
Generating RTLIL representation for module `\sky130_fd_sc_hd__o311a_4'.
Generating RTLIL representation for module `\sky130_fd_sc_hd__o311ai_0'.
Generating RTLIL representation for module `\sky130_fd_sc_hd__o311ai_1'.
Generating RTLIL representation for module `\sky130_fd_sc_hd__o311ai_2'.
Generating RTLIL representation for module `\sky130_fd_sc_hd__o311ai_4'.
Generating RTLIL representation for module `\sky130_fd_sc_hd__o31a_1'.
Generating RTLIL representation for module `\sky130_fd_sc_hd__o31a_2'.
Generating RTLIL representation for module `\sky130_fd_sc_hd__o31a_4'.
Generating RTLIL representation for module `\sky130_fd_sc_hd__o31ai_1'.
Generating RTLIL representation for module `\sky130_fd_sc_hd__o31ai_2'.
Generating RTLIL representation for module `\sky130_fd_sc_hd__o31ai_4'.
Generating RTLIL representation for module `\sky130_fd_sc_hd__o32a_1'.
Generating RTLIL representation for module `\sky130_fd_sc_hd__o32a_2'.
Generating RTLIL representation for module `\sky130_fd_sc_hd__o32a_4'.
Generating RTLIL representation for module `\sky130_fd_sc_hd__o32ai_1'.
Generating RTLIL representation for module `\sky130_fd_sc_hd__o32ai_2'.
Generating RTLIL representation for module `\sky130_fd_sc_hd__o32ai_4'.
Generating RTLIL representation for module `\sky130_fd_sc_hd__o41a_1'.
Generating RTLIL representation for module `\sky130_fd_sc_hd__o41a_2'.
Generating RTLIL representation for module `\sky130_fd_sc_hd__o41a_4'.
Generating RTLIL representation for module `\sky130_fd_sc_hd__o41ai_1'.
Generating RTLIL representation for module `\sky130_fd_sc_hd__o41ai_2'.
Generating RTLIL representation for module `\sky130_fd_sc_hd__o41ai_4'.
Generating RTLIL representation for module `\sky130_fd_sc_hd__or2_0'.
Generating RTLIL representation for module `\sky130_fd_sc_hd__or2_1'.
Generating RTLIL representation for module `\sky130_fd_sc_hd__or2_2'.
Generating RTLIL representation for module `\sky130_fd_sc_hd__or2_4'.
Generating RTLIL representation for module `\sky130_fd_sc_hd__or2b_1'.
Generating RTLIL representation for module `\sky130_fd_sc_hd__or2b_2'.
Generating RTLIL representation for module `\sky130_fd_sc_hd__or2b_4'.
Generating RTLIL representation for module `\sky130_fd_sc_hd__or3_1'.
Generating RTLIL representation for module `\sky130_fd_sc_hd__or3_2'.
Generating RTLIL representation for module `\sky130_fd_sc_hd__or3_4'.
Generating RTLIL representation for module `\sky130_fd_sc_hd__or3b_1'.
Generating RTLIL representation for module `\sky130_fd_sc_hd__or3b_2'.
Generating RTLIL representation for module `\sky130_fd_sc_hd__or3b_4'.
Generating RTLIL representation for module `\sky130_fd_sc_hd__or4_1'.
Generating RTLIL representation for module `\sky130_fd_sc_hd__or4_2'.
Generating RTLIL representation for module `\sky130_fd_sc_hd__or4_4'.
Generating RTLIL representation for module `\sky130_fd_sc_hd__or4b_1'.
Generating RTLIL representation for module `\sky130_fd_sc_hd__or4b_2'.
Generating RTLIL representation for module `\sky130_fd_sc_hd__or4b_4'.
Generating RTLIL representation for module `\sky130_fd_sc_hd__or4bb_1'.
Generating RTLIL representation for module `\sky130_fd_sc_hd__or4bb_2'.
Generating RTLIL representation for module `\sky130_fd_sc_hd__or4bb_4'.
Generating RTLIL representation for module `\sky130_fd_sc_hd__probe_p_8'.
Generating RTLIL representation for module `\sky130_fd_sc_hd__probec_p_8'.
Generating RTLIL representation for module `\sky130_fd_sc_hd__sdfbbn_1'.
Generating RTLIL representation for module `\sky130_fd_sc_hd__sdfbbn_2'.
Generating RTLIL representation for module `\sky130_fd_sc_hd__sdfbbp_1'.
Generating RTLIL representation for module `\sky130_fd_sc_hd__sdfrbp_1'.
Generating RTLIL representation for module `\sky130_fd_sc_hd__sdfrbp_2'.
Generating RTLIL representation for module `\sky130_fd_sc_hd__sdfrtn_1'.
Generating RTLIL representation for module `\sky130_fd_sc_hd__sdfrtp_1'.
Generating RTLIL representation for module `\sky130_fd_sc_hd__sdfrtp_2'.
Generating RTLIL representation for module `\sky130_fd_sc_hd__sdfrtp_4'.
Generating RTLIL representation for module `\sky130_fd_sc_hd__sdfsbp_1'.
Generating RTLIL representation for module `\sky130_fd_sc_hd__sdfsbp_2'.
Generating RTLIL representation for module `\sky130_fd_sc_hd__sdfstp_1'.
Generating RTLIL representation for module `\sky130_fd_sc_hd__sdfstp_2'.
Generating RTLIL representation for module `\sky130_fd_sc_hd__sdfstp_4'.
Generating RTLIL representation for module `\sky130_fd_sc_hd__sdfxbp_1'.
Generating RTLIL representation for module `\sky130_fd_sc_hd__sdfxbp_2'.
Generating RTLIL representation for module `\sky130_fd_sc_hd__sdfxtp_1'.
Generating RTLIL representation for module `\sky130_fd_sc_hd__sdfxtp_2'.
Generating RTLIL representation for module `\sky130_fd_sc_hd__sdfxtp_4'.
Generating RTLIL representation for module `\sky130_fd_sc_hd__sdlclkp_1'.
Generating RTLIL representation for module `\sky130_fd_sc_hd__sdlclkp_2'.
Generating RTLIL representation for module `\sky130_fd_sc_hd__sdlclkp_4'.
Generating RTLIL representation for module `\sky130_fd_sc_hd__sedfxbp_1'.
Generating RTLIL representation for module `\sky130_fd_sc_hd__sedfxbp_2'.
Generating RTLIL representation for module `\sky130_fd_sc_hd__sedfxtp_1'.
Generating RTLIL representation for module `\sky130_fd_sc_hd__sedfxtp_2'.
Generating RTLIL representation for module `\sky130_fd_sc_hd__sedfxtp_4'.
Generating RTLIL representation for module `\sky130_fd_sc_hd__tap_1'.
Generating RTLIL representation for module `\sky130_fd_sc_hd__tap_2'.
Generating RTLIL representation for module `\sky130_fd_sc_hd__tapvgnd2_1'.
Generating RTLIL representation for module `\sky130_fd_sc_hd__tapvgnd_1'.
Generating RTLIL representation for module `\sky130_fd_sc_hd__tapvpwrvgnd_1'.
Generating RTLIL representation for module `\sky130_fd_sc_hd__xnor2_1'.
Generating RTLIL representation for module `\sky130_fd_sc_hd__xnor2_2'.
Generating RTLIL representation for module `\sky130_fd_sc_hd__xnor2_4'.
Generating RTLIL representation for module `\sky130_fd_sc_hd__xnor3_1'.
Generating RTLIL representation for module `\sky130_fd_sc_hd__xnor3_2'.
Generating RTLIL representation for module `\sky130_fd_sc_hd__xnor3_4'.
Generating RTLIL representation for module `\sky130_fd_sc_hd__xor2_1'.
Generating RTLIL representation for module `\sky130_fd_sc_hd__xor2_2'.
Generating RTLIL representation for module `\sky130_fd_sc_hd__xor2_4'.
Generating RTLIL representation for module `\sky130_fd_sc_hd__xor3_1'.
Generating RTLIL representation for module `\sky130_fd_sc_hd__xor3_2'.
Generating RTLIL representation for module `\sky130_fd_sc_hd__xor3_4'.
Successfully finished Verilog frontend.

2. Executing Verilog-2005 frontend: /home/ubuntu/Flow-Guard/designs/flowguard_stress/src/tt_um_flowguard_stress.sv
Parsing SystemVerilog input from `/home/ubuntu/Flow-Guard/designs/flowguard_stress/src/tt_um_flowguard_stress.sv' to AST representation.
Storing AST representation for module `$abstract\flowguard_cla4'.
Storing AST representation for module `$abstract\flowguard_cla20'.
Storing AST representation for module `$abstract\tt_um_flowguard_stress'.
Successfully finished Verilog frontend.

3. Executing HIERARCHY pass (managing design hierarchy).

4. Executing AST frontend in derive mode using pre-parsed AST for module `\tt_um_flowguard_stress'.
Generating RTLIL representation for module `\tt_um_flowguard_stress'.

4.1. Analyzing design hierarchy..
Top module:  \tt_um_flowguard_stress

4.2. Executing AST frontend in derive mode using pre-parsed AST for module `\flowguard_cla20'.
Generating RTLIL representation for module `\flowguard_cla20'.

4.3. Analyzing design hierarchy..
Top module:  \tt_um_flowguard_stress
Used module:     \flowguard_cla20

4.4. Executing AST frontend in derive mode using pre-parsed AST for module `\flowguard_cla4'.
Generating RTLIL representation for module `\flowguard_cla4'.
Reprocessing module flowguard_cla20 because instantiated module flowguard_cla4 has become available.
Generating RTLIL representation for module `\flowguard_cla20'.

4.5. Analyzing design hierarchy..
Top module:  \tt_um_flowguard_stress
Used module:     \flowguard_cla20
Used module:         \flowguard_cla4

4.6. Analyzing design hierarchy..
Top module:  \tt_um_flowguard_stress
Used module:     \flowguard_cla20
Used module:         \flowguard_cla4
Removing unused module `$abstract\tt_um_flowguard_stress'.
Removing unused module `$abstract\flowguard_cla20'.
Removing unused module `$abstract\flowguard_cla4'.
Removed 3 unused modules.
Renaming module tt_um_flowguard_stress to tt_um_flowguard_stress.

5. Executing PROC pass (convert processes to netlists).

5.1. Executing PROC_CLEAN pass (remove empty switches from decision trees).
Cleaned up 0 empty switches.

5.2. Executing PROC_RMDEAD pass (remove dead branches from decision trees).
Marked 8 switch rules as full_case in process $proc$/home/ubuntu/Flow-Guard/designs/flowguard_stress/src/tt_um_flowguard_stress.sv:116$14 in module tt_um_flowguard_stress.
Removed a total of 0 dead cases.

5.3. Executing PROC_PRUNE pass (remove redundant assignments in processes).
Removed 1 redundant assignment.
Promoted 4 assignments to connections.

5.4. Executing PROC_INIT pass (extract init attributes).

5.5. Executing PROC_ARST pass (detect async resets in processes).
Found async reset \rst_n in `\tt_um_flowguard_stress.$proc$/home/ubuntu/Flow-Guard/designs/flowguard_stress/src/tt_um_flowguard_stress.sv:116$14'.

5.6. Executing PROC_ROM pass (convert switches to ROMs).
Converted 0 switches.
<suppressed ~8 debug messages>

5.7. Executing PROC_MUX pass (convert decision trees to multiplexers).
Creating decoders for process `\tt_um_flowguard_stress.$proc$/home/ubuntu/Flow-Guard/designs/flowguard_stress/src/tt_um_flowguard_stress.sv:116$14'.
     1/54: $5\select_coefficient$func$/home/ubuntu/Flow-Guard/designs/flowguard_stress/src/tt_um_flowguard_stress.sv:154$2.$result[7:0]$38
     2/54: $5\select_snapshot$func$/home/ubuntu/Flow-Guard/designs/flowguard_stress/src/tt_um_flowguard_stress.sv:154$1.$result[7:0]$37
     3/54: $4\select_coefficient$func$/home/ubuntu/Flow-Guard/designs/flowguard_stress/src/tt_um_flowguard_stress.sv:154$2.$result[7:0]$35
     4/54: $4\select_coefficient$func$/home/ubuntu/Flow-Guard/designs/flowguard_stress/src/tt_um_flowguard_stress.sv:154$2.index[2:0]$36
     5/54: $4\select_snapshot$func$/home/ubuntu/Flow-Guard/designs/flowguard_stress/src/tt_um_flowguard_stress.sv:154$1.$result[7:0]$33
     6/54: $4\select_snapshot$func$/home/ubuntu/Flow-Guard/designs/flowguard_stress/src/tt_um_flowguard_stress.sv:154$1.index[2:0]$34
     7/54: $3\select_coefficient$func$/home/ubuntu/Flow-Guard/designs/flowguard_stress/src/tt_um_flowguard_stress.sv:154$2.index[2:0]$32
     8/54: $3\select_coefficient$func$/home/ubuntu/Flow-Guard/designs/flowguard_stress/src/tt_um_flowguard_stress.sv:154$2.$result[7:0]$31
     9/54: $3\select_snapshot$func$/home/ubuntu/Flow-Guard/designs/flowguard_stress/src/tt_um_flowguard_stress.sv:154$1.index[2:0]$30
    10/54: $3\select_snapshot$func$/home/ubuntu/Flow-Guard/designs/flowguard_stress/src/tt_um_flowguard_stress.sv:154$1.$result[7:0]$29
    11/54: $2\select_coefficient$func$/home/ubuntu/Flow-Guard/designs/flowguard_stress/src/tt_um_flowguard_stress.sv:154$2.index[2:0]$27
    12/54: $2\select_coefficient$func$/home/ubuntu/Flow-Guard/designs/flowguard_stress/src/tt_um_flowguard_stress.sv:154$2.$result[7:0]$26
    13/54: $2\select_snapshot$func$/home/ubuntu/Flow-Guard/designs/flowguard_stress/src/tt_um_flowguard_stress.sv:154$1.index[2:0]$25
    14/54: $2\select_snapshot$func$/home/ubuntu/Flow-Guard/designs/flowguard_stress/src/tt_um_flowguard_stress.sv:154$1.$result[7:0]$24
    15/54: $1\select_coefficient$func$/home/ubuntu/Flow-Guard/designs/flowguard_stress/src/tt_um_flowguard_stress.sv:154$2.index[2:0]$23
    16/54: $1\select_coefficient$func$/home/ubuntu/Flow-Guard/designs/flowguard_stress/src/tt_um_flowguard_stress.sv:154$2.$result[7:0]$22
    17/54: $1\select_snapshot$func$/home/ubuntu/Flow-Guard/designs/flowguard_stress/src/tt_um_flowguard_stress.sv:154$1.index[2:0]$21
    18/54: $1\select_snapshot$func$/home/ubuntu/Flow-Guard/designs/flowguard_stress/src/tt_um_flowguard_stress.sv:154$1.$result[7:0]$20
    19/54: $0\mac_valid[0:0]
    20/54: $0\mac_busy[0:0]
    21/54: $0\phase[2:0]
    22/54: $0\tap_index[2:0]
    23/54: $0\sample_count[7:0]
    24/54: $0\mac_result[19:0]
    25/54: $0\stage3[19:0]
    26/54: $0\stage2[19:0]
    27/54: $0\stage1[19:0]
    28/54: $0\stage0[19:0]
    29/54: $0\accumulator[19:0]
    30/54: $0\product_reg[15:0]
    31/54: $0\snapshot7[7:0]
    32/54: $0\snapshot6[7:0]
    33/54: $0\snapshot5[7:0]
    34/54: $0\snapshot4[7:0]
    35/54: $0\snapshot3[7:0]
    36/54: $0\snapshot2[7:0]
    37/54: $0\snapshot1[7:0]
    38/54: $0\snapshot0[7:0]
    39/54: $0\coeff7[7:0]
    40/54: $0\coeff6[7:0]
    41/54: $0\coeff5[7:0]
    42/54: $0\coeff4[7:0]
    43/54: $0\coeff3[7:0]
    44/54: $0\coeff2[7:0]
    45/54: $0\coeff1[7:0]
    46/54: $0\coeff0[7:0]
    47/54: $0\window7[7:0]
    48/54: $0\window6[7:0]
    49/54: $0\window5[7:0]
    50/54: $0\window4[7:0]
    51/54: $0\window3[7:0]
    52/54: $0\window2[7:0]
    53/54: $0\window1[7:0]
    54/54: $0\window0[7:0]

5.8. Executing PROC_DLATCH pass (convert process syncs to latches).

5.9. Executing PROC_DFF pass (convert process syncs to FFs).
Creating register for signal `\tt_um_flowguard_stress.\window0' using process `\tt_um_flowguard_stress.$proc$/home/ubuntu/Flow-Guard/designs/flowguard_stress/src/tt_um_flowguard_stress.sv:116$14'.
  created $adff cell `$procdff$497' with positive edge clock and positive level reset.
Creating register for signal `\tt_um_flowguard_stress.\window1' using process `\tt_um_flowguard_stress.$proc$/home/ubuntu/Flow-Guard/designs/flowguard_stress/src/tt_um_flowguard_stress.sv:116$14'.
  created $adff cell `$procdff$502' with positive edge clock and positive level reset.
Creating register for signal `\tt_um_flowguard_stress.\window2' using process `\tt_um_flowguard_stress.$proc$/home/ubuntu/Flow-Guard/designs/flowguard_stress/src/tt_um_flowguard_stress.sv:116$14'.
  created $adff cell `$procdff$507' with positive edge clock and positive level reset.
Creating register for signal `\tt_um_flowguard_stress.\window3' using process `\tt_um_flowguard_stress.$proc$/home/ubuntu/Flow-Guard/designs/flowguard_stress/src/tt_um_flowguard_stress.sv:116$14'.
  created $adff cell `$procdff$512' with positive edge clock and positive level reset.
Creating register for signal `\tt_um_flowguard_stress.\window4' using process `\tt_um_flowguard_stress.$proc$/home/ubuntu/Flow-Guard/designs/flowguard_stress/src/tt_um_flowguard_stress.sv:116$14'.
  created $adff cell `$procdff$517' with positive edge clock and positive level reset.
Creating register for signal `\tt_um_flowguard_stress.\window5' using process `\tt_um_flowguard_stress.$proc$/home/ubuntu/Flow-Guard/designs/flowguard_stress/src/tt_um_flowguard_stress.sv:116$14'.
  created $adff cell `$procdff$522' with positive edge clock and positive level reset.
Creating register for signal `\tt_um_flowguard_stress.\window6' using process `\tt_um_flowguard_stress.$proc$/home/ubuntu/Flow-Guard/designs/flowguard_stress/src/tt_um_flowguard_stress.sv:116$14'.
  created $adff cell `$procdff$527' with positive edge clock and positive level reset.
Creating register for signal `\tt_um_flowguard_stress.\window7' using process `\tt_um_flowguard_stress.$proc$/home/ubuntu/Flow-Guard/designs/flowguard_stress/src/tt_um_flowguard_stress.sv:116$14'.
  created $adff cell `$procdff$532' with positive edge clock and positive level reset.
Creating register for signal `\tt_um_flowguard_stress.\coeff0' using process `\tt_um_flowguard_stress.$proc$/home/ubuntu/Flow-Guard/designs/flowguard_stress/src/tt_um_flowguard_stress.sv:116$14'.
  created $adff cell `$procdff$537' with positive edge clock and positive level reset.
Creating register for signal `\tt_um_flowguard_stress.\coeff1' using process `\tt_um_flowguard_stress.$proc$/home/ubuntu/Flow-Guard/designs/flowguard_stress/src/tt_um_flowguard_stress.sv:116$14'.
  created $adff cell `$procdff$542' with positive edge clock and positive level reset.
Creating register for signal `\tt_um_flowguard_stress.\coeff2' using process `\tt_um_flowguard_stress.$proc$/home/ubuntu/Flow-Guard/designs/flowguard_stress/src/tt_um_flowguard_stress.sv:116$14'.
  created $adff cell `$procdff$547' with positive edge clock and positive level reset.
Creating register for signal `\tt_um_flowguard_stress.\coeff3' using process `\tt_um_flowguard_stress.$proc$/home/ubuntu/Flow-Guard/designs/flowguard_stress/src/tt_um_flowguard_stress.sv:116$14'.
  created $adff cell `$procdff$552' with positive edge clock and positive level reset.
Creating register for signal `\tt_um_flowguard_stress.\coeff4' using process `\tt_um_flowguard_stress.$proc$/home/ubuntu/Flow-Guard/designs/flowguard_stress/src/tt_um_flowguard_stress.sv:116$14'.
  created $adff cell `$procdff$557' with positive edge clock and positive level reset.
Creating register for signal `\tt_um_flowguard_stress.\coeff5' using process `\tt_um_flowguard_stress.$proc$/home/ubuntu/Flow-Guard/designs/flowguard_stress/src/tt_um_flowguard_stress.sv:116$14'.
  created $adff cell `$procdff$562' with positive edge clock and positive level reset.
Creating register for signal `\tt_um_flowguard_stress.\coeff6' using process `\tt_um_flowguard_stress.$proc$/home/ubuntu/Flow-Guard/designs/flowguard_stress/src/tt_um_flowguard_stress.sv:116$14'.
  created $adff cell `$procdff$567' with positive edge clock and positive level reset.
Creating register for signal `\tt_um_flowguard_stress.\coeff7' using process `\tt_um_flowguard_stress.$proc$/home/ubuntu/Flow-Guard/designs/flowguard_stress/src/tt_um_flowguard_stress.sv:116$14'.
  created $adff cell `$procdff$572' with positive edge clock and positive level reset.
Creating register for signal `\tt_um_flowguard_stress.\snapshot0' using process `\tt_um_flowguard_stress.$proc$/home/ubuntu/Flow-Guard/designs/flowguard_stress/src/tt_um_flowguard_stress.sv:116$14'.
  created $adff cell `$procdff$577' with positive edge clock and positive level reset.
Creating register for signal `\tt_um_flowguard_stress.\snapshot1' using process `\tt_um_flowguard_stress.$proc$/home/ubuntu/Flow-Guard/designs/flowguard_stress/src/tt_um_flowguard_stress.sv:116$14'.
  created $adff cell `$procdff$582' with positive edge clock and positive level reset.
Creating register for signal `\tt_um_flowguard_stress.\snapshot2' using process `\tt_um_flowguard_stress.$proc$/home/ubuntu/Flow-Guard/designs/flowguard_stress/src/tt_um_flowguard_stress.sv:116$14'.
  created $adff cell `$procdff$587' with positive edge clock and positive level reset.
Creating register for signal `\tt_um_flowguard_stress.\snapshot3' using process `\tt_um_flowguard_stress.$proc$/home/ubuntu/Flow-Guard/designs/flowguard_stress/src/tt_um_flowguard_stress.sv:116$14'.
  created $adff cell `$procdff$592' with positive edge clock and positive level reset.
Creating register for signal `\tt_um_flowguard_stress.\snapshot4' using process `\tt_um_flowguard_stress.$proc$/home/ubuntu/Flow-Guard/designs/flowguard_stress/src/tt_um_flowguard_stress.sv:116$14'.
  created $adff cell `$procdff$597' with positive edge clock and positive level reset.
Creating register for signal `\tt_um_flowguard_stress.\snapshot5' using process `\tt_um_flowguard_stress.$proc$/home/ubuntu/Flow-Guard/designs/flowguard_stress/src/tt_um_flowguard_stress.sv:116$14'.
  created $adff cell `$procdff$602' with positive edge clock and positive level reset.
Creating register for signal `\tt_um_flowguard_stress.\snapshot6' using process `\tt_um_flowguard_stress.$proc$/home/ubuntu/Flow-Guard/designs/flowguard_stress/src/tt_um_flowguard_stress.sv:116$14'.
  created $adff cell `$procdff$607' with positive edge clock and positive level reset.
Creating register for signal `\tt_um_flowguard_stress.\snapshot7' using process `\tt_um_flowguard_stress.$proc$/home/ubuntu/Flow-Guard/designs/flowguard_stress/src/tt_um_flowguard_stress.sv:116$14'.
  created $adff cell `$procdff$612' with positive edge clock and positive level reset.
Creating register for signal `\tt_um_flowguard_stress.\product_reg' using process `\tt_um_flowguard_stress.$proc$/home/ubuntu/Flow-Guard/designs/flowguard_stress/src/tt_um_flowguard_stress.sv:116$14'.
  created $adff cell `$procdff$617' with positive edge clock and positive level reset.
Creating register for signal `\tt_um_flowguard_stress.\accumulator' using process `\tt_um_flowguard_stress.$proc$/home/ubuntu/Flow-Guard/designs/flowguard_stress/src/tt_um_flowguard_stress.sv:116$14'.
  created $adff cell `$procdff$622' with positive edge clock and positive level reset.
Creating register for signal `\tt_um_flowguard_stress.\stage0' using process `\tt_um_flowguard_stress.$proc$/home/ubuntu/Flow-Guard/designs/flowguard_stress/src/tt_um_flowguard_stress.sv:116$14'.
  created $adff cell `$procdff$627' with positive edge clock and positive level reset.
Creating register for signal `\tt_um_flowguard_stress.\stage1' using process `\tt_um_flowguard_stress.$proc$/home/ubuntu/Flow-Guard/designs/flowguard_stress/src/tt_um_flowguard_stress.sv:116$14'.
  created $adff cell `$procdff$632' with positive edge clock and positive level reset.
Creating register for signal `\tt_um_flowguard_stress.\stage2' using process `\tt_um_flowguard_stress.$proc$/home/ubuntu/Flow-Guard/designs/flowguard_stress/src/tt_um_flowguard_stress.sv:116$14'.
  created $adff cell `$procdff$637' with positive edge clock and positive level reset.
Creating register for signal `\tt_um_flowguard_stress.\stage3' using process `\tt_um_flowguard_stress.$proc$/home/ubuntu/Flow-Guard/designs/flowguard_stress/src/tt_um_flowguard_stress.sv:116$14'.
  created $adff cell `$procdff$642' with positive edge clock and positive level reset.
Creating register for signal `\tt_um_flowguard_stress.\mac_result' using process `\tt_um_flowguard_stress.$proc$/home/ubuntu/Flow-Guard/designs/flowguard_stress/src/tt_um_flowguard_stress.sv:116$14'.
  created $adff cell `$procdff$647' with positive edge clock and positive level reset.
Creating register for signal `\tt_um_flowguard_stress.\sample_count' using process `\tt_um_flowguard_stress.$proc$/home/ubuntu/Flow-Guard/designs/flowguard_stress/src/tt_um_flowguard_stress.sv:116$14'.
  created $adff cell `$procdff$652' with positive edge clock and positive level reset.
Creating register for signal `\tt_um_flowguard_stress.\tap_index' using process `\tt_um_flowguard_stress.$proc$/home/ubuntu/Flow-Guard/designs/flowguard_stress/src/tt_um_flowguard_stress.sv:116$14'.
  created $adff cell `$procdff$657' with positive edge clock and positive level reset.
Creating register for signal `\tt_um_flowguard_stress.\phase' using process `\tt_um_flowguard_stress.$proc$/home/ubuntu/Flow-Guard/designs/flowguard_stress/src/tt_um_flowguard_stress.sv:116$14'.
  created $adff cell `$procdff$662' with positive edge clock and positive level reset.
Creating register for signal `\tt_um_flowguard_stress.\mac_busy' using process `\tt_um_flowguard_stress.$proc$/home/ubuntu/Flow-Guard/designs/flowguard_stress/src/tt_um_flowguard_stress.sv:116$14'.
  created $adff cell `$procdff$667' with positive edge clock and positive level reset.
Creating register for signal `\tt_um_flowguard_stress.\mac_valid' using process `\tt_um_flowguard_stress.$proc$/home/ubuntu/Flow-Guard/designs/flowguard_stress/src/tt_um_flowguard_stress.sv:116$14'.
  created $adff cell `$procdff$672' with positive edge clock and positive level reset.
Creating register for signal `\tt_um_flowguard_stress.\select_snapshot$func$/home/ubuntu/Flow-Guard/designs/flowguard_stress/src/tt_um_flowguard_stress.sv:154$1.$result' using process `\tt_um_flowguard_stress.$proc$/home/ubuntu/Flow-Guard/designs/flowguard_stress/src/tt_um_flowguard_stress.sv:116$14'.
  created $adff cell `$procdff$677' with positive edge clock and positive level reset.
Creating register for signal `\tt_um_flowguard_stress.\select_snapshot$func$/home/ubuntu/Flow-Guard/designs/flowguard_stress/src/tt_um_flowguard_stress.sv:154$1.index' using process `\tt_um_flowguard_stress.$proc$/home/ubuntu/Flow-Guard/designs/flowguard_stress/src/tt_um_flowguard_stress.sv:116$14'.
  created $adff cell `$procdff$682' with positive edge clock and positive level reset.
Creating register for signal `\tt_um_flowguard_stress.\select_coefficient$func$/home/ubuntu/Flow-Guard/designs/flowguard_stress/src/tt_um_flowguard_stress.sv:154$2.$result' using process `\tt_um_flowguard_stress.$proc$/home/ubuntu/Flow-Guard/designs/flowguard_stress/src/tt_um_flowguard_stress.sv:116$14'.
  created $adff cell `$procdff$687' with positive edge clock and positive level reset.
Creating register for signal `\tt_um_flowguard_stress.\select_coefficient$func$/home/ubuntu/Flow-Guard/designs/flowguard_stress/src/tt_um_flowguard_stress.sv:154$2.index' using process `\tt_um_flowguard_stress.$proc$/home/ubuntu/Flow-Guard/designs/flowguard_stress/src/tt_um_flowguard_stress.sv:116$14'.
  created $adff cell `$procdff$692' with positive edge clock and positive level reset.

5.10. Executing PROC_MEMWR pass (convert process memory writes to cells).

5.11. Executing PROC_CLEAN pass (remove empty switches from decision trees).
Found and cleaned up 8 empty switches in `\tt_um_flowguard_stress.$proc$/home/ubuntu/Flow-Guard/designs/flowguard_stress/src/tt_um_flowguard_stress.sv:116$14'.
Removing empty process `tt_um_flowguard_stress.$proc$/home/ubuntu/Flow-Guard/designs/flowguard_stress/src/tt_um_flowguard_stress.sv:116$14'.
Cleaned up 8 empty switches.

5.12. Executing OPT_EXPR pass (perform const folding).
Optimizing module tt_um_flowguard_stress.
<suppressed ~98 debug messages>
Optimizing module flowguard_cla4.
Optimizing module flowguard_cla20.

6. Executing FLATTEN pass (flatten design).
Deleting now unused module flowguard_cla4.
Deleting now unused module flowguard_cla20.
<suppressed ~9 debug messages>

7. Executing OPT_CLEAN pass (remove unused cells and wires).
Finding unused cells or wires in module \tt_um_flowguard_stress..
Removed 167 unused cells and 680 unused wires.
<suppressed ~270 debug messages>
