Clock: clk
Sources: clk 
Generated: no
Virtual: yes
Propagated: no
Period: 20.000000

===========================================================================
report_clock_properties
============================================================================
Clock                   Period          Waveform
----------------------------------------------------
clk                  20.000000    0.000000 10.000000

===========================================================================
report_clock_latency
============================================================================
Clock clk
rise -> rise
    min     max
0.000000 0.000000 source latency
0.517890         network latency _1161_/CLK
        0.585330 network latency _1232_/CLK
---------------
0.517890 0.585330 latency
        0.067441 skew

fall -> fall
    min     max
0.000000 0.000000 source latency
0.485919         network latency _1161_/CLK
        0.546221 network latency _1173_/CLK
---------------
0.485919 0.546221 latency
        0.060302 skew



===========================================================================
report_clock_min_period
============================================================================
clk period_min = 6.85 fmax = 146.01
