
===========================================================================
report_checks -unconstrained
===========================================================================
======================= nom_tt_025C_1v80 Corner ===================================

Startpoint: rst_n (input port clocked by clk)
Endpoint: _1050_ (recovery check against rising-edge clock clk)
Path Group: asynchronous
Path Type: max

Fanout         Cap        Slew       Delay        Time   Description
---------------------------------------------------------------------------------------------
                      0.150000    0.000000    0.000000   clock clk (rise edge)
                                  0.000000    0.000000   clock network delay (ideal)
                                  4.000000    4.000000 ^ input external delay
   202    0.726937    3.254360    2.334211    6.334211 ^ rst_n (in)
                                                         rst_n (net)
                      3.254360    0.000000    6.334211 ^ _1050_/RESET_B (sky130_fd_sc_hd__dfrtp_2)
                                              6.334211   data arrival time

                      0.150000   20.000000   20.000000   clock clk (rise edge)
                                  0.000000   20.000000   clock network delay (ideal)
                                 -0.250000   19.750002   clock uncertainty
                                  0.000000   19.750002   clock reconvergence pessimism
                                             19.750002 ^ _1050_/CLK (sky130_fd_sc_hd__dfrtp_2)
                                 -0.820639   18.929361   library recovery time
                                             18.929361   data required time
---------------------------------------------------------------------------------------------
                                             18.929361   data required time
                                             -6.334211   data arrival time
---------------------------------------------------------------------------------------------
                                             12.595151   slack (MET)


Startpoint: uio_in[1] (input port clocked by clk)
Endpoint: _1237_ (rising edge-triggered flip-flop clocked by clk)
Path Group: clk
Path Type: max

Fanout         Cap        Slew       Delay        Time   Description
---------------------------------------------------------------------------------------------
                      0.150000    0.000000    0.000000   clock clk (rise edge)
                                  0.000000    0.000000   clock network delay (ideal)
                                  4.000000    4.000000 v input external delay
     3    0.007207    0.018830    0.012222    4.012222 v uio_in[1] (in)
                                                         uio_in[1] (net)
                      0.018830    0.000000    4.012222 v _0527_/A_N (sky130_fd_sc_hd__nand3b_2)
     2    0.005539    0.071598    0.202796    4.215017 v _0527_/Y (sky130_fd_sc_hd__nand3b_2)
                                                         _0204_ (net)
                      0.071598    0.000000    4.215017 v _0548_/B (sky130_fd_sc_hd__nor2_2)
    75    0.264599    2.713265    2.112248    6.327266 ^ _0548_/Y (sky130_fd_sc_hd__nor2_2)
                                                         _0218_ (net)
                      2.713265    0.000000    6.327266 ^ _0954_/B (sky130_fd_sc_hd__nor2_2)
    11    0.022480    0.440788    0.263710    6.590976 v _0954_/Y (sky130_fd_sc_hd__nor2_2)
                                                         _0486_ (net)
                      0.440788    0.000000    6.590976 v _1040_/D (sky130_fd_sc_hd__or4_2)
     1    0.001290    0.090103    0.684847    7.275823 v _1040_/X (sky130_fd_sc_hd__or4_2)
                                                         _0523_ (net)
                      0.090103    0.000000    7.275823 v _1041_/B1_N (sky130_fd_sc_hd__a21bo_2)
     1    0.002005    0.038370    0.205578    7.481400 ^ _1041_/X (sky130_fd_sc_hd__a21bo_2)
                                                         _0194_ (net)
                      0.038370    0.000000    7.481400 ^ _1237_/D (sky130_fd_sc_hd__dfrtp_2)
                                              7.481400   data arrival time

                      0.150000   20.000000   20.000000   clock clk (rise edge)
                                  0.000000   20.000000   clock network delay (ideal)
                                 -0.250000   19.750002   clock uncertainty
                                  0.000000   19.750002   clock reconvergence pessimism
                                             19.750002 ^ _1237_/CLK (sky130_fd_sc_hd__dfrtp_2)
                                 -0.045972   19.704029   library setup time
                                             19.704029   data required time
---------------------------------------------------------------------------------------------
                                             19.704029   data required time
                                             -7.481400   data arrival time
---------------------------------------------------------------------------------------------
                                             12.222629   slack (MET)




===========================================================================
report_checks --slack_max -0.01
============================================================================
======================= nom_tt_025C_1v80 Corner ===================================

No paths found.


===========================================================================
 report_check_types -max_slew -max_cap -max_fanout -violators
============================================================================
======================= nom_tt_025C_1v80 Corner ===================================

max slew

Pin                                        Limit        Slew       Slack
------------------------------------------------------------------------
rst_n                                   0.750000    3.254360   -2.504360 (VIOLATED)
_1050_/RESET_B                          0.750000    3.254360   -2.504360 (VIOLATED)
_1051_/RESET_B                          0.750000    3.254360   -2.504360 (VIOLATED)
_1052_/SET_B                            0.750000    3.254360   -2.504360 (VIOLATED)
_1053_/RESET_B                          0.750000    3.254360   -2.504360 (VIOLATED)
_1054_/RESET_B                          0.750000    3.254360   -2.504360 (VIOLATED)
_1055_/RESET_B                          0.750000    3.254360   -2.504360 (VIOLATED)
_1056_/RESET_B                          0.750000    3.254360   -2.504360 (VIOLATED)
_1057_/RESET_B                          0.750000    3.254360   -2.504360 (VIOLATED)
_1058_/RESET_B                          0.750000    3.254360   -2.504360 (VIOLATED)
_1059_/RESET_B                          0.750000    3.254360   -2.504360 (VIOLATED)
_1060_/RESET_B                          0.750000    3.254360   -2.504360 (VIOLATED)
_1061_/SET_B                            0.750000    3.254360   -2.504360 (VIOLATED)
_1062_/RESET_B                          0.750000    3.254360   -2.504360 (VIOLATED)
_1063_/RESET_B                          0.750000    3.254360   -2.504360 (VIOLATED)
_1064_/RESET_B                          0.750000    3.254360   -2.504360 (VIOLATED)
_1065_/RESET_B                          0.750000    3.254360   -2.504360 (VIOLATED)
_1066_/RESET_B                          0.750000    3.254360   -2.504360 (VIOLATED)
_1067_/RESET_B                          0.750000    3.254360   -2.504360 (VIOLATED)
_1068_/SET_B                            0.750000    3.254360   -2.504360 (VIOLATED)
_1069_/SET_B                            0.750000    3.254360   -2.504360 (VIOLATED)
_1070_/RESET_B                          0.750000    3.254360   -2.504360 (VIOLATED)
_1071_/RESET_B                          0.750000    3.254360   -2.504360 (VIOLATED)
_1072_/RESET_B                          0.750000    3.254360   -2.504360 (VIOLATED)
_1073_/RESET_B                          0.750000    3.254360   -2.504360 (VIOLATED)
_1074_/RESET_B                          0.750000    3.254360   -2.504360 (VIOLATED)
_1075_/RESET_B                          0.750000    3.254360   -2.504360 (VIOLATED)
_1076_/RESET_B                          0.750000    3.254360   -2.504360 (VIOLATED)
_1077_/RESET_B                          0.750000    3.254360   -2.504360 (VIOLATED)
_1078_/SET_B                            0.750000    3.254360   -2.504360 (VIOLATED)
_1079_/RESET_B                          0.750000    3.254360   -2.504360 (VIOLATED)
_1080_/RESET_B                          0.750000    3.254360   -2.504360 (VIOLATED)
_1081_/RESET_B                          0.750000    3.254360   -2.504360 (VIOLATED)
_1082_/RESET_B                          0.750000    3.254360   -2.504360 (VIOLATED)
_1083_/RESET_B                          0.750000    3.254360   -2.504360 (VIOLATED)
_1084_/SET_B                            0.750000    3.254360   -2.504360 (VIOLATED)
_1085_/RESET_B                          0.750000    3.254360   -2.504360 (VIOLATED)
_1086_/SET_B                            0.750000    3.254360   -2.504360 (VIOLATED)
_1087_/RESET_B                          0.750000    3.254360   -2.504360 (VIOLATED)
_1088_/RESET_B                          0.750000    3.254360   -2.504360 (VIOLATED)
_1089_/RESET_B                          0.750000    3.254360   -2.504360 (VIOLATED)
_1090_/RESET_B                          0.750000    3.254360   -2.504360 (VIOLATED)
_1091_/RESET_B                          0.750000    3.254360   -2.504360 (VIOLATED)
_1092_/RESET_B                          0.750000    3.254360   -2.504360 (VIOLATED)
_1093_/SET_B                            0.750000    3.254360   -2.504360 (VIOLATED)
_1094_/SET_B                            0.750000    3.254360   -2.504360 (VIOLATED)
_1095_/RESET_B                          0.750000    3.254360   -2.504360 (VIOLATED)
_1096_/RESET_B                          0.750000    3.254360   -2.504360 (VIOLATED)
_1097_/RESET_B                          0.750000    3.254360   -2.504360 (VIOLATED)
_1098_/RESET_B                          0.750000    3.254360   -2.504360 (VIOLATED)
_1099_/RESET_B                          0.750000    3.254360   -2.504360 (VIOLATED)
_1100_/SET_B                            0.750000    3.254360   -2.504360 (VIOLATED)
_1101_/SET_B                            0.750000    3.254360   -2.504360 (VIOLATED)
_1102_/SET_B                            0.750000    3.254360   -2.504360 (VIOLATED)
_1103_/RESET_B                          0.750000    3.254360   -2.504360 (VIOLATED)
_1104_/RESET_B                          0.750000    3.254360   -2.504360 (VIOLATED)
_1105_/RESET_B                          0.750000    3.254360   -2.504360 (VIOLATED)
_1106_/RESET_B                          0.750000    3.254360   -2.504360 (VIOLATED)
_1107_/RESET_B                          0.750000    3.254360   -2.504360 (VIOLATED)
_1108_/RESET_B                          0.750000    3.254360   -2.504360 (VIOLATED)
_1109_/RESET_B                          0.750000    3.254360   -2.504360 (VIOLATED)
_1110_/RESET_B                          0.750000    3.254360   -2.504360 (VIOLATED)
_1111_/SET_B                            0.750000    3.254360   -2.504360 (VIOLATED)
_1112_/RESET_B                          0.750000    3.254360   -2.504360 (VIOLATED)
_1113_/RESET_B                          0.750000    3.254360   -2.504360 (VIOLATED)
_1114_/RESET_B                          0.750000    3.254360   -2.504360 (VIOLATED)
_1115_/RESET_B                          0.750000    3.254360   -2.504360 (VIOLATED)
_1116_/RESET_B                          0.750000    3.254360   -2.504360 (VIOLATED)
_1117_/RESET_B                          0.750000    3.254360   -2.504360 (VIOLATED)
_1118_/RESET_B                          0.750000    3.254360   -2.504360 (VIOLATED)
_1119_/RESET_B                          0.750000    3.254360   -2.504360 (VIOLATED)
_1120_/RESET_B                          0.750000    3.254360   -2.504360 (VIOLATED)
_1121_/RESET_B                          0.750000    3.254360   -2.504360 (VIOLATED)
_1122_/RESET_B                          0.750000    3.254360   -2.504360 (VIOLATED)
_1123_/RESET_B                          0.750000    3.254360   -2.504360 (VIOLATED)
_1124_/RESET_B                          0.750000    3.254360   -2.504360 (VIOLATED)
_1125_/RESET_B                          0.750000    3.254360   -2.504360 (VIOLATED)
_1126_/RESET_B                          0.750000    3.254360   -2.504360 (VIOLATED)
_1127_/RESET_B                          0.750000    3.254360   -2.504360 (VIOLATED)
_1128_/RESET_B                          0.750000    3.254360   -2.504360 (VIOLATED)
_1129_/RESET_B                          0.750000    3.254360   -2.504360 (VIOLATED)
_1130_/RESET_B                          0.750000    3.254360   -2.504360 (VIOLATED)
_1131_/RESET_B                          0.750000    3.254360   -2.504360 (VIOLATED)
_1132_/RESET_B                          0.750000    3.254360   -2.504360 (VIOLATED)
_1133_/RESET_B                          0.750000    3.254360   -2.504360 (VIOLATED)
_1134_/RESET_B                          0.750000    3.254360   -2.504360 (VIOLATED)
_1135_/RESET_B                          0.750000    3.254360   -2.504360 (VIOLATED)
_1136_/RESET_B                          0.750000    3.254360   -2.504360 (VIOLATED)
_1137_/RESET_B                          0.750000    3.254360   -2.504360 (VIOLATED)
_1138_/RESET_B                          0.750000    3.254360   -2.504360 (VIOLATED)
_1139_/RESET_B                          0.750000    3.254360   -2.504360 (VIOLATED)
_1140_/RESET_B                          0.750000    3.254360   -2.504360 (VIOLATED)
_1141_/RESET_B                          0.750000    3.254360   -2.504360 (VIOLATED)
_1142_/RESET_B                          0.750000    3.254360   -2.504360 (VIOLATED)
_1143_/RESET_B                          0.750000    3.254360   -2.504360 (VIOLATED)
_1144_/RESET_B                          0.750000    3.254360   -2.504360 (VIOLATED)
_1145_/RESET_B                          0.750000    3.254360   -2.504360 (VIOLATED)
_1146_/RESET_B                          0.750000    3.254360   -2.504360 (VIOLATED)
_1147_/RESET_B                          0.750000    3.254360   -2.504360 (VIOLATED)
_1148_/RESET_B                          0.750000    3.254360   -2.504360 (VIOLATED)
_1149_/RESET_B                          0.750000    3.254360   -2.504360 (VIOLATED)
_1150_/RESET_B                          0.750000    3.254360   -2.504360 (VIOLATED)
_1151_/RESET_B                          0.750000    3.254360   -2.504360 (VIOLATED)
_1152_/RESET_B                          0.750000    3.254360   -2.504360 (VIOLATED)
_1153_/RESET_B                          0.750000    3.254360   -2.504360 (VIOLATED)
_1154_/RESET_B                          0.750000    3.254360   -2.504360 (VIOLATED)
_1155_/RESET_B                          0.750000    3.254360   -2.504360 (VIOLATED)
_1156_/RESET_B                          0.750000    3.254360   -2.504360 (VIOLATED)
_1157_/RESET_B                          0.750000    3.254360   -2.504360 (VIOLATED)
_1158_/RESET_B                          0.750000    3.254360   -2.504360 (VIOLATED)
_1159_/RESET_B                          0.750000    3.254360   -2.504360 (VIOLATED)
_1160_/RESET_B                          0.750000    3.254360   -2.504360 (VIOLATED)
_1161_/RESET_B                          0.750000    3.254360   -2.504360 (VIOLATED)
_1162_/RESET_B                          0.750000    3.254360   -2.504360 (VIOLATED)
_1163_/RESET_B                          0.750000    3.254360   -2.504360 (VIOLATED)
_1164_/RESET_B                          0.750000    3.254360   -2.504360 (VIOLATED)
_1165_/RESET_B                          0.750000    3.254360   -2.504360 (VIOLATED)
_1166_/RESET_B                          0.750000    3.254360   -2.504360 (VIOLATED)
_1167_/RESET_B                          0.750000    3.254360   -2.504360 (VIOLATED)
_1168_/RESET_B                          0.750000    3.254360   -2.504360 (VIOLATED)
_1169_/RESET_B                          0.750000    3.254360   -2.504360 (VIOLATED)
_1170_/RESET_B                          0.750000    3.254360   -2.504360 (VIOLATED)
_1171_/RESET_B                          0.750000    3.254360   -2.504360 (VIOLATED)
_1172_/RESET_B                          0.750000    3.254360   -2.504360 (VIOLATED)
_1173_/RESET_B                          0.750000    3.254360   -2.504360 (VIOLATED)
_1174_/RESET_B                          0.750000    3.254360   -2.504360 (VIOLATED)
_1175_/RESET_B                          0.750000    3.254360   -2.504360 (VIOLATED)
_1176_/RESET_B                          0.750000    3.254360   -2.504360 (VIOLATED)
_1177_/RESET_B                          0.750000    3.254360   -2.504360 (VIOLATED)
_1178_/RESET_B                          0.750000    3.254360   -2.504360 (VIOLATED)
_1179_/RESET_B                          0.750000    3.254360   -2.504360 (VIOLATED)
_1180_/RESET_B                          0.750000    3.254360   -2.504360 (VIOLATED)
_1181_/RESET_B                          0.750000    3.254360   -2.504360 (VIOLATED)
_1182_/RESET_B                          0.750000    3.254360   -2.504360 (VIOLATED)
_1183_/RESET_B                          0.750000    3.254360   -2.504360 (VIOLATED)
_1184_/RESET_B                          0.750000    3.254360   -2.504360 (VIOLATED)
_1185_/RESET_B                          0.750000    3.254360   -2.504360 (VIOLATED)
_1186_/RESET_B                          0.750000    3.254360   -2.504360 (VIOLATED)
_1187_/RESET_B                          0.750000    3.254360   -2.504360 (VIOLATED)
_1188_/RESET_B                          0.750000    3.254360   -2.504360 (VIOLATED)
_1189_/RESET_B                          0.750000    3.254360   -2.504360 (VIOLATED)
_1190_/RESET_B                          0.750000    3.254360   -2.504360 (VIOLATED)
_1191_/RESET_B                          0.750000    3.254360   -2.504360 (VIOLATED)
_1192_/RESET_B                          0.750000    3.254360   -2.504360 (VIOLATED)
_1193_/RESET_B                          0.750000    3.254360   -2.504360 (VIOLATED)
_1194_/RESET_B                          0.750000    3.254360   -2.504360 (VIOLATED)
_1195_/RESET_B                          0.750000    3.254360   -2.504360 (VIOLATED)
_1196_/RESET_B                          0.750000    3.254360   -2.504360 (VIOLATED)
_1197_/RESET_B                          0.750000    3.254360   -2.504360 (VIOLATED)
_1198_/RESET_B                          0.750000    3.254360   -2.504360 (VIOLATED)
_1199_/RESET_B                          0.750000    3.254360   -2.504360 (VIOLATED)
_1200_/RESET_B                          0.750000    3.254360   -2.504360 (VIOLATED)
_1201_/RESET_B                          0.750000    3.254360   -2.504360 (VIOLATED)
_1202_/RESET_B                          0.750000    3.254360   -2.504360 (VIOLATED)
_1203_/RESET_B                          0.750000    3.254360   -2.504360 (VIOLATED)
_1204_/RESET_B                          0.750000    3.254360   -2.504360 (VIOLATED)
_1205_/RESET_B                          0.750000    3.254360   -2.504360 (VIOLATED)
_1206_/RESET_B                          0.750000    3.254360   -2.504360 (VIOLATED)
_1207_/RESET_B                          0.750000    3.254360   -2.504360 (VIOLATED)
_1208_/RESET_B                          0.750000    3.254360   -2.504360 (VIOLATED)
_1209_/RESET_B                          0.750000    3.254360   -2.504360 (VIOLATED)
_1210_/RESET_B                          0.750000    3.254360   -2.504360 (VIOLATED)
_1211_/RESET_B                          0.750000    3.254360   -2.504360 (VIOLATED)
_1212_/RESET_B                          0.750000    3.254360   -2.504360 (VIOLATED)
_1213_/RESET_B                          0.750000    3.254360   -2.504360 (VIOLATED)
_1214_/RESET_B                          0.750000    3.254360   -2.504360 (VIOLATED)
_1215_/RESET_B                          0.750000    3.254360   -2.504360 (VIOLATED)
_1216_/RESET_B                          0.750000    3.254360   -2.504360 (VIOLATED)
_1217_/RESET_B                          0.750000    3.254360   -2.504360 (VIOLATED)
_1218_/RESET_B                          0.750000    3.254360   -2.504360 (VIOLATED)
_1219_/RESET_B                          0.750000    3.254360   -2.504360 (VIOLATED)
_1220_/RESET_B                          0.750000    3.254360   -2.504360 (VIOLATED)
_1221_/RESET_B                          0.750000    3.254360   -2.504360 (VIOLATED)
_1222_/RESET_B                          0.750000    3.254360   -2.504360 (VIOLATED)
_1223_/RESET_B                          0.750000    3.254360   -2.504360 (VIOLATED)
_1224_/RESET_B                          0.750000    3.254360   -2.504360 (VIOLATED)
_1225_/RESET_B                          0.750000    3.254360   -2.504360 (VIOLATED)
_1226_/RESET_B                          0.750000    3.254360   -2.504360 (VIOLATED)
_1227_/RESET_B                          0.750000    3.254360   -2.504360 (VIOLATED)
_1228_/RESET_B                          0.750000    3.254360   -2.504360 (VIOLATED)
_1229_/RESET_B                          0.750000    3.254360   -2.504360 (VIOLATED)
_1230_/RESET_B                          0.750000    3.254360   -2.504360 (VIOLATED)
_1231_/RESET_B                          0.750000    3.254360   -2.504360 (VIOLATED)
_1232_/RESET_B                          0.750000    3.254360   -2.504360 (VIOLATED)
_1233_/RESET_B                          0.750000    3.254360   -2.504360 (VIOLATED)
_1234_/RESET_B                          0.750000    3.254360   -2.504360 (VIOLATED)
_1235_/RESET_B                          0.750000    3.254360   -2.504360 (VIOLATED)
_1236_/RESET_B                          0.750000    3.254360   -2.504360 (VIOLATED)
_1237_/RESET_B                          0.750000    3.254360   -2.504360 (VIOLATED)
_1238_/RESET_B                          0.750000    3.254360   -2.504360 (VIOLATED)
_1239_/SET_B                            0.750000    3.254360   -2.504360 (VIOLATED)
_1240_/RESET_B                          0.750000    3.254360   -2.504360 (VIOLATED)
_1241_/RESET_B                          0.750000    3.254360   -2.504360 (VIOLATED)
_1242_/RESET_B                          0.750000    3.254360   -2.504360 (VIOLATED)
_1243_/RESET_B                          0.750000    3.254360   -2.504360 (VIOLATED)
_1244_/RESET_B                          0.750000    3.254360   -2.504360 (VIOLATED)
_1245_/RESET_B                          0.750000    3.254360   -2.504360 (VIOLATED)
_1246_/RESET_B                          0.750000    3.254360   -2.504360 (VIOLATED)
_1247_/RESET_B                          0.750000    3.254360   -2.504360 (VIOLATED)
_1248_/RESET_B                          0.750000    3.254360   -2.504360 (VIOLATED)
_1249_/RESET_B                          0.750000    3.254360   -2.504360 (VIOLATED)
_1250_/RESET_B                          0.750000    3.254360   -2.504360 (VIOLATED)
_1251_/RESET_B                          0.750000    3.254360   -2.504360 (VIOLATED)
_0548_/Y                                0.750000    2.713265   -1.963265 (VIOLATED)
_0549_/S                                0.750000    2.713265   -1.963265 (VIOLATED)
_0550_/S                                0.750000    2.713265   -1.963265 (VIOLATED)
_0626_/S                                0.750000    2.713265   -1.963265 (VIOLATED)
_0627_/S                                0.750000    2.713265   -1.963265 (VIOLATED)
_0628_/S                                0.750000    2.713265   -1.963265 (VIOLATED)
_0629_/S                                0.750000    2.713265   -1.963265 (VIOLATED)
_0630_/S                                0.750000    2.713265   -1.963265 (VIOLATED)
_0631_/S                                0.750000    2.713265   -1.963265 (VIOLATED)
_0632_/S                                0.750000    2.713265   -1.963265 (VIOLATED)
_0633_/S                                0.750000    2.713265   -1.963265 (VIOLATED)
_0634_/S                                0.750000    2.713265   -1.963265 (VIOLATED)
_0635_/S                                0.750000    2.713265   -1.963265 (VIOLATED)
_0636_/S                                0.750000    2.713265   -1.963265 (VIOLATED)
_0637_/S                                0.750000    2.713265   -1.963265 (VIOLATED)
_0638_/S                                0.750000    2.713265   -1.963265 (VIOLATED)
_0639_/S                                0.750000    2.713265   -1.963265 (VIOLATED)
_0640_/S                                0.750000    2.713265   -1.963265 (VIOLATED)
_0641_/S                                0.750000    2.713265   -1.963265 (VIOLATED)
_0642_/S                                0.750000    2.713265   -1.963265 (VIOLATED)
_0643_/S                                0.750000    2.713265   -1.963265 (VIOLATED)
_0644_/S                                0.750000    2.713265   -1.963265 (VIOLATED)
_0645_/S                                0.750000    2.713265   -1.963265 (VIOLATED)
_0646_/S                                0.750000    2.713265   -1.963265 (VIOLATED)
_0647_/S                                0.750000    2.713265   -1.963265 (VIOLATED)
_0648_/S                                0.750000    2.713265   -1.963265 (VIOLATED)
_0649_/S                                0.750000    2.713265   -1.963265 (VIOLATED)
_0650_/S                                0.750000    2.713265   -1.963265 (VIOLATED)
_0651_/S                                0.750000    2.713265   -1.963265 (VIOLATED)
_0652_/S                                0.750000    2.713265   -1.963265 (VIOLATED)
_0653_/S                                0.750000    2.713265   -1.963265 (VIOLATED)
_0654_/S                                0.750000    2.713265   -1.963265 (VIOLATED)
_0655_/S                                0.750000    2.713265   -1.963265 (VIOLATED)
_0656_/S                                0.750000    2.713265   -1.963265 (VIOLATED)
_0657_/S                                0.750000    2.713265   -1.963265 (VIOLATED)
_0658_/S                                0.750000    2.713265   -1.963265 (VIOLATED)
_0659_/S                                0.750000    2.713265   -1.963265 (VIOLATED)
_0660_/S                                0.750000    2.713265   -1.963265 (VIOLATED)
_0661_/S                                0.750000    2.713265   -1.963265 (VIOLATED)
_0662_/S                                0.750000    2.713265   -1.963265 (VIOLATED)
_0663_/S                                0.750000    2.713265   -1.963265 (VIOLATED)
_0664_/S                                0.750000    2.713265   -1.963265 (VIOLATED)
_0665_/S                                0.750000    2.713265   -1.963265 (VIOLATED)
_0666_/S                                0.750000    2.713265   -1.963265 (VIOLATED)
_0667_/S                                0.750000    2.713265   -1.963265 (VIOLATED)
_0668_/S                                0.750000    2.713265   -1.963265 (VIOLATED)
_0669_/S                                0.750000    2.713265   -1.963265 (VIOLATED)
_0670_/S                                0.750000    2.713265   -1.963265 (VIOLATED)
_0671_/S                                0.750000    2.713265   -1.963265 (VIOLATED)
_0672_/S                                0.750000    2.713265   -1.963265 (VIOLATED)
_0673_/S                                0.750000    2.713265   -1.963265 (VIOLATED)
_0674_/S                                0.750000    2.713265   -1.963265 (VIOLATED)
_0675_/S                                0.750000    2.713265   -1.963265 (VIOLATED)
_0676_/S                                0.750000    2.713265   -1.963265 (VIOLATED)
_0677_/S                                0.750000    2.713265   -1.963265 (VIOLATED)
_0678_/S                                0.750000    2.713265   -1.963265 (VIOLATED)
_0679_/S                                0.750000    2.713265   -1.963265 (VIOLATED)
_0680_/S                                0.750000    2.713265   -1.963265 (VIOLATED)
_0681_/S                                0.750000    2.713265   -1.963265 (VIOLATED)
_0682_/S                                0.750000    2.713265   -1.963265 (VIOLATED)
_0683_/S                                0.750000    2.713265   -1.963265 (VIOLATED)
_0684_/S                                0.750000    2.713265   -1.963265 (VIOLATED)
_0685_/S                                0.750000    2.713265   -1.963265 (VIOLATED)
_0686_/S                                0.750000    2.713265   -1.963265 (VIOLATED)
_0687_/S                                0.750000    2.713265   -1.963265 (VIOLATED)
_0688_/S                                0.750000    2.713265   -1.963265 (VIOLATED)
_0689_/S                                0.750000    2.713265   -1.963265 (VIOLATED)
_0954_/B                                0.750000    2.713265   -1.963265 (VIOLATED)
_1040_/B                                0.750000    2.713265   -1.963265 (VIOLATED)
_1043_/A                                0.750000    2.713265   -1.963265 (VIOLATED)
_1044_/S                                0.750000    2.713265   -1.963265 (VIOLATED)
_1045_/S                                0.750000    2.713265   -1.963265 (VIOLATED)
_1046_/S                                0.750000    2.713265   -1.963265 (VIOLATED)
_1047_/S                                0.750000    2.713265   -1.963265 (VIOLATED)
_1048_/S                                0.750000    2.713265   -1.963265 (VIOLATED)
_1049_/S                                0.750000    2.713265   -1.963265 (VIOLATED)

max fanout

Pin                                   Limit Fanout  Slack
---------------------------------------------------------
rst_n                                    10    202   -192 (VIOLATED)
_0548_/Y                                 10     75    -65 (VIOLATED)
_1236_/Q                                 10     61    -51 (VIOLATED)
_1237_/Q                                 10     60    -50 (VIOLATED)
_1238_/Q                                 10     60    -50 (VIOLATED)
_0534_/Y                                 10     18     -8 (VIOLATED)
_0693_/Y                                 10     14     -4 (VIOLATED)
_0700_/Y                                 10     13     -3 (VIOLATED)
_0531_/Y                                 10     11        (VIOLATED)
_0954_/Y                                 10     11        (VIOLATED)

max capacitance

Pin                                        Limit         Cap       Slack
------------------------------------------------------------------------
rst_n                                   0.200000    0.726937   -0.526937 (VIOLATED)
_0548_/Y                                0.141917    0.264599   -0.122682 (VIOLATED)



===========================================================================
report_parasitic_annotation -report_unannotated
============================================================================
Found 778 unannotated drivers.
 clk
 ena
 rst_n
 ui_in[0]
 ui_in[1]
 ui_in[2]
 ui_in[3]
 ui_in[4]
 ui_in[5]
 ui_in[6]
 ui_in[7]
 uio_in[0]
 uio_in[1]
 uio_in[2]
 uio_in[3]
 uio_in[4]
 uio_in[5]
 uio_in[6]
 uio_in[7]
 _0525_/Y
 _0526_/Y
 _0527_/Y
 _0528_/X
 _0529_/Y
 _0530_/X
 _0531_/Y
 _0532_/X
 _0533_/X
 _0534_/Y
 _0535_/Y
 _0536_/X
 _0537_/Y
 _0538_/X
 _0539_/Y
 _0540_/X
 _0541_/Y
 _0542_/X
 _0543_/Y
 _0544_/X
 _0545_/Y
 _0546_/X
 _0547_/X
 _0548_/Y
 _0549_/X
 _0550_/X
 _0551_/X
 _0552_/Y
 _0553_/X
 _0554_/X
 _0555_/X
 _0556_/X
 _0557_/X
 _0558_/X
 _0559_/X
 _0560_/X
 _0561_/X
 _0562_/X
 _0563_/X
 _0564_/X
 _0565_/X
 _0566_/X
 _0567_/X
 _0568_/X
 _0569_/X
 _0570_/X
 _0571_/X
 _0572_/X
 _0573_/X
 _0574_/X
 _0575_/X
 _0576_/X
 _0577_/X
 _0578_/X
 _0579_/Y
 _0580_/X
 _0581_/X
 _0582_/X
 _0583_/X
 _0584_/X
 _0585_/X
 _0586_/X
 _0587_/X
 _0588_/X
 _0589_/Y
 _0590_/X
 _0591_/X
 _0592_/X
 _0593_/X
 _0594_/X
 _0595_/X
 _0596_/X
 _0597_/X
 _0598_/X
 _0599_/X
 _0600_/X
 _0601_/X
 _0602_/X
 _0603_/X
 _0604_/X
 _0605_/X
 _0606_/X
 _0607_/X
 _0608_/X
 _0609_/X
 _0610_/X
 _0611_/X
 _0612_/X
 _0613_/X
 _0614_/X
 _0615_/X
 _0616_/X
 _0617_/X
 _0618_/X
 _0619_/X
 _0620_/X
 _0621_/X
 _0622_/X
 _0623_/X
 _0624_/X
 _0625_/X
 _0626_/X
 _0627_/X
 _0628_/X
 _0629_/X
 _0630_/X
 _0631_/X
 _0632_/X
 _0633_/X
 _0634_/X
 _0635_/X
 _0636_/X
 _0637_/X
 _0638_/X
 _0639_/X
 _0640_/X
 _0641_/X
 _0642_/X
 _0643_/X
 _0644_/X
 _0645_/X
 _0646_/X
 _0647_/X
 _0648_/X
 _0649_/X
 _0650_/X
 _0651_/X
 _0652_/X
 _0653_/X
 _0654_/X
 _0655_/X
 _0656_/X
 _0657_/X
 _0658_/X
 _0659_/X
 _0660_/X
 _0661_/X
 _0662_/X
 _0663_/X
 _0664_/X
 _0665_/X
 _0666_/X
 _0667_/X
 _0668_/X
 _0669_/X
 _0670_/X
 _0671_/X
 _0672_/X
 _0673_/X
 _0674_/X
 _0675_/X
 _0676_/X
 _0677_/X
 _0678_/X
 _0679_/X
 _0680_/X
 _0681_/X
 _0682_/X
 _0683_/X
 _0684_/X
 _0685_/X
 _0686_/X
 _0687_/X
 _0688_/X
 _0689_/X
 _0690_/X
 _0691_/X
 _0692_/Y
 _0693_/Y
 _0694_/X
 _0695_/X
 _0696_/Y
 _0697_/X
 _0698_/X
 _0699_/Y
 _0700_/Y
 _0701_/X
 _0702_/X
 _0703_/Y
 _0704_/X
 _0705_/X
 _0706_/X
 _0707_/X
 _0708_/X
 _0709_/X
 _0710_/X
 _0711_/Y
 _0712_/Y
 _0713_/X
 _0714_/X
 _0715_/X
 _0716_/X
 _0717_/X
 _0718_/X
 _0719_/X
 _0720_/Y
 _0721_/Y
 _0722_/X
 _0723_/X
 _0724_/X
 _0725_/X
 _0726_/X
 _0727_/X
 _0728_/X
 _0729_/X
 _0730_/Y
 _0731_/X
 _0732_/Y
 _0733_/X
 _0734_/X
 _0735_/X
 _0736_/X
 _0737_/X
 _0738_/X
 _0739_/X
 _0740_/Y
 _0741_/X
 _0742_/X
 _0743_/X
 _0744_/X
 _0745_/X
 _0746_/X
 _0747_/X
 _0748_/X
 _0749_/Y
 _0750_/Y
 _0751_/X
 _0752_/X
 _0753_/Y
 _0754_/X
 _0755_/X
 _0756_/X
 _0757_/Y
 _0758_/Y
 _0759_/Y
 _0760_/X
 _0761_/X
 _0762_/X
 _0763_/X
 _0764_/X
 _0765_/X
 _0766_/Y
 _0767_/Y
 _0768_/Y
 _0769_/X
 _0770_/X
 _0771_/X
 _0772_/Y
 _0773_/X
 _0774_/X
 _0775_/X
 _0776_/Y
 _0777_/X
 _0778_/Y
 _0779_/Y
 _0780_/Y
 _0781_/X
 _0782_/Y
 _0783_/Y
 _0784_/Y
 _0785_/Y
 _0786_/X
 _0787_/Y
 _0788_/Y
 _0789_/X
 _0790_/Y
 _0791_/Y
 _0792_/X
 _0793_/X
 _0794_/X
 _0795_/X
 _0796_/X
 _0797_/X
 _0798_/X
 _0799_/X
 _0800_/X
 _0801_/X
 _0802_/Y
 _0803_/Y
 _0804_/X
 _0805_/X
 _0806_/X
 _0807_/X
 _0808_/X
 _0809_/X
 _0810_/Y
 _0811_/Y
 _0812_/X
 _0813_/Y
 _0814_/Y
 _0815_/X
 _0816_/X
 _0817_/Y
 _0818_/Y
 _0819_/X
 _0820_/Y
 _0821_/X
 _0822_/Y
 _0823_/Y
 _0824_/Y
 _0825_/Y
 _0826_/X
 _0827_/X
 _0828_/Y
 _0829_/X
 _0830_/X
 _0831_/X
 _0832_/Y
 _0833_/X
 _0834_/X
 _0835_/Y
 _0836_/Y
 _0837_/Y
 _0838_/X
 _0839_/X
 _0840_/Y
 _0841_/Y
 _0842_/X
 _0843_/X
 _0844_/X
 _0845_/X
 _0846_/X
 _0847_/X
 _0848_/X
 _0849_/X
 _0850_/Y
 _0851_/X
 _0852_/X
 _0853_/Y
 _0854_/X
 _0855_/X
 _0856_/Y
 _0857_/Y
 _0858_/Y
 _0859_/Y
 _0860_/X
 _0861_/Y
 _0862_/Y
 _0863_/X
 _0864_/Y
 _0865_/X
 _0866_/Y
 _0867_/Y
 _0868_/X
 _0869_/Y
 _0870_/X
 _0871_/X
 _0872_/X
 _0873_/X
 _0874_/X
 _0875_/X
 _0876_/X
 _0877_/X
 _0878_/Y
 _0879_/Y
 _0880_/Y
 _0881_/X
 _0882_/Y
 _0883_/X
 _0884_/X
 _0885_/Y
 _0886_/Y
 _0887_/X
 _0888_/X
 _0889_/X
 _0890_/Y
 _0891_/X
 _0892_/X
 _0893_/X
 _0894_/X
 _0895_/X
 _0896_/X
 _0897_/X
 _0898_/Y
 _0899_/Y
 _0900_/Y
 _0901_/X
 _0902_/Y
 _0903_/Y
 _0904_/X
 _0905_/Y
 _0906_/X
 _0907_/X
 _0908_/Y
 _0909_/X
 _0910_/Y
 _0911_/X
 _0912_/Y
 _0913_/X
 _0914_/Y
 _0915_/Y
 _0916_/Y
 _0917_/Y
 _0918_/X
 _0919_/Y
 _0920_/X
 _0921_/X
 _0922_/X
 _0923_/X
 _0924_/X
 _0925_/Y
 _0926_/X
 _0927_/X
 _0928_/X
 _0929_/X
 _0930_/X
 _0931_/X
 _0932_/Y
 _0933_/X
 _0934_/Y
 _0935_/Y
 _0936_/Y
 _0937_/Y
 _0938_/Y
 _0939_/X
 _0940_/Y
 _0941_/Y
 _0942_/Y
 _0943_/Y
 _0944_/X
 _0945_/Y
 _0946_/Y
 _0947_/X
 _0948_/X
 _0949_/X
 _0950_/Y
 _0951_/Y
 _0952_/Y
 _0953_/X
 _0954_/Y
 _0955_/X
 _0956_/X
 _0957_/X
 _0958_/X
 _0959_/X
 _0960_/X
 _0961_/X
 _0962_/X
 _0963_/X
 _0964_/X
 _0965_/X
 _0966_/Y
 _0967_/Y
 _0968_/X
 _0969_/X
 _0970_/Y
 _0971_/X
 _0972_/X
 _0973_/Y
 _0974_/X
 _0975_/Y
 _0976_/Y
 _0977_/X
 _0978_/X
 _0979_/X
 _0980_/X
 _0981_/Y
 _0982_/X
 _0983_/X
 _0984_/Y
 _0985_/Y
 _0986_/Y
 _0987_/Y
 _0988_/X
 _0989_/X
 _0990_/Y
 _0991_/Y
 _0992_/X
 _0993_/Y
 _0994_/X
 _0995_/X
 _0996_/Y
 _0997_/Y
 _0998_/X
 _0999_/Y
 _1000_/X
 _1001_/X
 _1002_/X
 _1003_/Y
 _1004_/X
 _1005_/X
 _1006_/X
 _1007_/X
 _1008_/X
 _1009_/X
 _1010_/X
 _1011_/X
 _1012_/X
 _1013_/X
 _1014_/X
 _1015_/X
 _1016_/X
 _1017_/X
 _1018_/X
 _1019_/X
 _1020_/X
 _1021_/X
 _1022_/X
 _1023_/X
 _1024_/X
 _1025_/X
 _1026_/X
 _1027_/X
 _1028_/X
 _1029_/X
 _1030_/X
 _1031_/X
 _1032_/X
 _1033_/X
 _1034_/X
 _1035_/X
 _1036_/X
 _1037_/X
 _1038_/X
 _1039_/X
 _1040_/X
 _1041_/X
 _1042_/Y
 _1043_/Y
 _1044_/X
 _1045_/X
 _1046_/X
 _1047_/X
 _1048_/X
 _1049_/X
 _1050_/Q
 _1051_/Q
 _1052_/Q
 _1053_/Q
 _1054_/Q
 _1055_/Q
 _1056_/Q
 _1057_/Q
 _1058_/Q
 _1059_/Q
 _1060_/Q
 _1061_/Q
 _1062_/Q
 _1063_/Q
 _1064_/Q
 _1065_/Q
 _1066_/Q
 _1067_/Q
 _1068_/Q
 _1069_/Q
 _1070_/Q
 _1071_/Q
 _1072_/Q
 _1073_/Q
 _1074_/Q
 _1075_/Q
 _1076_/Q
 _1077_/Q
 _1078_/Q
 _1079_/Q
 _1080_/Q
 _1081_/Q
 _1082_/Q
 _1083_/Q
 _1084_/Q
 _1085_/Q
 _1086_/Q
 _1087_/Q
 _1088_/Q
 _1089_/Q
 _1090_/Q
 _1091_/Q
 _1092_/Q
 _1093_/Q
 _1094_/Q
 _1095_/Q
 _1096_/Q
 _1097_/Q
 _1098_/Q
 _1099_/Q
 _1100_/Q
 _1101_/Q
 _1102_/Q
 _1103_/Q
 _1104_/Q
 _1105_/Q
 _1106_/Q
 _1107_/Q
 _1108_/Q
 _1109_/Q
 _1110_/Q
 _1111_/Q
 _1112_/Q
 _1113_/Q
 _1114_/Q
 _1115_/Q
 _1116_/Q
 _1117_/Q
 _1118_/Q
 _1119_/Q
 _1120_/Q
 _1121_/Q
 _1122_/Q
 _1123_/Q
 _1124_/Q
 _1125_/Q
 _1126_/Q
 _1127_/Q
 _1128_/Q
 _1129_/Q
 _1130_/Q
 _1131_/Q
 _1132_/Q
 _1133_/Q
 _1134_/Q
 _1135_/Q
 _1136_/Q
 _1137_/Q
 _1138_/Q
 _1139_/Q
 _1140_/Q
 _1141_/Q
 _1142_/Q
 _1143_/Q
 _1144_/Q
 _1145_/Q
 _1146_/Q
 _1147_/Q
 _1148_/Q
 _1149_/Q
 _1150_/Q
 _1151_/Q
 _1152_/Q
 _1153_/Q
 _1154_/Q
 _1155_/Q
 _1156_/Q
 _1157_/Q
 _1158_/Q
 _1159_/Q
 _1160_/Q
 _1161_/Q
 _1162_/Q
 _1163_/Q
 _1164_/Q
 _1165_/Q
 _1166_/Q
 _1167_/Q
 _1168_/Q
 _1169_/Q
 _1170_/Q
 _1171_/Q
 _1172_/Q
 _1173_/Q
 _1174_/Q
 _1175_/Q
 _1176_/Q
 _1177_/Q
 _1178_/Q
 _1179_/Q
 _1180_/Q
 _1181_/Q
 _1182_/Q
 _1183_/Q
 _1184_/Q
 _1185_/Q
 _1186_/Q
 _1187_/Q
 _1188_/Q
 _1189_/Q
 _1190_/Q
 _1191_/Q
 _1192_/Q
 _1193_/Q
 _1194_/Q
 _1195_/Q
 _1196_/Q
 _1197_/Q
 _1198_/Q
 _1199_/Q
 _1200_/Q
 _1201_/Q
 _1202_/Q
 _1203_/Q
 _1204_/Q
 _1205_/Q
 _1206_/Q
 _1207_/Q
 _1208_/Q
 _1209_/Q
 _1210_/Q
 _1211_/Q
 _1212_/Q
 _1213_/Q
 _1214_/Q
 _1215_/Q
 _1216_/Q
 _1217_/Q
 _1218_/Q
 _1219_/Q
 _1220_/Q
 _1221_/Q
 _1222_/Q
 _1223_/Q
 _1224_/Q
 _1225_/Q
 _1226_/Q
 _1227_/Q
 _1228_/Q
 _1229_/Q
 _1230_/Q
 _1231_/Q
 _1232_/Q
 _1233_/Q
 _1234_/Q
 _1235_/Q
 _1236_/Q
 _1237_/Q
 _1238_/Q
 _1239_/Q
 _1240_/Q
 _1241_/Q
 _1242_/Q
 _1243_/Q
 _1244_/Q
 _1245_/Q
 _1246_/Q
 _1247_/Q
 _1248_/Q
 _1249_/Q
 _1250_/Q
 _1251_/Q
 _1252_/HI
 _1252_/LO
 _1253_/HI
 _1253_/LO
 _1254_/HI
 _1254_/LO
 _1255_/HI
 _1255_/LO
 _1256_/HI
 _1256_/LO
 _1257_/HI
 _1257_/LO
 _1258_/HI
 _1258_/LO
 _1259_/HI
 _1259_/LO
 _1260_/HI
 _1260_/LO
 _1261_/HI
 _1261_/LO
 _1262_/HI
 _1262_/LO
 _1263_/HI
 _1263_/LO
 _1264_/HI
 _1264_/LO
 _1265_/HI
 _1265_/LO
 _1266_/HI
 _1266_/LO
 _1267_/HI
 _1267_/LO
Found 0 partially unannotated drivers.

===========================================================================
max slew violation count 279
max fanout violation count 10
max cap violation count 2
============================================================================

===========================================================================
check_setup -verbose -unconstrained_endpoints -multiple_clock -no_clock -no_input_delay -loops -generated_clocks
===========================================================================
