Clock: clk
Sources: clk 
Generated: no
Virtual: no
Propagated: no
Period: 20.000000

===========================================================================
report_clock_properties
============================================================================
Clock                   Period          Waveform
----------------------------------------------------
clk                  20.000000    0.000000 10.000000

===========================================================================
report_clock_latency
============================================================================
Clock clk
rise -> rise
    min     max
0.000000 0.000000 source latency
1.100940         network latency _1020_/CLK
        1.216828 network latency _1020_/CLK
---------------
1.100940 1.216828 latency
        0.115888 skew

fall -> fall
    min     max
0.000000 0.000000 source latency
0.534955         network latency _1020_/CLK
        0.591267 network latency _1020_/CLK
---------------
0.534955 0.591267 latency
        0.056311 skew



===========================================================================
report_clock_min_period
============================================================================
clk period_min = 4.98 fmax = 200.74
