Clock: clk
Sources: clk 
Generated: no
Virtual: yes
Propagated: no
Period: 20.000000

===========================================================================
report_clock_properties
============================================================================
Clock                   Period          Waveform
----------------------------------------------------
clk                  20.000000    0.000000 10.000000

===========================================================================
report_clock_latency
============================================================================
Clock clk
rise -> rise
    min     max
0.000000 0.000000 source latency
0.407860         network latency _1169_/CLK
        0.464359 network latency _1173_/CLK
---------------
0.407860 0.464359 latency
        0.056499 skew

fall -> fall
    min     max
0.000000 0.000000 source latency
0.363725         network latency _1169_/CLK
        0.411272 network latency _1173_/CLK
---------------
0.363725 0.411272 latency
        0.047547 skew



===========================================================================
report_clock_min_period
============================================================================
clk period_min = 4.67 fmax = 214.29
