Clock: clk
Sources: clk 
Generated: no
Virtual: yes
Propagated: no
Period: 20.000000

===========================================================================
report_clock_properties
============================================================================
Clock                   Period          Waveform
----------------------------------------------------
clk                  20.000000    0.000000 10.000000

===========================================================================
report_clock_latency
============================================================================
Clock clk
rise -> rise
    min     max
0.000000 0.000000 source latency
1.080516         network latency _1169_/CLK
        1.226090 network latency _1173_/CLK
---------------
1.080516 1.226090 latency
        0.145573 skew

fall -> fall
    min     max
0.000000 0.000000 source latency
0.993692         network latency _1169_/CLK
        1.121418 network latency _1173_/CLK
---------------
0.993692 1.121418 latency
        0.127725 skew



===========================================================================
report_clock_min_period
============================================================================
clk period_min = 15.16 fmax = 65.95
