113. Printing statistics.

=== tt_um_flowguard_stress ===

        +----------Local Count, excluding submodules.
        |        +-Local Area, excluding submodules.
        |        | 
      756        - wires
     1138        - wire bits
       39        - public wires
      310        - public wire bits
        8        - ports
       43        - port bits
      939  5307.59 cells
      224        -   $_ANDNOT_
       24        -   $_AND_
      215        -   $_MUX_
       13        -   $_NAND_
       33        -   $_NOR_
       21        -   $_NOT_
       28        -   $_ORNOT_
      104        -   $_OR_
       21        -   $_XNOR_
       54        -   $_XOR_
      188 4.94E+03   sky130_fd_sc_hd__dfrtp_2
       14  367.853   sky130_fd_sc_hd__dfstp_2

   Area for cell type $_ANDNOT_ is unknown!
   Area for cell type $_AND_ is unknown!
   Area for cell type $_MUX_ is unknown!
   Area for cell type $_NAND_ is unknown!
   Area for cell type $_NOR_ is unknown!
   Area for cell type $_NOT_ is unknown!
   Area for cell type $_ORNOT_ is unknown!
   Area for cell type $_OR_ is unknown!
   Area for cell type $_XNOR_ is unknown!
   Area for cell type $_XOR_ is unknown!

   Chip area for module '\tt_um_flowguard_stress': 5307.590400
     of which used for sequential elements: 5307.590400 (100.00%)

