+ analyze_power_grid -net VPWR -voltage_file /home/ubuntu/Flow-Guard/results/pilot_repaired_tile_v2/configs/safe-02/runs/trial_safe-02/56-openroad-irdropreport/net-VPWR.csv
[INFO PSM-0040] All shapes on net VPWR are connected.
########## IR report #################
Net              : VPWR
Corner           : nom_tt_025C_1v80
Total power      : 2.02e-03 W
Supply voltage   : 1.80e+00 V
Worstcase voltage: 1.80e+00 V
Average voltage  : 1.80e+00 V
Average IR drop  : 3.87e-04 V
Worstcase IR drop: 1.43e-03 V
Percentage drop  : 0.08 %
######################################
+ analyze_power_grid -net VGND -voltage_file /home/ubuntu/Flow-Guard/results/pilot_repaired_tile_v2/configs/safe-02/runs/trial_safe-02/56-openroad-irdropreport/net-VGND.csv
[INFO PSM-0040] All shapes on net VGND are connected.
########## IR report #################
Net              : VGND
Corner           : nom_tt_025C_1v80
Total power      : 2.02e-03 W
Supply voltage   : 0.00e+00 V
Worstcase voltage: 1.18e-03 V
Average voltage  : 3.49e-04 V
Average IR drop  : 3.49e-04 V
Worstcase IR drop: 1.18e-03 V
Percentage drop  : 0.07 %
######################################
