
===========================================================================
report_checks -unconstrained
===========================================================================
======================= nom_tt_025C_1v80 Corner ===================================

Startpoint: rst_n (input port clocked by clk)
Endpoint: _1143_ (recovery check against rising-edge clock clk)
Path Group: asynchronous
Path Type: max

Fanout         Cap        Slew       Delay        Time   Description
---------------------------------------------------------------------------------------------
                                  0.000000    0.000000   clock clk (rise edge)
                                  0.000000    0.000000   clock network delay (propagated)
                                  4.000000    4.000000 ^ input external delay
   202    0.854704    3.798108    2.769890    6.769890 ^ rst_n (in)
                                                         rst_n (net)
                      3.798917    0.000000    6.769890 ^ _1143_/RESET_B (sky130_fd_sc_hd__dfrtp_2)
                                              6.769890   data arrival time

                                 20.000000   20.000000   clock clk (rise edge)
                                  0.000000   20.000000   clock source latency
   202    0.502531    2.236611    1.453234   21.453234 ^ clk (in)
                                                         clk (net)
                      2.236614    0.000000   21.453234 ^ _1143_/CLK (sky130_fd_sc_hd__dfrtp_2)
                                 -0.250000   21.203236   clock uncertainty
                                  0.000000   21.203236   clock reconvergence pessimism
                                 -0.413030   20.790205   library recovery time
                                             20.790205   data required time
---------------------------------------------------------------------------------------------
                                             20.790205   data required time
                                             -6.769890   data arrival time
---------------------------------------------------------------------------------------------
                                             14.020316   slack (MET)


Startpoint: uio_in[1] (input port clocked by clk)
Endpoint: _1237_ (rising edge-triggered flip-flop clocked by clk)
Path Group: clk
Path Type: max

Fanout         Cap        Slew       Delay        Time   Description
---------------------------------------------------------------------------------------------
                                  0.000000    0.000000   clock clk (rise edge)
                                  0.000000    0.000000   clock network delay (propagated)
                                  4.000000    4.000000 v input external delay
     3    0.008924    0.022148    0.015174    4.015174 v uio_in[1] (in)
                                                         uio_in[1] (net)
                      0.022148    0.000000    4.015174 v _0527_/A_N (sky130_fd_sc_hd__nand3b_2)
     2    0.006380    0.075949    0.208426    4.223600 v _0527_/Y (sky130_fd_sc_hd__nand3b_2)
                                                         _0204_ (net)
                      0.075949    0.000012    4.223612 v _0548_/B (sky130_fd_sc_hd__nor2_2)
    75    0.316901    3.253983    2.510750    6.734363 ^ _0548_/Y (sky130_fd_sc_hd__nor2_2)
                                                         _0218_ (net)
                      3.253983    0.000494    6.734857 ^ _0954_/B (sky130_fd_sc_hd__nor2_2)
    11    0.035727    0.572124    0.423465    7.158322 v _0954_/Y (sky130_fd_sc_hd__nor2_2)
                                                         _0486_ (net)
                      0.572124    0.000056    7.158377 v _1040_/D (sky130_fd_sc_hd__or4_2)
     1    0.001621    0.092227    0.740537    7.898915 v _1040_/X (sky130_fd_sc_hd__or4_2)
                                                         _0523_ (net)
                      0.092227    0.000004    7.898918 v _1041_/B1_N (sky130_fd_sc_hd__a21bo_2)
     1    0.002293    0.043658    0.208000    8.106918 ^ _1041_/X (sky130_fd_sc_hd__a21bo_2)
                                                         _0194_ (net)
                      0.043658    0.000004    8.106921 ^ _1237_/D (sky130_fd_sc_hd__dfrtp_2)
                                              8.106921   data arrival time

                                 20.000000   20.000000   clock clk (rise edge)
                                  0.000000   20.000000   clock source latency
   202    0.502531    2.236611    1.471898   21.471899 ^ clk (in)
                                                         clk (net)
                      2.236919    0.000000   21.471899 ^ _1237_/CLK (sky130_fd_sc_hd__dfrtp_2)
                                 -0.250000   21.221899   clock uncertainty
                                  0.000000   21.221899   clock reconvergence pessimism
                                  0.064848   21.286747   library setup time
                                             21.286747   data required time
---------------------------------------------------------------------------------------------
                                             21.286747   data required time
                                             -8.106921   data arrival time
---------------------------------------------------------------------------------------------
                                             13.179826   slack (MET)




===========================================================================
report_checks --slack_max -0.01
============================================================================
======================= nom_tt_025C_1v80 Corner ===================================

No paths found.


===========================================================================
 report_check_types -max_slew -max_cap -max_fanout -violators
============================================================================
======================= nom_tt_025C_1v80 Corner ===================================

max slew

Pin                                        Limit        Slew       Slack
------------------------------------------------------------------------
_1143_/RESET_B                          0.750000    3.798917   -3.048917 (VIOLATED)
_1151_/RESET_B                          0.750000    3.798917   -3.048917 (VIOLATED)
_1159_/RESET_B                          0.750000    3.798916   -3.048916 (VIOLATED)
_1167_/RESET_B                          0.750000    3.798916   -3.048915 (VIOLATED)
_1119_/RESET_B                          0.750000    3.798912   -3.048912 (VIOLATED)
_1127_/RESET_B                          0.750000    3.798912   -3.048912 (VIOLATED)
_1135_/RESET_B                          0.750000    3.798912   -3.048912 (VIOLATED)
_1121_/RESET_B                          0.750000    3.798909   -3.048909 (VIOLATED)
_1175_/RESET_B                          0.750000    3.798912   -3.048911 (VIOLATED)
_1130_/RESET_B                          0.750000    3.798908   -3.048908 (VIOLATED)
_1249_/RESET_B                          0.750000    3.798911   -3.048911 (VIOLATED)
_1138_/RESET_B                          0.750000    3.798908   -3.048908 (VIOLATED)
_1146_/RESET_B                          0.750000    3.798908   -3.048908 (VIOLATED)
_1154_/RESET_B                          0.750000    3.798905   -3.048905 (VIOLATED)
_1251_/RESET_B                          0.750000    3.798908   -3.048908 (VIOLATED)
_1079_/RESET_B                          0.750000    3.798902   -3.048902 (VIOLATED)
_1095_/RESET_B                          0.750000    3.798903   -3.048903 (VIOLATED)
_1162_/RESET_B                          0.750000    3.798901   -3.048901 (VIOLATED)
_1063_/RESET_B                          0.750000    3.798895   -3.048895 (VIOLATED)
_1170_/RESET_B                          0.750000    3.798897   -3.048897 (VIOLATED)
_1178_/RESET_B                          0.750000    3.798894   -3.048894 (VIOLATED)
_1065_/RESET_B                          0.750000    3.798887   -3.048887 (VIOLATED)
_1097_/RESET_B                          0.750000    3.798889   -3.048889 (VIOLATED)
_1103_/RESET_B                          0.750000    3.798889   -3.048889 (VIOLATED)
_1105_/RESET_B                          0.750000    3.798889   -3.048889 (VIOLATED)
_1055_/RESET_B                          0.750000    3.798884   -3.048884 (VIOLATED)
_1056_/RESET_B                          0.750000    3.798886   -3.048886 (VIOLATED)
_1073_/RESET_B                          0.750000    3.798883   -3.048883 (VIOLATED)
_1080_/RESET_B                          0.750000    3.798886   -3.048886 (VIOLATED)
_1081_/RESET_B                          0.750000    3.798888   -3.048888 (VIOLATED)
_1111_/SET_B                            0.750000    3.798885   -3.048885 (VIOLATED)
_1106_/RESET_B                          0.750000    3.798882   -3.048882 (VIOLATED)
_1057_/RESET_B                          0.750000    3.798879   -3.048879 (VIOLATED)
_1089_/RESET_B                          0.750000    3.798879   -3.048879 (VIOLATED)
_1066_/RESET_B                          0.750000    3.798873   -3.048873 (VIOLATED)
_1098_/RESET_B                          0.750000    3.798872   -3.048872 (VIOLATED)
_1113_/RESET_B                          0.750000    3.798874   -3.048874 (VIOLATED)
_1122_/RESET_B                          0.750000    3.798870   -3.048870 (VIOLATED)
_1129_/RESET_B                          0.750000    3.798870   -3.048870 (VIOLATED)
_1137_/RESET_B                          0.750000    3.798869   -3.048869 (VIOLATED)
_1145_/RESET_B                          0.750000    3.798870   -3.048870 (VIOLATED)
_1153_/RESET_B                          0.750000    3.798869   -3.048869 (VIOLATED)
_1088_/RESET_B                          0.750000    3.798864   -3.048863 (VIOLATED)
_1161_/RESET_B                          0.750000    3.798865   -3.048865 (VIOLATED)
_1169_/RESET_B                          0.750000    3.798865   -3.048865 (VIOLATED)
_1177_/RESET_B                          0.750000    3.798865   -3.048865 (VIOLATED)
_1050_/RESET_B                          0.750000    3.798860   -3.048860 (VIOLATED)
_1064_/RESET_B                          0.750000    3.798861   -3.048860 (VIOLATED)
_1096_/RESET_B                          0.750000    3.798861   -3.048861 (VIOLATED)
_1104_/RESET_B                          0.750000    3.798862   -3.048862 (VIOLATED)
_1112_/RESET_B                          0.750000    3.798861   -3.048860 (VIOLATED)
_1071_/RESET_B                          0.750000    3.798855   -3.048855 (VIOLATED)
_1087_/RESET_B                          0.750000    3.798854   -3.048854 (VIOLATED)
_1058_/RESET_B                          0.750000    3.798839   -3.048839 (VIOLATED)
_1082_/RESET_B                          0.750000    3.798840   -3.048840 (VIOLATED)
_1114_/RESET_B                          0.750000    3.798842   -3.048842 (VIOLATED)
_1074_/RESET_B                          0.750000    3.798812   -3.048812 (VIOLATED)
_1090_/RESET_B                          0.750000    3.798812   -3.048812 (VIOLATED)
_1094_/SET_B                            0.750000    3.798781   -3.048781 (VIOLATED)
_1078_/SET_B                            0.750000    3.798773   -3.048773 (VIOLATED)
_1062_/RESET_B                          0.750000    3.798757   -3.048756 (VIOLATED)
_1070_/RESET_B                          0.750000    3.798749   -3.048749 (VIOLATED)
_1054_/RESET_B                          0.750000    3.798717   -3.048717 (VIOLATED)
_1086_/SET_B                            0.750000    3.798718   -3.048718 (VIOLATED)
_1102_/SET_B                            0.750000    3.798718   -3.048718 (VIOLATED)
_1110_/RESET_B                          0.750000    3.798717   -3.048717 (VIOLATED)
_1067_/RESET_B                          0.750000    3.798714   -3.048714 (VIOLATED)
_1107_/RESET_B                          0.750000    3.798714   -3.048714 (VIOLATED)
_1115_/RESET_B                          0.750000    3.798714   -3.048714 (VIOLATED)
_1099_/RESET_B                          0.750000    3.798710   -3.048710 (VIOLATED)
_1075_/RESET_B                          0.750000    3.798705   -3.048705 (VIOLATED)
_1060_/RESET_B                          0.750000    3.798702   -3.048702 (VIOLATED)
_1072_/RESET_B                          0.750000    3.798704   -3.048704 (VIOLATED)
_1068_/SET_B                            0.750000    3.798700   -3.048700 (VIOLATED)
_1076_/RESET_B                          0.750000    3.798703   -3.048703 (VIOLATED)
_1091_/RESET_B                          0.750000    3.798705   -3.048705 (VIOLATED)
_1084_/SET_B                            0.750000    3.798700   -3.048700 (VIOLATED)
_1248_/RESET_B                          0.750000    3.798701   -3.048701 (VIOLATED)
_1250_/RESET_B                          0.750000    3.798704   -3.048704 (VIOLATED)
_1052_/SET_B                            0.750000    3.798694   -3.048694 (VIOLATED)
_1092_/RESET_B                          0.750000    3.798694   -3.048694 (VIOLATED)
_1100_/SET_B                            0.750000    3.798694   -3.048694 (VIOLATED)
_1108_/RESET_B                          0.750000    3.798692   -3.048692 (VIOLATED)
_1093_/SET_B                            0.750000    3.798686   -3.048686 (VIOLATED)
_1069_/SET_B                            0.750000    3.798683   -3.048683 (VIOLATED)
_1085_/RESET_B                          0.750000    3.798683   -3.048683 (VIOLATED)
_1101_/SET_B                            0.750000    3.798686   -3.048685 (VIOLATED)
_1109_/RESET_B                          0.750000    3.798681   -3.048681 (VIOLATED)
_1118_/RESET_B                          0.750000    3.798683   -3.048683 (VIOLATED)
_1053_/RESET_B                          0.750000    3.798674   -3.048674 (VIOLATED)
_1059_/RESET_B                          0.750000    3.798660   -3.048660 (VIOLATED)
_1083_/RESET_B                          0.750000    3.798660   -3.048660 (VIOLATED)
_1051_/RESET_B                          0.750000    3.798652   -3.048652 (VIOLATED)
_1155_/RESET_B                          0.750000    3.798647   -3.048647 (VIOLATED)
_1147_/RESET_B                          0.750000    3.798644   -3.048644 (VIOLATED)
_1123_/RESET_B                          0.750000    3.798633   -3.048633 (VIOLATED)
_1139_/RESET_B                          0.750000    3.798634   -3.048633 (VIOLATED)
_1131_/RESET_B                          0.750000    3.798629   -3.048629 (VIOLATED)
_1126_/RESET_B                          0.750000    3.798569   -3.048569 (VIOLATED)
_1163_/RESET_B                          0.750000    3.798557   -3.048557 (VIOLATED)
_1171_/RESET_B                          0.750000    3.798557   -3.048557 (VIOLATED)
_1179_/RESET_B                          0.750000    3.798557   -3.048557 (VIOLATED)
_1134_/RESET_B                          0.750000    3.798551   -3.048551 (VIOLATED)
_1142_/RESET_B                          0.750000    3.798544   -3.048544 (VIOLATED)
_1150_/RESET_B                          0.750000    3.798537   -3.048537 (VIOLATED)
_1158_/RESET_B                          0.750000    3.798475   -3.048475 (VIOLATED)
_1166_/RESET_B                          0.750000    3.798449   -3.048449 (VIOLATED)
_1174_/RESET_B                          0.750000    3.798444   -3.048444 (VIOLATED)
_1187_/RESET_B                          0.750000    3.798256   -3.048255 (VIOLATED)
_1186_/RESET_B                          0.750000    3.798249   -3.048248 (VIOLATED)
_1061_/SET_B                            0.750000    3.798225   -3.048225 (VIOLATED)
_1077_/RESET_B                          0.750000    3.798225   -3.048225 (VIOLATED)
_1116_/RESET_B                          0.750000    3.798224   -3.048224 (VIOLATED)
_1132_/RESET_B                          0.750000    3.798226   -3.048226 (VIOLATED)
_1140_/RESET_B                          0.750000    3.798226   -3.048226 (VIOLATED)
_1148_/RESET_B                          0.750000    3.798226   -3.048226 (VIOLATED)
_1117_/RESET_B                          0.750000    3.798223   -3.048223 (VIOLATED)
_1124_/RESET_B                          0.750000    3.798225   -3.048225 (VIOLATED)
_1120_/RESET_B                          0.750000    3.798222   -3.048222 (VIOLATED)
_1128_/RESET_B                          0.750000    3.798221   -3.048221 (VIOLATED)
_1136_/RESET_B                          0.750000    3.798220   -3.048220 (VIOLATED)
_1195_/RESET_B                          0.750000    3.798223   -3.048223 (VIOLATED)
_1246_/RESET_B                          0.750000    3.798225   -3.048225 (VIOLATED)
_1247_/RESET_B                          0.750000    3.798225   -3.048225 (VIOLATED)
_1144_/RESET_B                          0.750000    3.798218   -3.048218 (VIOLATED)
_1227_/RESET_B                          0.750000    3.798220   -3.048220 (VIOLATED)
_1152_/RESET_B                          0.750000    3.798217   -3.048216 (VIOLATED)
_1156_/RESET_B                          0.750000    3.798219   -3.048219 (VIOLATED)
_1164_/RESET_B                          0.750000    3.798219   -3.048219 (VIOLATED)
_1176_/RESET_B                          0.750000    3.798218   -3.048218 (VIOLATED)
_1160_/RESET_B                          0.750000    3.798215   -3.048215 (VIOLATED)
_1168_/RESET_B                          0.750000    3.798217   -3.048217 (VIOLATED)
_1172_/RESET_B                          0.750000    3.798219   -3.048219 (VIOLATED)
_1235_/RESET_B                          0.750000    3.798216   -3.048216 (VIOLATED)
_1125_/RESET_B                          0.750000    3.798209   -3.048209 (VIOLATED)
_1149_/RESET_B                          0.750000    3.798210   -3.048210 (VIOLATED)
_1133_/RESET_B                          0.750000    3.798206   -3.048206 (VIOLATED)
_1141_/RESET_B                          0.750000    3.798206   -3.048206 (VIOLATED)
_1219_/RESET_B                          0.750000    3.798206   -3.048206 (VIOLATED)
_1157_/RESET_B                          0.750000    3.798202   -3.048202 (VIOLATED)
_1165_/RESET_B                          0.750000    3.798202   -3.048202 (VIOLATED)
_1173_/RESET_B                          0.750000    3.798202   -3.048202 (VIOLATED)
_1236_/RESET_B                          0.750000    3.798198   -3.048198 (VIOLATED)
_1237_/RESET_B                          0.750000    3.798200   -3.048200 (VIOLATED)
_1238_/RESET_B                          0.750000    3.798201   -3.048201 (VIOLATED)
_1211_/RESET_B                          0.750000    3.798190   -3.048190 (VIOLATED)
_1239_/SET_B                            0.750000    3.798189   -3.048189 (VIOLATED)
_1243_/RESET_B                          0.750000    3.798189   -3.048189 (VIOLATED)
_1203_/RESET_B                          0.750000    3.798185   -3.048184 (VIOLATED)
_1245_/RESET_B                          0.750000    3.798187   -3.048187 (VIOLATED)
_1180_/RESET_B                          0.750000    3.798180   -3.048180 (VIOLATED)
_1181_/RESET_B                          0.750000    3.798180   -3.048180 (VIOLATED)
_1240_/RESET_B                          0.750000    3.798174   -3.048174 (VIOLATED)
_1241_/RESET_B                          0.750000    3.798174   -3.048174 (VIOLATED)
_1242_/RESET_B                          0.750000    3.798173   -3.048173 (VIOLATED)
_1244_/RESET_B                          0.750000    3.798174   -3.048174 (VIOLATED)
_1194_/RESET_B                          0.750000    3.798168   -3.048168 (VIOLATED)
_1199_/RESET_B                          0.750000    3.798166   -3.048166 (VIOLATED)
_1182_/RESET_B                          0.750000    3.798162   -3.048162 (VIOLATED)
_1183_/RESET_B                          0.750000    3.798161   -3.048161 (VIOLATED)
_1184_/RESET_B                          0.750000    3.798149   -3.048149 (VIOLATED)
_1185_/RESET_B                          0.750000    3.798149   -3.048149 (VIOLATED)
_1202_/RESET_B                          0.750000    3.798150   -3.048150 (VIOLATED)
_1192_/RESET_B                          0.750000    3.798144   -3.048144 (VIOLATED)
_1210_/RESET_B                          0.750000    3.798143   -3.048143 (VIOLATED)
_1193_/RESET_B                          0.750000    3.798137   -3.048137 (VIOLATED)
_1218_/RESET_B                          0.750000    3.798136   -3.048136 (VIOLATED)
_1201_/RESET_B                          0.750000    3.798129   -3.048129 (VIOLATED)
_1209_/RESET_B                          0.750000    3.798125   -3.048125 (VIOLATED)
_1226_/RESET_B                          0.750000    3.798126   -3.048126 (VIOLATED)
_1188_/RESET_B                          0.750000    3.798122   -3.048122 (VIOLATED)
_1189_/RESET_B                          0.750000    3.798121   -3.048121 (VIOLATED)
_1190_/RESET_B                          0.750000    3.798120   -3.048120 (VIOLATED)
_1191_/RESET_B                          0.750000    3.798120   -3.048120 (VIOLATED)
_1196_/RESET_B                          0.750000    3.798121   -3.048121 (VIOLATED)
_1197_/RESET_B                          0.750000    3.798121   -3.048121 (VIOLATED)
_1217_/RESET_B                          0.750000    3.798122   -3.048122 (VIOLATED)
_1198_/RESET_B                          0.750000    3.798119   -3.048119 (VIOLATED)
_1204_/RESET_B                          0.750000    3.798121   -3.048121 (VIOLATED)
_1205_/RESET_B                          0.750000    3.798121   -3.048121 (VIOLATED)
_1206_/RESET_B                          0.750000    3.798119   -3.048119 (VIOLATED)
_1207_/RESET_B                          0.750000    3.798119   -3.048119 (VIOLATED)
_1212_/RESET_B                          0.750000    3.798121   -3.048121 (VIOLATED)
_1213_/RESET_B                          0.750000    3.798121   -3.048121 (VIOLATED)
_1215_/RESET_B                          0.750000    3.798119   -3.048119 (VIOLATED)
_1220_/RESET_B                          0.750000    3.798121   -3.048121 (VIOLATED)
_1221_/RESET_B                          0.750000    3.798121   -3.048121 (VIOLATED)
_1229_/RESET_B                          0.750000    3.798120   -3.048120 (VIOLATED)
_1230_/RESET_B                          0.750000    3.798119   -3.048119 (VIOLATED)
_1200_/RESET_B                          0.750000    3.798116   -3.048116 (VIOLATED)
_1208_/RESET_B                          0.750000    3.798116   -3.048116 (VIOLATED)
_1214_/RESET_B                          0.750000    3.798119   -3.048119 (VIOLATED)
_1216_/RESET_B                          0.750000    3.798116   -3.048116 (VIOLATED)
_1222_/RESET_B                          0.750000    3.798119   -3.048119 (VIOLATED)
_1223_/RESET_B                          0.750000    3.798119   -3.048119 (VIOLATED)
_1228_/RESET_B                          0.750000    3.798120   -3.048120 (VIOLATED)
_1224_/RESET_B                          0.750000    3.798116   -3.048116 (VIOLATED)
_1231_/RESET_B                          0.750000    3.798118   -3.048118 (VIOLATED)
_1225_/RESET_B                          0.750000    3.798115   -3.048115 (VIOLATED)
_1232_/RESET_B                          0.750000    3.798116   -3.048116 (VIOLATED)
_1233_/RESET_B                          0.750000    3.798115   -3.048115 (VIOLATED)
_1234_/RESET_B                          0.750000    3.798113   -3.048113 (VIOLATED)
rst_n                                   0.750000    3.798108   -3.048108 (VIOLATED)
_0549_/S                                0.750000    3.254058   -2.504058 (VIOLATED)
_0632_/S                                0.750000    3.254059   -2.504059 (VIOLATED)
_0639_/S                                0.750000    3.254058   -2.504058 (VIOLATED)
_0640_/S                                0.750000    3.254057   -2.504057 (VIOLATED)
_0647_/S                                0.750000    3.254058   -2.504058 (VIOLATED)
_0648_/S                                0.750000    3.254057   -2.504057 (VIOLATED)
_0655_/S                                0.750000    3.254059   -2.504059 (VIOLATED)
_0656_/S                                0.750000    3.254057   -2.504057 (VIOLATED)
_0663_/S                                0.750000    3.254058   -2.504058 (VIOLATED)
_0664_/S                                0.750000    3.254056   -2.504056 (VIOLATED)
_0671_/S                                0.750000    3.254058   -2.504058 (VIOLATED)
_0679_/S                                0.750000    3.254058   -2.504058 (VIOLATED)
_0687_/S                                0.750000    3.254058   -2.504058 (VIOLATED)
_0672_/S                                0.750000    3.254056   -2.504056 (VIOLATED)
_0680_/S                                0.750000    3.254056   -2.504056 (VIOLATED)
_0688_/S                                0.750000    3.254056   -2.504056 (VIOLATED)
_0631_/S                                0.750000    3.254050   -2.504050 (VIOLATED)
_1049_/S                                0.750000    3.254048   -2.504048 (VIOLATED)
_0629_/S                                0.750000    3.254043   -2.504043 (VIOLATED)
_0637_/S                                0.750000    3.254043   -2.504043 (VIOLATED)
_0645_/S                                0.750000    3.254043   -2.504043 (VIOLATED)
_0653_/S                                0.750000    3.254042   -2.504042 (VIOLATED)
_0685_/S                                0.750000    3.254045   -2.504045 (VIOLATED)
_0661_/S                                0.750000    3.254042   -2.504041 (VIOLATED)
_0669_/S                                0.750000    3.254041   -2.504041 (VIOLATED)
_1047_/S                                0.750000    3.254043   -2.504043 (VIOLATED)
_0677_/S                                0.750000    3.254041   -2.504041 (VIOLATED)
_1048_/S                                0.750000    3.254021   -2.504021 (VIOLATED)
_0550_/S                                0.750000    3.254006   -2.504006 (VIOLATED)
_0628_/S                                0.750000    3.254006   -2.504006 (VIOLATED)
_0633_/S                                0.750000    3.254006   -2.504005 (VIOLATED)
_1044_/S                                0.750000    3.254005   -2.504005 (VIOLATED)
_0626_/S                                0.750000    3.254002   -2.504002 (VIOLATED)
_0636_/S                                0.750000    3.254004   -2.504004 (VIOLATED)
_0641_/S                                0.750000    3.254005   -2.504005 (VIOLATED)
_0644_/S                                0.750000    3.254004   -2.504004 (VIOLATED)
_0649_/S                                0.750000    3.254005   -2.504005 (VIOLATED)
_0657_/S                                0.750000    3.254005   -2.504005 (VIOLATED)
_0673_/S                                0.750000    3.254003   -2.504003 (VIOLATED)
_0676_/S                                0.750000    3.254005   -2.504005 (VIOLATED)
_0681_/S                                0.750000    3.254003   -2.504003 (VIOLATED)
_0684_/S                                0.750000    3.254005   -2.504005 (VIOLATED)
_0689_/S                                0.750000    3.254003   -2.504003 (VIOLATED)
_1045_/S                                0.750000    3.254004   -2.504004 (VIOLATED)
_1046_/S                                0.750000    3.254006   -2.504006 (VIOLATED)
_0627_/S                                0.750000    3.254000   -2.504000 (VIOLATED)
_0634_/S                                0.750000    3.254001   -2.504002 (VIOLATED)
_0642_/S                                0.750000    3.254002   -2.504002 (VIOLATED)
_0650_/S                                0.750000    3.254002   -2.504002 (VIOLATED)
_0652_/S                                0.750000    3.254004   -2.504004 (VIOLATED)
_0658_/S                                0.750000    3.254002   -2.504002 (VIOLATED)
_0660_/S                                0.750000    3.254004   -2.504004 (VIOLATED)
_0665_/S                                0.750000    3.254004   -2.504004 (VIOLATED)
_0668_/S                                0.750000    3.254005   -2.504005 (VIOLATED)
_0630_/S                                0.750000    3.253998   -2.503999 (VIOLATED)
_0666_/S                                0.750000    3.253999   -2.503999 (VIOLATED)
_0674_/S                                0.750000    3.253998   -2.503999 (VIOLATED)
_0638_/S                                0.750000    3.253996   -2.503996 (VIOLATED)
_0682_/S                                0.750000    3.253998   -2.503998 (VIOLATED)
_0646_/S                                0.750000    3.253995   -2.503995 (VIOLATED)
_0654_/S                                0.750000    3.253994   -2.503994 (VIOLATED)
_0662_/S                                0.750000    3.253992   -2.503992 (VIOLATED)
_0678_/S                                0.750000    3.253993   -2.503993 (VIOLATED)
_0686_/S                                0.750000    3.253994   -2.503994 (VIOLATED)
_0670_/S                                0.750000    3.253990   -2.503990 (VIOLATED)
_0635_/S                                0.750000    3.253987   -2.503987 (VIOLATED)
_0548_/Y                                0.750000    3.253983   -2.503983 (VIOLATED)
_0643_/S                                0.750000    3.253983   -2.503983 (VIOLATED)
_0651_/S                                0.750000    3.253983   -2.503983 (VIOLATED)
_0659_/S                                0.750000    3.253983   -2.503983 (VIOLATED)
_0667_/S                                0.750000    3.253983   -2.503983 (VIOLATED)
_0675_/S                                0.750000    3.253983   -2.503983 (VIOLATED)
_0683_/S                                0.750000    3.253983   -2.503983 (VIOLATED)
_0954_/B                                0.750000    3.253983   -2.503983 (VIOLATED)
_1040_/B                                0.750000    3.253983   -2.503983 (VIOLATED)
_1043_/A                                0.750000    3.253983   -2.503983 (VIOLATED)
_1232_/CLK                              0.750000    2.237046   -1.487046 (VIOLATED)
_1233_/CLK                              0.750000    2.237046   -1.487046 (VIOLATED)
_1234_/CLK                              0.750000    2.237047   -1.487047 (VIOLATED)
_1194_/CLK                              0.750000    2.237043   -1.487043 (VIOLATED)
_1202_/CLK                              0.750000    2.237044   -1.487044 (VIOLATED)
_1210_/CLK                              0.750000    2.237045   -1.487045 (VIOLATED)
_1216_/CLK                              0.750000    2.237044   -1.487044 (VIOLATED)
_1218_/CLK                              0.750000    2.237045   -1.487045 (VIOLATED)
_1224_/CLK                              0.750000    2.237046   -1.487046 (VIOLATED)
_1225_/CLK                              0.750000    2.237046   -1.487046 (VIOLATED)
_1226_/CLK                              0.750000    2.237046   -1.487046 (VIOLATED)
_1200_/CLK                              0.750000    2.237042   -1.487042 (VIOLATED)
_1208_/CLK                              0.750000    2.237043   -1.487043 (VIOLATED)
_1201_/CLK                              0.750000    2.237041   -1.487041 (VIOLATED)
_1203_/CLK                              0.750000    2.237042   -1.487042 (VIOLATED)
_1209_/CLK                              0.750000    2.237042   -1.487042 (VIOLATED)
_1211_/CLK                              0.750000    2.237041   -1.487041 (VIOLATED)
_1217_/CLK                              0.750000    2.237042   -1.487042 (VIOLATED)
_1186_/CLK                              0.750000    2.237039   -1.487039 (VIOLATED)
_1187_/CLK                              0.750000    2.237039   -1.487039 (VIOLATED)
_1219_/CLK                              0.750000    2.237040   -1.487040 (VIOLATED)
_1193_/CLK                              0.750000    2.237037   -1.487038 (VIOLATED)
_1195_/CLK                              0.750000    2.237039   -1.487039 (VIOLATED)
_1227_/CLK                              0.750000    2.237039   -1.487039 (VIOLATED)
_1235_/CLK                              0.750000    2.237039   -1.487039 (VIOLATED)
_1192_/CLK                              0.750000    2.237032   -1.487032 (VIOLATED)
_1185_/CLK                              0.750000    2.237030   -1.487030 (VIOLATED)
_1184_/CLK                              0.750000    2.237028   -1.487028 (VIOLATED)
_1230_/CLK                              0.750000    2.237029   -1.487029 (VIOLATED)
_1231_/CLK                              0.750000    2.237029   -1.487029 (VIOLATED)
_1215_/CLK                              0.750000    2.237027   -1.487027 (VIOLATED)
_1222_/CLK                              0.750000    2.237029   -1.487029 (VIOLATED)
_1223_/CLK                              0.750000    2.237029   -1.487029 (VIOLATED)
_1198_/CLK                              0.750000    2.237025   -1.487025 (VIOLATED)
_1206_/CLK                              0.750000    2.237026   -1.487026 (VIOLATED)
_1214_/CLK                              0.750000    2.237028   -1.487028 (VIOLATED)
_1207_/CLK                              0.750000    2.237026   -1.487026 (VIOLATED)
_1190_/CLK                              0.750000    2.237023   -1.487023 (VIOLATED)
_1191_/CLK                              0.750000    2.237020   -1.487020 (VIOLATED)
_1183_/CLK                              0.750000    2.237010   -1.487010 (VIOLATED)
_1182_/CLK                              0.750000    2.237004   -1.487004 (VIOLATED)
_1199_/CLK                              0.750000    2.236996   -1.486996 (VIOLATED)
_1181_/CLK                              0.750000    2.236974   -1.486974 (VIOLATED)
_1180_/CLK                              0.750000    2.236969   -1.486970 (VIOLATED)
_1221_/CLK                              0.750000    2.236970   -1.486970 (VIOLATED)
_1228_/CLK                              0.750000    2.236970   -1.486970 (VIOLATED)
_1229_/CLK                              0.750000    2.236970   -1.486970 (VIOLATED)
_1197_/CLK                              0.750000    2.236968   -1.486968 (VIOLATED)
_1205_/CLK                              0.750000    2.236969   -1.486969 (VIOLATED)
_1213_/CLK                              0.750000    2.236969   -1.486969 (VIOLATED)
_1220_/CLK                              0.750000    2.236967   -1.486967 (VIOLATED)
_1242_/CLK                              0.750000    2.236968   -1.486968 (VIOLATED)
_1196_/CLK                              0.750000    2.236965   -1.486965 (VIOLATED)
_1204_/CLK                              0.750000    2.236966   -1.486966 (VIOLATED)
_1212_/CLK                              0.750000    2.236967   -1.486967 (VIOLATED)
_1188_/CLK                              0.750000    2.236963   -1.486963 (VIOLATED)
_1189_/CLK                              0.750000    2.236963   -1.486963 (VIOLATED)
_1240_/CLK                              0.750000    2.236957   -1.486957 (VIOLATED)
_1241_/CLK                              0.750000    2.236957   -1.486957 (VIOLATED)
_1244_/CLK                              0.750000    2.236957   -1.486957 (VIOLATED)
_1245_/CLK                              0.750000    2.236953   -1.486953 (VIOLATED)
_1243_/CLK                              0.750000    2.236949   -1.486949 (VIOLATED)
_1239_/CLK                              0.750000    2.236947   -1.486947 (VIOLATED)
_1236_/CLK                              0.750000    2.236920   -1.486920 (VIOLATED)
_1237_/CLK                              0.750000    2.236919   -1.486919 (VIOLATED)
_1238_/CLK                              0.750000    2.236919   -1.486919 (VIOLATED)
_1133_/CLK                              0.750000    2.236893   -1.486893 (VIOLATED)
_1141_/CLK                              0.750000    2.236891   -1.486891 (VIOLATED)
_1125_/CLK                              0.750000    2.236881   -1.486881 (VIOLATED)
_1157_/CLK                              0.750000    2.236877   -1.486877 (VIOLATED)
_1165_/CLK                              0.750000    2.236877   -1.486877 (VIOLATED)
_1173_/CLK                              0.750000    2.236877   -1.486877 (VIOLATED)
_1149_/CLK                              0.750000    2.236875   -1.486875 (VIOLATED)
_1160_/CLK                              0.750000    2.236856   -1.486856 (VIOLATED)
_1152_/CLK                              0.750000    2.236848   -1.486848 (VIOLATED)
_1168_/CLK                              0.750000    2.236845   -1.486845 (VIOLATED)
_1176_/CLK                              0.750000    2.236845   -1.486845 (VIOLATED)
_1144_/CLK                              0.750000    2.236835   -1.486835 (VIOLATED)
_1136_/CLK                              0.750000    2.236821   -1.486821 (VIOLATED)
_1128_/CLK                              0.750000    2.236819   -1.486819 (VIOLATED)
_1120_/CLK                              0.750000    2.236809   -1.486809 (VIOLATED)
_1117_/CLK                              0.750000    2.236801   -1.486801 (VIOLATED)
_1164_/CLK                              0.750000    2.236794   -1.486794 (VIOLATED)
_1172_/CLK                              0.750000    2.236794   -1.486794 (VIOLATED)
_1124_/CLK                              0.750000    2.236791   -1.486791 (VIOLATED)
_1132_/CLK                              0.750000    2.236792   -1.486792 (VIOLATED)
_1140_/CLK                              0.750000    2.236793   -1.486793 (VIOLATED)
_1148_/CLK                              0.750000    2.236793   -1.486793 (VIOLATED)
_1156_/CLK                              0.750000    2.236794   -1.486794 (VIOLATED)
_1116_/CLK                              0.750000    2.236789   -1.486789 (VIOLATED)
_1247_/CLK                              0.750000    2.236779   -1.486779 (VIOLATED)
_1246_/CLK                              0.750000    2.236772   -1.486772 (VIOLATED)
_1077_/CLK                              0.750000    2.236761   -1.486761 (VIOLATED)
_1061_/CLK                              0.750000    2.236753   -1.486752 (VIOLATED)
_1069_/CLK                              0.750000    2.236748   -1.486748 (VIOLATED)
_1085_/CLK                              0.750000    2.236748   -1.486748 (VIOLATED)
_1126_/CLK                              0.750000    2.236739   -1.486739 (VIOLATED)
_1134_/CLK                              0.750000    2.236739   -1.486739 (VIOLATED)
_1142_/CLK                              0.750000    2.236739   -1.486739 (VIOLATED)
_1150_/CLK                              0.750000    2.236739   -1.486739 (VIOLATED)
_1158_/CLK                              0.750000    2.236740   -1.486740 (VIOLATED)
_1166_/CLK                              0.750000    2.236740   -1.486740 (VIOLATED)
_1174_/CLK                              0.750000    2.236740   -1.486740 (VIOLATED)
_1051_/CLK                              0.750000    2.236736   -1.486736 (VIOLATED)
_1123_/CLK                              0.750000    2.236737   -1.486737 (VIOLATED)
_1131_/CLK                              0.750000    2.236737   -1.486737 (VIOLATED)
_1139_/CLK                              0.750000    2.236737   -1.486737 (VIOLATED)
_1118_/CLK                              0.750000    2.236734   -1.486734 (VIOLATED)
_1075_/CLK                              0.750000    2.236732   -1.486732 (VIOLATED)
_1091_/CLK                              0.750000    2.236732   -1.486732 (VIOLATED)
_1248_/CLK                              0.750000    2.236733   -1.486734 (VIOLATED)
_1059_/CLK                              0.750000    2.236728   -1.486728 (VIOLATED)
_1083_/CLK                              0.750000    2.236728   -1.486728 (VIOLATED)
_1099_/CLK                              0.750000    2.236729   -1.486729 (VIOLATED)
_1147_/CLK                              0.750000    2.236730   -1.486730 (VIOLATED)
_1155_/CLK                              0.750000    2.236730   -1.486730 (VIOLATED)
_1163_/CLK                              0.750000    2.236730   -1.486730 (VIOLATED)
_1171_/CLK                              0.750000    2.236730   -1.486730 (VIOLATED)
_1179_/CLK                              0.750000    2.236730   -1.486730 (VIOLATED)
_1067_/CLK                              0.750000    2.236726   -1.486726 (VIOLATED)
_1107_/CLK                              0.750000    2.236726   -1.486726 (VIOLATED)
_1115_/CLK                              0.750000    2.236727   -1.486727 (VIOLATED)
_1054_/CLK                              0.750000    2.236721   -1.486721 (VIOLATED)
_1062_/CLK                              0.750000    2.236717   -1.486717 (VIOLATED)
_1070_/CLK                              0.750000    2.236717   -1.486717 (VIOLATED)
_1078_/CLK                              0.750000    2.236717   -1.486717 (VIOLATED)
_1086_/CLK                              0.750000    2.236717   -1.486717 (VIOLATED)
_1110_/CLK                              0.750000    2.236718   -1.486718 (VIOLATED)
_1094_/CLK                              0.750000    2.236716   -1.486716 (VIOLATED)
_1102_/CLK                              0.750000    2.236717   -1.486717 (VIOLATED)
_1060_/CLK                              0.750000    2.236712   -1.486712 (VIOLATED)
_1068_/CLK                              0.750000    2.236712   -1.486712 (VIOLATED)
_1084_/CLK                              0.750000    2.236712   -1.486712 (VIOLATED)
_1058_/CLK                              0.750000    2.236709   -1.486709 (VIOLATED)
_1114_/CLK                              0.750000    2.236709   -1.486709 (VIOLATED)
_1076_/CLK                              0.750000    2.236704   -1.486704 (VIOLATED)
_1053_/CLK                              0.750000    2.236702   -1.486702 (VIOLATED)
_1052_/CLK                              0.750000    2.236701   -1.486700 (VIOLATED)
_1092_/CLK                              0.750000    2.236700   -1.486700 (VIOLATED)
_1093_/CLK                              0.750000    2.236701   -1.486702 (VIOLATED)
_1101_/CLK                              0.750000    2.236701   -1.486702 (VIOLATED)
_1100_/CLK                              0.750000    2.236700   -1.486700 (VIOLATED)
_1108_/CLK                              0.750000    2.236701   -1.486701 (VIOLATED)
_1109_/CLK                              0.750000    2.236702   -1.486702 (VIOLATED)
_1064_/CLK                              0.750000    2.236698   -1.486698 (VIOLATED)
_1096_/CLK                              0.750000    2.236697   -1.486697 (VIOLATED)
_1112_/CLK                              0.750000    2.236698   -1.486698 (VIOLATED)
_1088_/CLK                              0.750000    2.236694   -1.486694 (VIOLATED)
_1250_/CLK                              0.750000    2.236691   -1.486691 (VIOLATED)
_1072_/CLK                              0.750000    2.236688   -1.486688 (VIOLATED)
_1104_/CLK                              0.750000    2.236688   -1.486688 (VIOLATED)
_1113_/CLK                              0.750000    2.236682   -1.486682 (VIOLATED)
_1057_/CLK                              0.750000    2.236676   -1.486676 (VIOLATED)
_1089_/CLK                              0.750000    2.236676   -1.486676 (VIOLATED)
_1056_/CLK                              0.750000    2.236672   -1.486672 (VIOLATED)
_1080_/CLK                              0.750000    2.236673   -1.486673 (VIOLATED)
_1073_/CLK                              0.750000    2.236668   -1.486668 (VIOLATED)
_1065_/CLK                              0.750000    2.236648   -1.486648 (VIOLATED)
_1081_/CLK                              0.750000    2.236642   -1.486642 (VIOLATED)
_1097_/CLK                              0.750000    2.236639   -1.486639 (VIOLATED)
_1105_/CLK                              0.750000    2.236639   -1.486639 (VIOLATED)
_1055_/CLK                              0.750000    2.236626   -1.486626 (VIOLATED)
_1063_/CLK                              0.750000    2.236626   -1.486626 (VIOLATED)
_1079_/CLK                              0.750000    2.236626   -1.486626 (VIOLATED)
_1095_/CLK                              0.750000    2.236626   -1.486626 (VIOLATED)
_1111_/CLK                              0.750000    2.236626   -1.486626 (VIOLATED)
_1121_/CLK                              0.750000    2.236625   -1.486625 (VIOLATED)
_1175_/CLK                              0.750000    2.236625   -1.486625 (VIOLATED)
_1251_/CLK                              0.750000    2.236625   -1.486625 (VIOLATED)
_1050_/CLK                              0.750000    2.236621   -1.486621 (VIOLATED)
_1071_/CLK                              0.750000    2.236622   -1.486622 (VIOLATED)
_1074_/CLK                              0.750000    2.236622   -1.486622 (VIOLATED)
_1082_/CLK                              0.750000    2.236622   -1.486622 (VIOLATED)
_1087_/CLK                              0.750000    2.236622   -1.486622 (VIOLATED)
_1090_/CLK                              0.750000    2.236622   -1.486622 (VIOLATED)
_1159_/CLK                              0.750000    2.236623   -1.486623 (VIOLATED)
_1167_/CLK                              0.750000    2.236624   -1.486624 (VIOLATED)
_1066_/CLK                              0.750000    2.236619   -1.486619 (VIOLATED)
_1098_/CLK                              0.750000    2.236619   -1.486619 (VIOLATED)
_1137_/CLK                              0.750000    2.236620   -1.486620 (VIOLATED)
_1103_/CLK                              0.750000    2.236619   -1.486619 (VIOLATED)
_1106_/CLK                              0.750000    2.236619   -1.486619 (VIOLATED)
_1122_/CLK                              0.750000    2.236620   -1.486620 (VIOLATED)
_1129_/CLK                              0.750000    2.236620   -1.486620 (VIOLATED)
_1145_/CLK                              0.750000    2.236620   -1.486620 (VIOLATED)
_1153_/CLK                              0.750000    2.236620   -1.486621 (VIOLATED)
_1161_/CLK                              0.750000    2.236621   -1.486621 (VIOLATED)
_1169_/CLK                              0.750000    2.236621   -1.486621 (VIOLATED)
_1177_/CLK                              0.750000    2.236621   -1.486621 (VIOLATED)
_1130_/CLK                              0.750000    2.236619   -1.486619 (VIOLATED)
_1138_/CLK                              0.750000    2.236618   -1.486618 (VIOLATED)
_1146_/CLK                              0.750000    2.236618   -1.486618 (VIOLATED)
_1154_/CLK                              0.750000    2.236618   -1.486618 (VIOLATED)
_1162_/CLK                              0.750000    2.236618   -1.486618 (VIOLATED)
_1170_/CLK                              0.750000    2.236619   -1.486619 (VIOLATED)
_1178_/CLK                              0.750000    2.236619   -1.486619 (VIOLATED)
_1119_/CLK                              0.750000    2.236616   -1.486616 (VIOLATED)
_1127_/CLK                              0.750000    2.236615   -1.486615 (VIOLATED)
_1135_/CLK                              0.750000    2.236615   -1.486615 (VIOLATED)
_1249_/CLK                              0.750000    2.236616   -1.486616 (VIOLATED)
_1143_/CLK                              0.750000    2.236614   -1.486614 (VIOLATED)
_1151_/CLK                              0.750000    2.236615   -1.486615 (VIOLATED)
clk                                     0.750000    2.236611   -1.486611 (VIOLATED)
_0776_/A2                               0.750000    1.029675   -0.279675 (VIOLATED)
_0843_/B1                               0.750000    1.029675   -0.279675 (VIOLATED)
_0793_/B1                               0.750000    1.029674   -0.279674 (VIOLATED)
_0735_/B1                               0.750000    1.029672   -0.279672 (VIOLATED)
_0764_/B1                               0.750000    1.029672   -0.279672 (VIOLATED)
_0830_/B1                               0.750000    1.029672   -0.279672 (VIOLATED)
_0929_/B1                               0.750000    1.029670   -0.279670 (VIOLATED)
_0923_/B1                               0.750000    1.029668   -0.279669 (VIOLATED)
_0746_/B1                               0.750000    1.029668   -0.279668 (VIOLATED)
_0700_/Y                                0.750000    1.029666   -0.279666 (VIOLATED)
_0704_/B                                0.750000    1.029666   -0.279666 (VIOLATED)
_0719_/A2                               0.750000    1.029666   -0.279666 (VIOLATED)
_0723_/B1                               0.750000    1.029666   -0.279666 (VIOLATED)
_0809_/A2                               0.750000    1.029666   -0.279666 (VIOLATED)
_0772_/A2                               0.750000    1.026579   -0.276579 (VIOLATED)
_0877_/A2                               0.750000    1.026579   -0.276579 (VIOLATED)
_0760_/B                                0.750000    1.026577   -0.276578 (VIOLATED)
_0843_/A2                               0.750000    1.026578   -0.276578 (VIOLATED)
_0897_/A2                               0.750000    1.026577   -0.276577 (VIOLATED)
_0695_/A2                               0.750000    1.026576   -0.276576 (VIOLATED)
_0734_/B                                0.750000    1.026577   -0.276577 (VIOLATED)
_0714_/B                                0.750000    1.026575   -0.276575 (VIOLATED)
_0927_/B1                               0.750000    1.026575   -0.276575 (VIOLATED)
_0693_/Y                                0.750000    1.026573   -0.276573 (VIOLATED)
_0709_/A2                               0.750000    1.026573   -0.276573 (VIOLATED)
_0722_/B                                0.750000    1.026573   -0.276573 (VIOLATED)
_0747_/A2                               0.750000    1.026573   -0.276573 (VIOLATED)
_0805_/A2                               0.750000    1.026573   -0.276573 (VIOLATED)
_0923_/A2                               0.750000    1.026573   -0.276573 (VIOLATED)
_0832_/C                                0.750000    0.822268   -0.072268 (VIOLATED)
_0833_/A1                               0.750000    0.822268   -0.072268 (VIOLATED)
_0831_/B                                0.750000    0.822268   -0.072268 (VIOLATED)
_0874_/B_N                              0.750000    0.822265   -0.072265 (VIOLATED)
_0876_/A1                               0.750000    0.822265   -0.072265 (VIOLATED)
_0875_/C                                0.750000    0.822265   -0.072265 (VIOLATED)
_0872_/C                                0.750000    0.822264   -0.072264 (VIOLATED)
_0690_/B                                0.750000    0.822262   -0.072262 (VIOLATED)
_0763_/B                                0.750000    0.822259   -0.072259 (VIOLATED)
_0761_/A1                               0.750000    0.822256   -0.072256 (VIOLATED)
_0762_/C                                0.750000    0.822255   -0.072255 (VIOLATED)
_0696_/B                                0.750000    0.822254   -0.072254 (VIOLATED)
_0771_/B_N                              0.750000    0.822253   -0.072253 (VIOLATED)
_0774_/A1                               0.750000    0.822252   -0.072252 (VIOLATED)
_0773_/C                                0.750000    0.822251   -0.072251 (VIOLATED)
_0775_/B                                0.750000    0.822251   -0.072251 (VIOLATED)
_0844_/A1                               0.750000    0.822249   -0.072249 (VIOLATED)
_0846_/B                                0.750000    0.822248   -0.072248 (VIOLATED)
_0845_/C                                0.750000    0.822247   -0.072247 (VIOLATED)
_0842_/B_N                              0.750000    0.822238   -0.072238 (VIOLATED)
_0795_/A1                               0.750000    0.822229   -0.072229 (VIOLATED)
_0794_/C                                0.750000    0.822228   -0.072228 (VIOLATED)
_0797_/B                                0.750000    0.822224   -0.072225 (VIOLATED)
_0796_/B_N                              0.750000    0.822223   -0.072223 (VIOLATED)
_0892_/B                                0.750000    0.822218   -0.072218 (VIOLATED)
_0895_/A1                               0.750000    0.822217   -0.072217 (VIOLATED)
_0896_/C                                0.750000    0.822216   -0.072216 (VIOLATED)
_0894_/B_N                              0.750000    0.822216   -0.072216 (VIOLATED)
_0736_/A1                               0.750000    0.822215   -0.072215 (VIOLATED)
_0737_/B_N                              0.750000    0.822215   -0.072215 (VIOLATED)
_0738_/C                                0.750000    0.822215   -0.072215 (VIOLATED)
_0698_/A1                               0.750000    0.822213   -0.072213 (VIOLATED)
_0697_/B_N                              0.750000    0.822210   -0.072210 (VIOLATED)
_0691_/B                                0.750000    0.822207   -0.072207 (VIOLATED)
_0701_/C                                0.750000    0.822206   -0.072206 (VIOLATED)
_0718_/B_N                              0.750000    0.822185   -0.072185 (VIOLATED)
_0716_/B_N                              0.750000    0.822183   -0.072183 (VIOLATED)
_0717_/A1                               0.750000    0.822183   -0.072183 (VIOLATED)
_0699_/B                                0.750000    0.822172   -0.072172 (VIOLATED)
_0921_/A                                0.750000    0.822168   -0.072168 (VIOLATED)
_0534_/A                                0.750000    0.822167   -0.072167 (VIOLATED)
_0705_/A1                               0.750000    0.822160   -0.072160 (VIOLATED)
_0707_/B                                0.750000    0.822157   -0.072157 (VIOLATED)
_0706_/B_N                              0.750000    0.822152   -0.072152 (VIOLATED)
_0804_/B                                0.750000    0.822142   -0.072142 (VIOLATED)
_0806_/B_N                              0.750000    0.822136   -0.072136 (VIOLATED)
_0807_/A1                               0.750000    0.822135   -0.072135 (VIOLATED)
_0533_/C                                0.750000    0.822135   -0.072135 (VIOLATED)
_0693_/C                                0.750000    0.822135   -0.072135 (VIOLATED)
_0694_/C                                0.750000    0.822135   -0.072135 (VIOLATED)
_0700_/C_N                              0.750000    0.822135   -0.072135 (VIOLATED)
_0724_/B_N                              0.750000    0.822135   -0.072135 (VIOLATED)
_0725_/A1                               0.750000    0.822135   -0.072135 (VIOLATED)
_0726_/B_N                              0.750000    0.822135   -0.072135 (VIOLATED)
_0727_/B                                0.750000    0.822135   -0.072135 (VIOLATED)
_0742_/C                                0.750000    0.822135   -0.072135 (VIOLATED)
_0743_/B                                0.750000    0.822135   -0.072135 (VIOLATED)
_0745_/A1                               0.750000    0.822135   -0.072135 (VIOLATED)
_0808_/C                                0.750000    0.822135   -0.072135 (VIOLATED)
_1042_/B1                               0.750000    0.822135   -0.072135 (VIOLATED)
_1238_/Q                                0.750000    0.822135   -0.072135 (VIOLATED)
_0831_/A_N                              0.750000    0.807369   -0.057369 (VIOLATED)
_0833_/C1                               0.750000    0.807369   -0.057369 (VIOLATED)
_0832_/B                                0.750000    0.807368   -0.057368 (VIOLATED)
_0874_/D                                0.750000    0.807366   -0.057366 (VIOLATED)
_0876_/C1                               0.750000    0.807366   -0.057366 (VIOLATED)
_0875_/B_N                              0.750000    0.807366   -0.057366 (VIOLATED)
_0872_/B                                0.750000    0.807365   -0.057365 (VIOLATED)
_0690_/A_N                              0.750000    0.807363   -0.057363 (VIOLATED)
_0892_/A_N                              0.750000    0.807362   -0.057362 (VIOLATED)
_0763_/A_N                              0.750000    0.807359   -0.057359 (VIOLATED)
_0761_/C1                               0.750000    0.807357   -0.057357 (VIOLATED)
_0762_/B                                0.750000    0.807356   -0.057356 (VIOLATED)
_0771_/A_N                              0.750000    0.807352   -0.057352 (VIOLATED)
_0774_/C1                               0.750000    0.807352   -0.057352 (VIOLATED)
_0696_/C_N                              0.750000    0.807351   -0.057351 (VIOLATED)
_0775_/A_N                              0.750000    0.807351   -0.057351 (VIOLATED)
_0773_/B                                0.750000    0.807351   -0.057351 (VIOLATED)
_0844_/C1                               0.750000    0.807349   -0.057349 (VIOLATED)
_0846_/A_N                              0.750000    0.807349   -0.057349 (VIOLATED)
_0845_/B                                0.750000    0.807349   -0.057349 (VIOLATED)
_0842_/A_N                              0.750000    0.807341   -0.057341 (VIOLATED)
_0795_/C1                               0.750000    0.807333   -0.057333 (VIOLATED)
_0895_/C1                               0.750000    0.807332   -0.057332 (VIOLATED)
_0894_/A_N                              0.750000    0.807332   -0.057332 (VIOLATED)
_0896_/B_N                              0.750000    0.807331   -0.057331 (VIOLATED)
_0794_/B                                0.750000    0.807331   -0.057331 (VIOLATED)
_0736_/C1                               0.750000    0.807331   -0.057331 (VIOLATED)
_0737_/A_N                              0.750000    0.807331   -0.057331 (VIOLATED)
_0738_/B                                0.750000    0.807331   -0.057331 (VIOLATED)
_0797_/A_N                              0.750000    0.807329   -0.057329 (VIOLATED)
_0796_/A_N                              0.750000    0.807328   -0.057328 (VIOLATED)
_0691_/A_N                              0.750000    0.807325   -0.057325 (VIOLATED)
_0698_/C1                               0.750000    0.807318   -0.057318 (VIOLATED)
_0697_/D                                0.750000    0.807314   -0.057314 (VIOLATED)
_0701_/B_N                              0.750000    0.807310   -0.057310 (VIOLATED)
_0718_/A_N                              0.750000    0.807298   -0.057298 (VIOLATED)
_0717_/C1                               0.750000    0.807295   -0.057295 (VIOLATED)
_0716_/D                                0.750000    0.807294   -0.057294 (VIOLATED)
_0699_/A                                0.750000    0.807284   -0.057284 (VIOLATED)
_0705_/C1                               0.750000    0.807276   -0.057276 (VIOLATED)
_0707_/A_N                              0.750000    0.807272   -0.057272 (VIOLATED)
_0706_/D                                0.750000    0.807269   -0.057269 (VIOLATED)
_0804_/A_N                              0.750000    0.807263   -0.057263 (VIOLATED)
_0532_/B                                0.750000    0.807260   -0.057260 (VIOLATED)
_0533_/B                                0.750000    0.807260   -0.057260 (VIOLATED)
_0692_/B                                0.750000    0.807260   -0.057260 (VIOLATED)
_0693_/B                                0.750000    0.807260   -0.057260 (VIOLATED)
_0694_/B                                0.750000    0.807260   -0.057260 (VIOLATED)
_0700_/B                                0.750000    0.807260   -0.057260 (VIOLATED)
_0724_/D                                0.750000    0.807260   -0.057260 (VIOLATED)
_0725_/C1                               0.750000    0.807260   -0.057260 (VIOLATED)
_0726_/A_N                              0.750000    0.807260   -0.057260 (VIOLATED)
_0727_/A_N                              0.750000    0.807260   -0.057260 (VIOLATED)
_0742_/B                                0.750000    0.807260   -0.057260 (VIOLATED)
_0743_/A_N                              0.750000    0.807260   -0.057260 (VIOLATED)
_0745_/C1                               0.750000    0.807260   -0.057260 (VIOLATED)
_0806_/D                                0.750000    0.807260   -0.057260 (VIOLATED)
_0807_/C1                               0.750000    0.807260   -0.057260 (VIOLATED)
_0808_/B                                0.750000    0.807260   -0.057260 (VIOLATED)
_1038_/B                                0.750000    0.807260   -0.057260 (VIOLATED)
_1039_/A1                               0.750000    0.807260   -0.057260 (VIOLATED)
_1236_/Q                                0.750000    0.807260   -0.057260 (VIOLATED)
_0832_/A                                0.750000    0.798860   -0.048860 (VIOLATED)
_0833_/B1                               0.750000    0.798860   -0.048860 (VIOLATED)
_0831_/D                                0.750000    0.798859   -0.048859 (VIOLATED)
_0874_/A_N                              0.750000    0.798857   -0.048857 (VIOLATED)
_0876_/B1                               0.750000    0.798857   -0.048857 (VIOLATED)
_0875_/A_N                              0.750000    0.798857   -0.048857 (VIOLATED)
_0872_/A_N                              0.750000    0.798856   -0.048856 (VIOLATED)
_0690_/C                                0.750000    0.798854   -0.048854 (VIOLATED)
_0763_/D                                0.750000    0.798849   -0.048849 (VIOLATED)
_0761_/B1                               0.750000    0.798849   -0.048849 (VIOLATED)
_0762_/A_N                              0.750000    0.798848   -0.048848 (VIOLATED)
_0696_/A                                0.750000    0.798845   -0.048845 (VIOLATED)
_0771_/D                                0.750000    0.798845   -0.048845 (VIOLATED)
_0774_/B1                               0.750000    0.798843   -0.048843 (VIOLATED)
_0773_/A_N                              0.750000    0.798843   -0.048843 (VIOLATED)
_0775_/D                                0.750000    0.798842   -0.048842 (VIOLATED)
_0845_/A_N                              0.750000    0.798840   -0.048840 (VIOLATED)
_0844_/B1                               0.750000    0.798840   -0.048840 (VIOLATED)
_0846_/D                                0.750000    0.798839   -0.048839 (VIOLATED)
_0842_/D                                0.750000    0.798830   -0.048830 (VIOLATED)
_0892_/D                                0.750000    0.798824   -0.048824 (VIOLATED)
_0895_/B1                               0.750000    0.798824   -0.048824 (VIOLATED)
_0896_/A_N                              0.750000    0.798823   -0.048823 (VIOLATED)
_0894_/D                                0.750000    0.798823   -0.048823 (VIOLATED)
_0795_/B1                               0.750000    0.798822   -0.048822 (VIOLATED)
_0737_/D                                0.750000    0.798822   -0.048822 (VIOLATED)
_0738_/A_N                              0.750000    0.798822   -0.048822 (VIOLATED)
_0736_/B1                               0.750000    0.798822   -0.048822 (VIOLATED)
_0794_/A                                0.750000    0.798821   -0.048821 (VIOLATED)
_0797_/D                                0.750000    0.798817   -0.048817 (VIOLATED)
_0796_/D                                0.750000    0.798816   -0.048816 (VIOLATED)
_0691_/D                                0.750000    0.798813   -0.048813 (VIOLATED)
_0698_/B1                               0.750000    0.798806   -0.048806 (VIOLATED)
_0697_/A_N                              0.750000    0.798804   -0.048804 (VIOLATED)
_0701_/A_N                              0.750000    0.798802   -0.048802 (VIOLATED)
_0716_/A_N                              0.750000    0.798783   -0.048783 (VIOLATED)
_0717_/B1                               0.750000    0.798779   -0.048779 (VIOLATED)
_0718_/D                                0.750000    0.798774   -0.048774 (VIOLATED)
_0699_/C_N                              0.750000    0.798763   -0.048763 (VIOLATED)
_0705_/B1                               0.750000    0.798756   -0.048756 (VIOLATED)
_0706_/A_N                              0.750000    0.798755   -0.048755 (VIOLATED)
_0707_/D                                0.750000    0.798751   -0.048751 (VIOLATED)
_0745_/B1                               0.750000    0.798746   -0.048746 (VIOLATED)
_0742_/A_N                              0.750000    0.798746   -0.048746 (VIOLATED)
_0743_/D                                0.750000    0.798746   -0.048746 (VIOLATED)
_0700_/A                                0.750000    0.798745   -0.048745 (VIOLATED)
_0694_/A_N                              0.750000    0.798745   -0.048745 (VIOLATED)
_0693_/A                                0.750000    0.798744   -0.048745 (VIOLATED)
_0804_/D                                0.750000    0.798740   -0.048740 (VIOLATED)
_0532_/A                                0.750000    0.798734   -0.048735 (VIOLATED)
_0533_/A                                0.750000    0.798734   -0.048735 (VIOLATED)
_0692_/A                                0.750000    0.798734   -0.048735 (VIOLATED)
_0724_/A_N                              0.750000    0.798734   -0.048735 (VIOLATED)
_0725_/B1                               0.750000    0.798734   -0.048735 (VIOLATED)
_0726_/D                                0.750000    0.798734   -0.048735 (VIOLATED)
_0727_/D                                0.750000    0.798734   -0.048735 (VIOLATED)
_0806_/A_N                              0.750000    0.798734   -0.048735 (VIOLATED)
_0807_/B1                               0.750000    0.798734   -0.048735 (VIOLATED)
_0808_/A_N                              0.750000    0.798734   -0.048735 (VIOLATED)
_1041_/A1                               0.750000    0.798734   -0.048735 (VIOLATED)
_1237_/Q                                0.750000    0.798734   -0.048735 (VIOLATED)
_0531_/Y                                0.750000    0.786003   -0.036003 (VIOLATED)
_0535_/A                                0.750000    0.786003   -0.036003 (VIOLATED)
_0954_/A                                0.750000    0.786003   -0.036003 (VIOLATED)
_0955_/A2                               0.750000    0.786003   -0.036003 (VIOLATED)
_0956_/A2                               0.750000    0.786003   -0.036003 (VIOLATED)
_0957_/A2                               0.750000    0.786003   -0.036003 (VIOLATED)
_0958_/A2                               0.750000    0.786003   -0.036003 (VIOLATED)
_0959_/A2                               0.750000    0.786003   -0.036003 (VIOLATED)
_0960_/A2                               0.750000    0.786003   -0.036003 (VIOLATED)
_0961_/A2                               0.750000    0.786003   -0.036003 (VIOLATED)
_0962_/A2                               0.750000    0.786003   -0.036003 (VIOLATED)
_1042_/A1                               0.750000    0.786003   -0.036003 (VIOLATED)
_0746_/A2                               0.750000    0.777452   -0.027452 (VIOLATED)
_0922_/A2                               0.750000    0.777452   -0.027452 (VIOLATED)
_0928_/B1                               0.750000    0.777452   -0.027452 (VIOLATED)
_0739_/A2                               0.750000    0.777451   -0.027451 (VIOLATED)
_0696_/Y                                0.750000    0.777449   -0.027449 (VIOLATED)
_0765_/A2                               0.750000    0.777449   -0.027449 (VIOLATED)
_0772_/B1                               0.750000    0.777449   -0.027449 (VIOLATED)
_0792_/B                                0.750000    0.777449   -0.027449 (VIOLATED)
_0834_/A2                               0.750000    0.777449   -0.027449 (VIOLATED)
_0847_/A2                               0.750000    0.777449   -0.027449 (VIOLATED)
_0893_/B1                               0.750000    0.777449   -0.027449 (VIOLATED)

max fanout

Pin                                   Limit Fanout  Slack
---------------------------------------------------------
clk                                      10    202   -192 (VIOLATED)
rst_n                                    10    202   -192 (VIOLATED)
_0548_/Y                                 10     75    -65 (VIOLATED)
_1236_/Q                                 10     61    -51 (VIOLATED)
_1237_/Q                                 10     60    -50 (VIOLATED)
_1238_/Q                                 10     60    -50 (VIOLATED)
_0534_/Y                                 10     18     -8 (VIOLATED)
_0693_/Y                                 10     14     -4 (VIOLATED)
_0700_/Y                                 10     13     -3 (VIOLATED)
_0531_/Y                                 10     11        (VIOLATED)
_0954_/Y                                 10     11        (VIOLATED)

max capacitance

Pin                                        Limit         Cap       Slack
------------------------------------------------------------------------
rst_n                                   0.200000    0.854704   -0.654704 (VIOLATED)
clk                                     0.200000    0.502531   -0.302531 (VIOLATED)
_0548_/Y                                0.141917    0.316901   -0.174984 (VIOLATED)



===========================================================================
report_parasitic_annotation -report_unannotated
============================================================================
Found 19 unannotated drivers.
 uio_in[5]
 uio_in[6]
 uio_in[7]
 _1252_/HI
 _1253_/HI
 _1254_/HI
 _1255_/HI
 _1256_/HI
 _1257_/HI
 _1258_/HI
 _1259_/HI
 _1260_/HI
 _1261_/HI
 _1262_/HI
 _1263_/HI
 _1264_/HI
 _1265_/HI
 _1266_/HI
 _1267_/HI
Found 0 partially unannotated drivers.

===========================================================================
max slew violation count 718
Writing metric design__max_slew_violation__count__corner:nom_tt_025C_1v80: 718
max fanout violation count 11
Writing metric design__max_fanout_violation__count__corner:nom_tt_025C_1v80: 11
max cap violation count 3
Writing metric design__max_cap_violation__count__corner:nom_tt_025C_1v80: 3
============================================================================

===========================================================================
check_setup -verbose -unconstrained_endpoints -multiple_clock -no_clock -no_input_delay -loops -generated_clocks
===========================================================================
