Clock: clk
Sources: clk 
Generated: no
Virtual: yes
Propagated: no
Period: 20.000000

===========================================================================
report_clock_properties
============================================================================
Clock                   Period          Waveform
----------------------------------------------------
clk                  20.000000    0.000000 10.000000

===========================================================================
report_clock_latency
============================================================================
Clock clk
rise -> rise
    min     max
0.000000 0.000000 source latency
1.453234         network latency _1143_/CLK
        1.631151 network latency _1234_/CLK
---------------
1.453234 1.631151 latency
        0.177917 skew

fall -> fall
    min     max
0.000000 0.000000 source latency
0.717266         network latency _1143_/CLK
        0.816166 network latency _1234_/CLK
---------------
0.717266 0.816166 latency
        0.098900 skew



===========================================================================
report_clock_min_period
============================================================================
clk period_min = 6.47 fmax = 154.67
