Reading timing models for corner nom_tt_025C_1v80…
Reading timing library for the 'nom_tt_025C_1v80' corner at '/home/ubuntu/.ciel/ciel/sky130/versions/8afc8346a57fe1ab7934ba5a6056ea8b43078e71/sky130A/libs.ref/sky130_fd_sc_hd/lib/sky130_fd_sc_hd__tt_025C_1v80.lib'…
Reading OpenROAD database at '/home/ubuntu/Flow-Guard/results/server_experiment_v2_configs/server-07/runs/trial_server-07/19-openroad-tapendcapinsertion/tt_um_flowguard_stress.odb'…
Reading design constraints file at '/nix/store/f8bhalkl3s4vjwd7g271xz92bra8yrm5-python3-3.13.9-env/lib/python3.13/site-packages/librelane/scripts/base.sdc'…
[INFO] Using clock clk…
[INFO] Setting output delay to: 4.0
[INFO] Setting input delay to: 4.0
[INFO] Setting load to: 0.033442
[INFO] Setting clock uncertainty to: 0.25
[INFO] Setting clock transition to: 0.1499999999999999944488848768742172978818416595458984375
[INFO] Setting timing derate to: 5.0%
[INFO] Setting global connections...
[INFO ODB-0403] 0 connections made, 0 conflicts skipped.
+ pdngen 
[INFO PDN-0001] Inserting grid: stdcell_grid
Setting global connections for newly added cells…
[INFO] Setting global connections...
[INFO ODB-0403] 0 connections made, 0 conflicts skipped.
Updating metrics…
Cell type report:                       Count       Area
  Fill cell                                56     210.20
  Tap cell                                165     206.45
  Inverter                                  4      15.01
  Sequential cell                         202    5307.59
  Multi-Input combinational cell          537    5624.14
  Total                                   964   11363.40
Writing OpenROAD database to '/home/ubuntu/Flow-Guard/results/server_experiment_v2_configs/server-07/runs/trial_server-07/21-openroad-generatepdn/tt_um_flowguard_stress.odb'…
Writing netlist to '/home/ubuntu/Flow-Guard/results/server_experiment_v2_configs/server-07/runs/trial_server-07/21-openroad-generatepdn/tt_um_flowguard_stress.nl.v'…
Writing powered netlist to '/home/ubuntu/Flow-Guard/results/server_experiment_v2_configs/server-07/runs/trial_server-07/21-openroad-generatepdn/tt_um_flowguard_stress.pnl.v'…
Writing layout to '/home/ubuntu/Flow-Guard/results/server_experiment_v2_configs/server-07/runs/trial_server-07/21-openroad-generatepdn/tt_um_flowguard_stress.def'…
Writing timing constraints to '/home/ubuntu/Flow-Guard/results/server_experiment_v2_configs/server-07/runs/trial_server-07/21-openroad-generatepdn/tt_um_flowguard_stress.sdc'…
[INFO PSM-0040] All shapes on net VPWR are connected.
[INFO PSM-0040] All shapes on net VGND are connected.
