121. Printing statistics.

=== tt_um_flowguard_stress ===

        +----------Local Count, excluding submodules.
        |        +-Local Area, excluding submodules.
        |        | 
      714        - wires
      749        - wire bits
      202        - public wires
      237        - public wire bits
        8        - ports
       43        - port bits
      730 1.08E+04 cells
       10   125.12   sky130_fd_sc_hd__a2111o_2
        2   20.019   sky130_fd_sc_hd__a211o_2
        2   25.024   sky130_fd_sc_hd__a211oi_2
        8   80.077   sky130_fd_sc_hd__a21bo_2
        1   11.261   sky130_fd_sc_hd__a21boi_2
       11   96.342   sky130_fd_sc_hd__a21o_2
        7   61.309   sky130_fd_sc_hd__a21oi_2
        8   90.086   sky130_fd_sc_hd__a221o_2
        1   15.014   sky130_fd_sc_hd__a221oi_2
       40  400.384   sky130_fd_sc_hd__a22o_2
        2   22.522   sky130_fd_sc_hd__a2bb2o_2
        4   35.034   sky130_fd_sc_hd__a31o_2
        2   22.522   sky130_fd_sc_hd__a41o_2
       12   90.086   sky130_fd_sc_hd__and2_2
        6    52.55   sky130_fd_sc_hd__and2b_2
        6   45.043   sky130_fd_sc_hd__and3_2
        5   50.048   sky130_fd_sc_hd__and3b_2
        1    10.01   sky130_fd_sc_hd__and4_2
       11  123.869   sky130_fd_sc_hd__and4b_2
       14  175.168   sky130_fd_sc_hd__and4bb_2
       16   60.058   sky130_fd_sc_hd__conb_1
      188 4.94E+03   sky130_fd_sc_hd__dfrtp_2
       14  367.853   sky130_fd_sc_hd__dfstp_2
        3   11.261   sky130_fd_sc_hd__inv_2
      178    2E+03   sky130_fd_sc_hd__mux2_1
       21  131.376   sky130_fd_sc_hd__nand2_2
        2   17.517   sky130_fd_sc_hd__nand2b_2
        6   60.058   sky130_fd_sc_hd__nand3_2
        1   11.261   sky130_fd_sc_hd__nand3b_2
        2   25.024   sky130_fd_sc_hd__nand4_2
       31  193.936   sky130_fd_sc_hd__nor2_2
        2   20.019   sky130_fd_sc_hd__nor3_2
        4   50.048   sky130_fd_sc_hd__nor3b_2
        9   90.086   sky130_fd_sc_hd__o211a_2
        1    8.758   sky130_fd_sc_hd__o21a_2
        4   35.034   sky130_fd_sc_hd__o21ai_2
        3   30.029   sky130_fd_sc_hd__o21ba_2
        1   11.261   sky130_fd_sc_hd__o21bai_2
        5   50.048   sky130_fd_sc_hd__o22a_2
        2   25.024   sky130_fd_sc_hd__o22ai_2
        1   11.261   sky130_fd_sc_hd__o311a_2
        2   20.019   sky130_fd_sc_hd__o31a_2
        5    62.56   sky130_fd_sc_hd__o31ai_2
        4   45.043   sky130_fd_sc_hd__o32a_2
        6   97.594   sky130_fd_sc_hd__o32ai_2
       16  100.096   sky130_fd_sc_hd__or2_2
        5   37.536   sky130_fd_sc_hd__or3_2
        2   17.517   sky130_fd_sc_hd__or3b_2
        3   26.275   sky130_fd_sc_hd__or4_2
        2   20.019   sky130_fd_sc_hd__or4b_2
       30  487.968   sky130_fd_sc_hd__xnor2_2
        8  130.125   sky130_fd_sc_hd__xor2_2

   Chip area for module '\tt_um_flowguard_stress': 10750.310400
     of which used for sequential elements: 5307.590400 (49.37%)

