Clock: clk
Sources: clk 
Generated: no
Virtual: yes
Propagated: no
Period: 20.000000

===========================================================================
report_clock_properties
============================================================================
Clock                   Period          Waveform
----------------------------------------------------
clk                  20.000000    0.000000 10.000000

===========================================================================
report_clock_latency
============================================================================
Clock clk
rise -> rise
    min     max
0.000000 0.000000 source latency
0.525476         network latency _1050_/CLK
        0.600291 network latency _1185_/CLK
---------------
0.525476 0.600291 latency
        0.074815 skew

fall -> fall
    min     max
0.000000 0.000000 source latency
0.491625         network latency _1050_/CLK
        0.557921 network latency _1185_/CLK
---------------
0.491625 0.557921 latency
        0.066295 skew



===========================================================================
report_clock_min_period
============================================================================
clk period_min = 7.03 fmax = 142.16
