
===========================================================================
report_checks -unconstrained
===========================================================================
======================= nom_tt_025C_1v80 Corner ===================================

Startpoint: rst_n (input port clocked by clk)
Endpoint: _1128_ (recovery check against rising-edge clock clk)
Path Group: asynchronous
Path Type: max

Fanout         Cap        Slew       Delay        Time   Description
---------------------------------------------------------------------------------------------
                                  0.000000    0.000000   clock clk (rise edge)
                                  0.000000    0.000000   clock network delay (propagated)
                                  4.000000    4.000000 ^ input external delay
     1    0.003162    0.021295    0.012140    4.012140 ^ rst_n (in)
                                                         rst_n (net)
                      0.021295    0.000000    4.012140 ^ input2/A (sky130_fd_sc_hd__clkdlybuf4s25_1)
     1    0.003186    0.047456    0.249290    4.261430 ^ input2/X (sky130_fd_sc_hd__clkdlybuf4s25_1)
                                                         net2 (net)
                      0.047456    0.000015    4.261445 ^ fanout123/A (sky130_fd_sc_hd__clkdlybuf4s25_1)
     5    0.034444    0.347722    0.484144    4.745589 ^ fanout123/X (sky130_fd_sc_hd__clkdlybuf4s25_1)
                                                         net123 (net)
                      0.347722    0.001077    4.746667 ^ fanout109/A (sky130_fd_sc_hd__clkdlybuf4s25_1)
     8    0.036953    0.372157    0.580029    5.326696 ^ fanout109/X (sky130_fd_sc_hd__clkdlybuf4s25_1)
                                                         net109 (net)
                      0.372157    0.000380    5.327076 ^ fanout108/A (sky130_fd_sc_hd__clkdlybuf4s25_1)
     5    0.024106    0.247095    0.491329    5.818405 ^ fanout108/X (sky130_fd_sc_hd__clkdlybuf4s25_1)
                                                         net108 (net)
                      0.247095    0.000253    5.818658 ^ fanout106/A (sky130_fd_sc_hd__clkdlybuf4s25_1)
     5    0.021250    0.219631    0.448755    6.267413 ^ fanout106/X (sky130_fd_sc_hd__clkdlybuf4s25_1)
                                                         net106 (net)
                      0.219631    0.000073    6.267486 ^ load_slew107/A (sky130_fd_sc_hd__buf_2)
     6    0.026065    0.132783    0.237328    6.504814 ^ load_slew107/X (sky130_fd_sc_hd__buf_2)
                                                         net107 (net)
                      0.132783    0.000348    6.505162 ^ _1128_/RESET_B (sky130_fd_sc_hd__dfrtp_2)
                                              6.505162   data arrival time

                                 20.000000   20.000000   clock clk (rise edge)
                                  0.000000   20.000000   clock source latency
     1    0.023779    0.112598    0.073996   20.073996 ^ clk (in)
                                                         clk (net)
                      0.112615    0.000000   20.073996 ^ clkbuf_0_clk/A (sky130_fd_sc_hd__clkbuf_16)
     2    0.024741    0.046081    0.147027   20.221024 ^ clkbuf_0_clk/X (sky130_fd_sc_hd__clkbuf_16)
                                                         clknet_0_clk (net)
                      0.046081    0.000215   20.221239 ^ clkbuf_1_1__f_clk/A (sky130_fd_sc_hd__clkbuf_16)
     8    0.057318    0.075569    0.147454   20.368692 ^ clkbuf_1_1__f_clk/X (sky130_fd_sc_hd__clkbuf_16)
                                                         clknet_1_1__leaf_clk (net)
                      0.075570    0.000416   20.369108 ^ clkbuf_leaf_6_clk/A (sky130_fd_sc_hd__clkbuf_8)
    13    0.036864    0.076967    0.156115   20.525223 ^ clkbuf_leaf_6_clk/X (sky130_fd_sc_hd__clkbuf_8)
                                                         clknet_leaf_6_clk (net)
                      0.076967    0.000043   20.525265 ^ _1128_/CLK (sky130_fd_sc_hd__dfrtp_2)
                                 -0.250000   20.275267   clock uncertainty
                                  0.000000   20.275267   clock reconvergence pessimism
                                  0.202944   20.478212   library recovery time
                                             20.478212   data required time
---------------------------------------------------------------------------------------------
                                             20.478212   data required time
                                             -6.505162   data arrival time
---------------------------------------------------------------------------------------------
                                             13.973050   slack (MET)


Startpoint: uio_in[1] (input port clocked by clk)
Endpoint: _1237_ (rising edge-triggered flip-flop clocked by clk)
Path Group: clk
Path Type: max

Fanout         Cap        Slew       Delay        Time   Description
---------------------------------------------------------------------------------------------
                                  0.000000    0.000000   clock clk (rise edge)
                                  0.000000    0.000000   clock network delay (propagated)
                                  4.000000    4.000000 v input external delay
     1    0.003852    0.011069    0.006502    4.006502 v uio_in[1] (in)
                                                         uio_in[1] (net)
                      0.011069    0.000000    4.006502 v input12/A (sky130_fd_sc_hd__clkdlybuf4s25_1)
     3    0.008795    0.078309    0.277567    4.284069 v input12/X (sky130_fd_sc_hd__clkdlybuf4s25_1)
                                                         net12 (net)
                      0.078309    0.000048    4.284117 v _0527_/A_N (sky130_fd_sc_hd__nand3b_2)
     2    0.006006    0.074077    0.232386    4.516503 v _0527_/Y (sky130_fd_sc_hd__nand3b_2)
                                                         _0204_ (net)
                      0.074077    0.000007    4.516510 v _0548_/B (sky130_fd_sc_hd__nor2_2)
     2    0.017410    0.206525    0.199650    4.716160 ^ _0548_/Y (sky130_fd_sc_hd__nor2_2)
                                                         _0218_ (net)
                      0.206525    0.000012    4.716172 ^ fanout59/A (sky130_fd_sc_hd__clkdlybuf4s25_1)
     7    0.032922    0.333327    0.521800    5.237972 ^ fanout59/X (sky130_fd_sc_hd__clkdlybuf4s25_1)
                                                         net59 (net)
                      0.333327    0.000044    5.238017 ^ fanout58/A (sky130_fd_sc_hd__clkdlybuf4s25_1)
     5    0.022707    0.233550    0.475592    5.713608 ^ fanout58/X (sky130_fd_sc_hd__clkdlybuf4s25_1)
                                                         net58 (net)
                      0.233550    0.000075    5.713684 ^ _0954_/B (sky130_fd_sc_hd__nor2_2)
     2    0.010778    0.095607    0.085700    5.799383 v _0954_/Y (sky130_fd_sc_hd__nor2_2)
                                                         _0486_ (net)
                      0.095607    0.000063    5.799447 v fanout24/A (sky130_fd_sc_hd__clkdlybuf4s25_1)
    10    0.031884    0.237897    0.445239    6.244685 v fanout24/X (sky130_fd_sc_hd__clkdlybuf4s25_1)
                                                         net24 (net)
                      0.237897    0.000011    6.244697 v _1040_/D (sky130_fd_sc_hd__or4_2)
     1    0.002063    0.094688    0.614092    6.858789 v _1040_/X (sky130_fd_sc_hd__or4_2)
                                                         _0523_ (net)
                      0.094688    0.000007    6.858796 v _1041_/B1_N (sky130_fd_sc_hd__a21bo_2)
     1    0.002402    0.031624    0.209713    7.068509 ^ _1041_/X (sky130_fd_sc_hd__a21bo_2)
                                                         _0194_ (net)
                      0.031624    0.000005    7.068514 ^ _1237_/D (sky130_fd_sc_hd__dfrtp_2)
                                              7.068514   data arrival time

                                 20.000000   20.000000   clock clk (rise edge)
                                  0.000000   20.000000   clock source latency
     1    0.023779    0.112598    0.073996   20.073996 ^ clk (in)
                                                         clk (net)
                      0.112615    0.000000   20.073996 ^ clkbuf_0_clk/A (sky130_fd_sc_hd__clkbuf_16)
     2    0.024741    0.046081    0.147027   20.221024 ^ clkbuf_0_clk/X (sky130_fd_sc_hd__clkbuf_16)
                                                         clknet_0_clk (net)
                      0.046081    0.000215   20.221239 ^ clkbuf_1_1__f_clk/A (sky130_fd_sc_hd__clkbuf_16)
     8    0.057318    0.075569    0.147454   20.368692 ^ clkbuf_1_1__f_clk/X (sky130_fd_sc_hd__clkbuf_16)
                                                         clknet_1_1__leaf_clk (net)
                      0.075569    0.000210   20.368902 ^ clkbuf_leaf_7_clk/A (sky130_fd_sc_hd__clkbuf_8)
    15    0.038270    0.079171    0.157737   20.526638 ^ clkbuf_leaf_7_clk/X (sky130_fd_sc_hd__clkbuf_8)
                                                         clknet_leaf_7_clk (net)
                      0.079171    0.000016   20.526655 ^ _1237_/CLK (sky130_fd_sc_hd__dfrtp_2)
                                 -0.250000   20.276655   clock uncertainty
                                  0.000000   20.276655   clock reconvergence pessimism
                                 -0.055184   20.221472   library setup time
                                             20.221472   data required time
---------------------------------------------------------------------------------------------
                                             20.221472   data required time
                                             -7.068514   data arrival time
---------------------------------------------------------------------------------------------
                                             13.152957   slack (MET)




===========================================================================
report_checks --slack_max -0.01
============================================================================
======================= nom_tt_025C_1v80 Corner ===================================

No paths found.


===========================================================================
 report_check_types -max_slew -max_cap -max_fanout -violators
============================================================================
======================= nom_tt_025C_1v80 Corner ===================================

max fanout

Pin                                   Limit Fanout  Slack
---------------------------------------------------------
clkbuf_leaf_11_clk/X                     10     15     -5 (VIOLATED)
clkbuf_leaf_14_clk/X                     10     15     -5 (VIOLATED)
clkbuf_leaf_7_clk/X                      10     15     -5 (VIOLATED)
clkbuf_leaf_9_clk/X                      10     15     -5 (VIOLATED)
clkbuf_leaf_0_clk/X                      10     14     -4 (VIOLATED)
clkbuf_leaf_13_clk/X                     10     14     -4 (VIOLATED)
clkbuf_leaf_2_clk/X                      10     14     -4 (VIOLATED)
clkbuf_leaf_3_clk/X                      10     14     -4 (VIOLATED)
clkbuf_leaf_4_clk/X                      10     14     -4 (VIOLATED)
clkbuf_leaf_5_clk/X                      10     14     -4 (VIOLATED)
clkbuf_leaf_8_clk/X                      10     14     -4 (VIOLATED)
clkbuf_leaf_1_clk/X                      10     13     -3 (VIOLATED)
clkbuf_leaf_6_clk/X                      10     13     -3 (VIOLATED)
clkbuf_leaf_10_clk/X                     10     12     -2 (VIOLATED)
clkbuf_leaf_12_clk/X                     10     12     -2 (VIOLATED)



===========================================================================
report_parasitic_annotation -report_unannotated
============================================================================
Found 33 unannotated drivers.
 uio_in[5]
 uio_in[6]
 uio_in[7]
 clkload0/X
 clkload1/X
 clkload10/Y
 clkload11/X
 clkload12/Y
 clkload13/X
 clkload2/X
 clkload3/X
 clkload4/X
 clkload5/X
 clkload6/Y
 clkload7/Y
 clkload8/X
 clkload9/X
 tt_um_flowguard_stress/HI
 tt_um_flowguard_stress_124/HI
 tt_um_flowguard_stress_125/HI
 tt_um_flowguard_stress_126/HI
 tt_um_flowguard_stress_127/HI
 tt_um_flowguard_stress_128/HI
 tt_um_flowguard_stress_129/HI
 tt_um_flowguard_stress_130/HI
 tt_um_flowguard_stress_131/HI
 tt_um_flowguard_stress_132/HI
 tt_um_flowguard_stress_133/HI
 tt_um_flowguard_stress_134/HI
 tt_um_flowguard_stress_135/HI
 tt_um_flowguard_stress_136/HI
 tt_um_flowguard_stress_137/HI
 tt_um_flowguard_stress_138/HI
Found 0 partially unannotated drivers.

===========================================================================
max slew violation count 0
Writing metric design__max_slew_violation__count__corner:nom_tt_025C_1v80: 0
max fanout violation count 15
Writing metric design__max_fanout_violation__count__corner:nom_tt_025C_1v80: 15
max cap violation count 0
Writing metric design__max_cap_violation__count__corner:nom_tt_025C_1v80: 0
============================================================================

===========================================================================
check_setup -verbose -unconstrained_endpoints -multiple_clock -no_clock -no_input_delay -loops -generated_clocks
===========================================================================
