Clock: clk
Sources: clk 
Generated: no
Virtual: yes
Propagated: no
Period: 20.000000

===========================================================================
report_clock_properties
============================================================================
Clock                   Period          Waveform
----------------------------------------------------
clk                  20.000000    0.000000 10.000000

===========================================================================
report_clock_latency
============================================================================
Clock clk
rise -> rise
    min     max
0.000000 0.000000 source latency
0.518716         network latency _1050_/CLK
        0.585330 network latency _1232_/CLK
---------------
0.518716 0.585330 latency
        0.066614 skew

fall -> fall
    min     max
0.000000 0.000000 source latency
0.486509         network latency _1050_/CLK
        0.546221 network latency _1173_/CLK
---------------
0.486509 0.546221 latency
        0.059712 skew



===========================================================================
report_clock_min_period
============================================================================
clk period_min = 6.84 fmax = 146.18
