Reading timing models for corner nom_tt_025C_1v80…
Reading timing library for the 'nom_tt_025C_1v80' corner at '/home/ubuntu/.ciel/ciel/sky130/versions/8afc8346a57fe1ab7934ba5a6056ea8b43078e71/sky130A/libs.ref/sky130_fd_sc_hd/lib/sky130_fd_sc_hd__tt_025C_1v80.lib'…
Reading OpenROAD database at '/home/ubuntu/Flow-Guard/results/pilot_repaired_tile_v2/configs/safe-02/runs/trial_safe-02/42-openroad-repairantennas/1-openroad-diodeinsertion/tt_um_flowguard_stress.odb'…
Reading design constraints file at '/nix/store/f8bhalkl3s4vjwd7g271xz92bra8yrm5-python3-3.13.9-env/lib/python3.13/site-packages/librelane/scripts/base.sdc'…
[INFO] Using clock clk…
[INFO] Setting output delay to: 4.0
[INFO] Setting input delay to: 4.0
[INFO] Setting load to: 0.033442
[INFO] Setting clock uncertainty to: 0.25
[INFO] Setting clock transition to: 0.1499999999999999944488848768742172978818416595458984375
[INFO] Setting timing derate to: 5.0%
[INFO ORD-0030] Using 4 thread(s).
+ detailed_route -droute_end_iter 64 -or_seed 42 -verbose 1 -output_drc /home/ubuntu/Flow-Guard/results/pilot_repaired_tile_v2/configs/safe-02/runs/trial_safe-02/44-openroad-detailedrouting/drt-run-0/tt_um_flowguard_stress.drc
[INFO DRT-0149] Reading tech and libs.
[WARNING DRT-0349] LEF58_ENCLOSURE with no CUTCLASS is not supported. Skipping for layer mcon
[WARNING DRT-0349] LEF58_ENCLOSURE with no CUTCLASS is not supported. Skipping for layer mcon
[WARNING DRT-0349] LEF58_ENCLOSURE with no CUTCLASS is not supported. Skipping for layer via
[WARNING DRT-0349] LEF58_ENCLOSURE with no CUTCLASS is not supported. Skipping for layer via
[WARNING DRT-0349] LEF58_ENCLOSURE with no CUTCLASS is not supported. Skipping for layer via2
[WARNING DRT-0349] LEF58_ENCLOSURE with no CUTCLASS is not supported. Skipping for layer via2
[WARNING DRT-0349] LEF58_ENCLOSURE with no CUTCLASS is not supported. Skipping for layer via3
[WARNING DRT-0349] LEF58_ENCLOSURE with no CUTCLASS is not supported. Skipping for layer via3
[WARNING DRT-0349] LEF58_ENCLOSURE with no CUTCLASS is not supported. Skipping for layer via4
[WARNING DRT-0349] LEF58_ENCLOSURE with no CUTCLASS is not supported. Skipping for layer via4

Units:                1000
Number of layers:     13
Number of macros:     445
Number of vias:       29
Number of viarulegen: 25

[INFO DRT-0150] Reading design.

Design:                   tt_um_flowguard_stress
Die area:                 ( 0 0 ) ( 320000 100000 )
Number of track patterns: 12
Number of DEF vias:       0
Number of components:     1532
Number of terminals:      45
Number of snets:          2
Number of nets:           1136

[INFO DRT-0167] List of default vias:
  Layer via
    default via: M1M2_PR
  Layer via2
    default via: M2M3_PR
  Layer via3
    default via: M3M4_PR
  Layer via4
    default via: M4M5_PR
[INFO DRT-0162] Library cell analysis.
[INFO DRT-0163] Instance analysis.
[INFO DRT-0164] Number of unique instances = 184.
[INFO DRT-0168] Init region query.
[INFO DRT-0024]   Complete FR_MASTERSLICE.
[INFO DRT-0024]   Complete licon.
[INFO DRT-0024]   Complete li1.
[INFO DRT-0024]   Complete mcon.
[INFO DRT-0024]   Complete met1.
[INFO DRT-0024]   Complete via.
[INFO DRT-0024]   Complete met2.
[INFO DRT-0024]   Complete via2.
[INFO DRT-0024]   Complete met3.
[INFO DRT-0024]   Complete via3.
[INFO DRT-0024]   Complete met4.
[INFO DRT-0024]   Complete via4.
[INFO DRT-0024]   Complete met5.
[INFO DRT-0033] FR_MASTERSLICE shape region query size = 0.
[INFO DRT-0033] licon shape region query size = 0.
[INFO DRT-0033] li1 shape region query size = 43025.
[INFO DRT-0033] mcon shape region query size = 0.
[INFO DRT-0033] met1 shape region query size = 6182.
[INFO DRT-0033] via shape region query size = 290.
[INFO DRT-0033] met2 shape region query size = 192.
[INFO DRT-0033] via2 shape region query size = 232.
[INFO DRT-0033] met3 shape region query size = 199.
[INFO DRT-0033] via3 shape region query size = 232.
[INFO DRT-0033] met4 shape region query size = 70.
[INFO DRT-0033] via4 shape region query size = 4.
[INFO DRT-0033] met5 shape region query size = 8.
[INFO DRT-0165] Start pin access.
[INFO DRT-0076]   Complete 1000 pins.
[INFO DRT-0078]   Complete 1414 pins.
[INFO DRT-0079]   Complete 100 unique inst patterns.
[INFO DRT-0081]   Complete 184 unique inst patterns.
[INFO DRT-0084]   Complete 706 groups.
#scanned instances     = 1532
#unique  instances     = 184
#stdCellGenAp          = 4841
#stdCellValidPlanarAp  = 45
#stdCellValidViaAp     = 3683
#stdCellPinNoAp        = 0
#stdCellPinCnt         = 3714
#instTermValidViaApCnt = 0
#macroGenAp            = 0
#macroValidPlanarAp    = 0
#macroValidViaAp       = 0
#macroNoAp             = 0
[INFO DRT-0166] Complete pin access.
[INFO DRT-0267] cpu time = 00:01:10, elapsed time = 00:00:18, memory = 133.79 (MB), peak = 133.43 (MB)

[INFO DRT-0157] Number of guides:     8153

[INFO DRT-0169] Post process guides.
[INFO DRT-0176] GCELLGRID X 0 DO 46 STEP 6900 ;
[INFO DRT-0177] GCELLGRID Y 0 DO 14 STEP 6900 ;
[INFO DRT-0028]   Complete FR_MASTERSLICE.
[INFO DRT-0028]   Complete licon.
[INFO DRT-0028]   Complete li1.
[INFO DRT-0028]   Complete mcon.
[INFO DRT-0028]   Complete met1.
[INFO DRT-0028]   Complete via.
[INFO DRT-0028]   Complete met2.
[INFO DRT-0028]   Complete via2.
[INFO DRT-0028]   Complete met3.
[INFO DRT-0028]   Complete via3.
[INFO DRT-0028]   Complete met4.
[INFO DRT-0028]   Complete via4.
[INFO DRT-0028]   Complete met5.
[INFO DRT-0178] Init guide query.
[INFO DRT-0035]   Complete FR_MASTERSLICE (guide).
[INFO DRT-0035]   Complete licon (guide).
[INFO DRT-0035]   Complete li1 (guide).
[INFO DRT-0035]   Complete mcon (guide).
[INFO DRT-0035]   Complete met1 (guide).
[INFO DRT-0035]   Complete via (guide).
[INFO DRT-0035]   Complete met2 (guide).
[INFO DRT-0035]   Complete via2 (guide).
[INFO DRT-0035]   Complete met3 (guide).
[INFO DRT-0035]   Complete via3 (guide).
[INFO DRT-0035]   Complete met4 (guide).
[INFO DRT-0035]   Complete via4 (guide).
[INFO DRT-0035]   Complete met5 (guide).
[INFO DRT-0036] FR_MASTERSLICE guide region query size = 0.
[INFO DRT-0036] licon guide region query size = 0.
[INFO DRT-0036] li1 guide region query size = 2854.
[INFO DRT-0036] mcon guide region query size = 0.
[INFO DRT-0036] met1 guide region query size = 2586.
[INFO DRT-0036] via guide region query size = 0.
[INFO DRT-0036] met2 guide region query size = 1247.
[INFO DRT-0036] via2 guide region query size = 0.
[INFO DRT-0036] met3 guide region query size = 53.
[INFO DRT-0036] via3 guide region query size = 0.
[INFO DRT-0036] met4 guide region query size = 2.
[INFO DRT-0036] via4 guide region query size = 0.
[INFO DRT-0036] met5 guide region query size = 0.
[INFO DRT-0179] Init gr pin query.
[INFO DRT-0267] cpu time = 00:00:00, elapsed time = 00:00:00, memory = 136.61 (MB), peak = 136.23 (MB)
[INFO DRT-0245] skipped writing guide updates to database.
[INFO DRT-0185] Post process initialize RPin region query.
[INFO DRT-0181] Start track assignment.
[INFO DRT-0184] Done with 4103 vertical wires in 1 frboxes and 2639 horizontal wires in 1 frboxes.
[INFO DRT-0186] Done with 315 vertical wires in 1 frboxes and 758 horizontal wires in 1 frboxes.
[INFO DRT-0182] Complete track assignment.
[INFO DRT-0267] cpu time = 00:00:01, elapsed time = 00:00:00, memory = 151.73 (MB), peak = 156.73 (MB)
[INFO DRT-0187] Start routing data preparation.
[INFO DRT-0267] cpu time = 00:00:00, elapsed time = 00:00:00, memory = 151.73 (MB), peak = 156.73 (MB)
[INFO DRT-0194] Start detail routing.
[INFO DRT-0195] Start 0th optimization iteration.
    Completing 10% with 0 violations.
    elapsed time = 00:00:00, memory = 198.04 (MB).
    Completing 20% with 0 violations.
    elapsed time = 00:00:00, memory = 190.26 (MB).
    Completing 30% with 77 violations.
    elapsed time = 00:00:02, memory = 206.03 (MB).
    Completing 40% with 77 violations.
    elapsed time = 00:00:02, memory = 208.83 (MB).
    Completing 50% with 77 violations.
    elapsed time = 00:00:02, memory = 199.92 (MB).
    Completing 60% with 133 violations.
    elapsed time = 00:00:03, memory = 212.03 (MB).
    Completing 70% with 133 violations.
    elapsed time = 00:00:04, memory = 213.78 (MB).
    Completing 80% with 186 violations.
    elapsed time = 00:00:05, memory = 232.39 (MB).
    Completing 90% with 186 violations.
    elapsed time = 00:00:05, memory = 232.39 (MB).
    Completing 100% with 243 violations.
    elapsed time = 00:00:06, memory = 219.43 (MB).
[INFO DRT-0199]   Number of violations = 363.
Viol/Layer         li1   mcon   met1   met2   met3
Cut Spacing          0      1      0      0      0
Metal Spacing        0      0     75     22      0
Recheck              1      0     87     31      1
Short                0      0    137      8      0
[INFO DRT-0267] cpu time = 00:00:17, elapsed time = 00:00:06, memory = 565.17 (MB), peak = 564.89 (MB)
Total wire length = 28414 um.
Total wire length on LAYER li1 = 0 um.
Total wire length on LAYER met1 = 14455 um.
Total wire length on LAYER met2 = 12253 um.
Total wire length on LAYER met3 = 1623 um.
Total wire length on LAYER met4 = 82 um.
Total wire length on LAYER met5 = 0 um.
Total number of vias = 7578.
Up-via summary (total 7578):

-----------------------
 FR_MASTERSLICE       0
            li1    3570
           met1    3920
           met2      84
           met3       4
           met4       0
-----------------------
               7578


[INFO DRT-0195] Start 1st optimization iteration.
    Completing 10% with 363 violations.
    elapsed time = 00:00:00, memory = 567.12 (MB).
    Completing 20% with 363 violations.
    elapsed time = 00:00:00, memory = 567.12 (MB).
    Completing 30% with 363 violations.
    elapsed time = 00:00:00, memory = 567.12 (MB).
    Completing 40% with 324 violations.
    elapsed time = 00:00:00, memory = 602.06 (MB).
    Completing 50% with 324 violations.
    elapsed time = 00:00:02, memory = 587.79 (MB).
    Completing 60% with 213 violations.
    elapsed time = 00:00:02, memory = 569.96 (MB).
    Completing 70% with 213 violations.
    elapsed time = 00:00:03, memory = 569.96 (MB).
    Completing 80% with 213 violations.
    elapsed time = 00:00:03, memory = 569.97 (MB).
    Completing 90% with 144 violations.
    elapsed time = 00:00:04, memory = 582.22 (MB).
    Completing 100% with 55 violations.
    elapsed time = 00:00:05, memory = 585.24 (MB).
[INFO DRT-0199]   Number of violations = 55.
Viol/Layer        met1   met2
Metal Spacing       17      2
Short               36      0
[INFO DRT-0267] cpu time = 00:00:15, elapsed time = 00:00:06, memory = 585.37 (MB), peak = 601.77 (MB)
Total wire length = 28239 um.
Total wire length on LAYER li1 = 0 um.
Total wire length on LAYER met1 = 14465 um.
Total wire length on LAYER met2 = 12069 um.
Total wire length on LAYER met3 = 1622 um.
Total wire length on LAYER met4 = 82 um.
Total wire length on LAYER met5 = 0 um.
Total number of vias = 7558.
Up-via summary (total 7558):

-----------------------
 FR_MASTERSLICE       0
            li1    3565
           met1    3907
           met2      82
           met3       4
           met4       0
-----------------------
               7558


[INFO DRT-0195] Start 2nd optimization iteration.
    Completing 10% with 55 violations.
    elapsed time = 00:00:00, memory = 585.37 (MB).
    Completing 20% with 55 violations.
    elapsed time = 00:00:00, memory = 585.37 (MB).
    Completing 30% with 55 violations.
    elapsed time = 00:00:00, memory = 585.37 (MB).
    Completing 40% with 49 violations.
    elapsed time = 00:00:00, memory = 585.37 (MB).
    Completing 50% with 49 violations.
    elapsed time = 00:00:02, memory = 585.37 (MB).
    Completing 60% with 66 violations.
    elapsed time = 00:00:02, memory = 585.37 (MB).
    Completing 70% with 66 violations.
    elapsed time = 00:00:02, memory = 585.37 (MB).
    Completing 80% with 66 violations.
    elapsed time = 00:00:03, memory = 585.37 (MB).
    Completing 90% with 64 violations.
    elapsed time = 00:00:04, memory = 595.97 (MB).
    Completing 100% with 72 violations.
    elapsed time = 00:00:05, memory = 595.97 (MB).
[INFO DRT-0199]   Number of violations = 72.
Viol/Layer        met1   met2
Metal Spacing       20      2
Short               50      0
[INFO DRT-0267] cpu time = 00:00:12, elapsed time = 00:00:05, memory = 598.84 (MB), peak = 601.77 (MB)
Total wire length = 28231 um.
Total wire length on LAYER li1 = 0 um.
Total wire length on LAYER met1 = 14458 um.
Total wire length on LAYER met2 = 12048 um.
Total wire length on LAYER met3 = 1642 um.
Total wire length on LAYER met4 = 82 um.
Total wire length on LAYER met5 = 0 um.
Total number of vias = 7549.
Up-via summary (total 7549):

-----------------------
 FR_MASTERSLICE       0
            li1    3564
           met1    3896
           met2      85
           met3       4
           met4       0
-----------------------
               7549


[INFO DRT-0195] Start 3rd guides tiles iteration.
    Completing 10% with 72 violations.
    elapsed time = 00:00:00, memory = 675.59 (MB).
    Completing 20% with 72 violations.
    elapsed time = 00:00:00, memory = 675.59 (MB).
    Completing 30% with 72 violations.
    elapsed time = 00:00:04, memory = 617.50 (MB).
    Completing 40% with 0 violations.
    elapsed time = 00:00:04, memory = 617.50 (MB).
    Completing 50% with 0 violations.
    elapsed time = 00:00:04, memory = 617.50 (MB).
    Completing 60% with 0 violations.
    elapsed time = 00:00:04, memory = 617.50 (MB).
    Completing 70% with 0 violations.
    elapsed time = 00:00:04, memory = 617.50 (MB).
    Completing 80% with 0 violations.
    elapsed time = 00:00:04, memory = 617.50 (MB).
    Completing 100% with 0 violations.
    elapsed time = 00:00:04, memory = 617.50 (MB).
[INFO DRT-0199]   Number of violations = 0.
[INFO DRT-0267] cpu time = 00:00:06, elapsed time = 00:00:04, memory = 617.50 (MB), peak = 701.43 (MB)
Total wire length = 28204 um.
Total wire length on LAYER li1 = 0 um.
Total wire length on LAYER met1 = 13916 um.
Total wire length on LAYER met2 = 12046 um.
Total wire length on LAYER met3 = 2159 um.
Total wire length on LAYER met4 = 82 um.
Total wire length on LAYER met5 = 0 um.
Total number of vias = 7554.
Up-via summary (total 7554):

-----------------------
 FR_MASTERSLICE       0
            li1    3563
           met1    3868
           met2     119
           met3       4
           met4       0
-----------------------
               7554


[INFO DRT-0198] Complete detail routing.
Total wire length = 28204 um.
Total wire length on LAYER li1 = 0 um.
Total wire length on LAYER met1 = 13916 um.
Total wire length on LAYER met2 = 12046 um.
Total wire length on LAYER met3 = 2159 um.
Total wire length on LAYER met4 = 82 um.
Total wire length on LAYER met5 = 0 um.
Total number of vias = 7554.
Up-via summary (total 7554):

-----------------------
 FR_MASTERSLICE       0
            li1    3563
           met1    3868
           met2     119
           met3       4
           met4       0
-----------------------
               7554


[INFO DRT-0267] cpu time = 00:00:52, elapsed time = 00:00:23, memory = 617.62 (MB), peak = 701.43 (MB)

[INFO DRT-0180] Post processing.
+ check_antennas 
[INFO ANT-0002] Found 0 net violations.
[INFO ANT-0001] Found 0 pin violations.
Setting global connections for newly added cells…
[INFO] Setting global connections...
[INFO ODB-0403] 0 connections made, 0 conflicts skipped.
Updating metrics…
Cell type report:                       Count       Area
  Fill cell                                56     210.20
  Tap cell                                345     431.66
  Clock buffer                             29     389.12
  Timing Repair Buffer                    355    3428.29
  Inverter                                  4      15.01
  Clock inverter                            4      73.82
  Sequential cell                         202    5307.59
  Multi-Input combinational cell          537    5665.43
  Total                                  1532   15521.14
Writing OpenROAD database to '/home/ubuntu/Flow-Guard/results/pilot_repaired_tile_v2/configs/safe-02/runs/trial_safe-02/44-openroad-detailedrouting/tt_um_flowguard_stress.odb'…
Writing netlist to '/home/ubuntu/Flow-Guard/results/pilot_repaired_tile_v2/configs/safe-02/runs/trial_safe-02/44-openroad-detailedrouting/tt_um_flowguard_stress.nl.v'…
Writing powered netlist to '/home/ubuntu/Flow-Guard/results/pilot_repaired_tile_v2/configs/safe-02/runs/trial_safe-02/44-openroad-detailedrouting/tt_um_flowguard_stress.pnl.v'…
Writing layout to '/home/ubuntu/Flow-Guard/results/pilot_repaired_tile_v2/configs/safe-02/runs/trial_safe-02/44-openroad-detailedrouting/tt_um_flowguard_stress.def'…
Writing timing constraints to '/home/ubuntu/Flow-Guard/results/pilot_repaired_tile_v2/configs/safe-02/runs/trial_safe-02/44-openroad-detailedrouting/tt_um_flowguard_stress.sdc'…
