
===========================================================================
report_checks -unconstrained
===========================================================================
======================= nom_ss_100C_1v60 Corner ===================================

Startpoint: rst_n (input port clocked by clk)
Endpoint: _1020_ (recovery check against rising-edge clock clk)
Path Group: asynchronous
Path Type: max

Fanout         Cap        Slew       Delay        Time   Description
---------------------------------------------------------------------------------------------
                      0.150000    0.000000    0.000000   clock clk (rise edge)
                                  0.000000    0.000000   clock network delay (ideal)
                                  4.000000    4.000000 ^ input external delay
   202    0.659238    4.642534    3.443660    7.443660 ^ rst_n (in)
                                                         rst_n (net)
                      4.642534    0.000000    7.443660 ^ _1020_/RESET_B (sky130_fd_sc_hd__dfrtp_2)
                                              7.443660   data arrival time

                      0.150000   20.000000   20.000000   clock clk (rise edge)
                                  0.000000   20.000000   clock network delay (ideal)
                                 -0.250000   19.750002   clock uncertainty
                                  0.000000   19.750002   clock reconvergence pessimism
                                             19.750002 ^ _1020_/CLK (sky130_fd_sc_hd__dfrtp_2)
                                 -1.535970   18.214031   library recovery time
                                             18.214031   data required time
---------------------------------------------------------------------------------------------
                                             18.214031   data required time
                                             -7.443660   data arrival time
---------------------------------------------------------------------------------------------
                                             10.770371   slack (MET)


Startpoint: uio_in[1] (input port clocked by clk)
Endpoint: _1207_ (rising edge-triggered flip-flop clocked by clk)
Path Group: clk
Path Type: max

Fanout         Cap        Slew       Delay        Time   Description
---------------------------------------------------------------------------------------------
                      0.150000    0.000000    0.000000   clock clk (rise edge)
                                  0.000000    0.000000   clock network delay (ideal)
                                  4.000000    4.000000 v input external delay
     3    0.007141    0.036752    0.023785    4.023785 v uio_in[1] (in)
                                                         uio_in[1] (net)
                      0.036752    0.000000    4.023785 v _0511_/A_N (sky130_fd_sc_hd__nand3b_2)
     2    0.005534    0.152962    0.446029    4.469814 v _0511_/Y (sky130_fd_sc_hd__nand3b_2)
                                                         _0203_ (net)
                      0.152962    0.000000    4.469814 v _0532_/B (sky130_fd_sc_hd__nor2_2)
    75    0.255545    4.261090    3.398207    7.868021 ^ _0532_/Y (sky130_fd_sc_hd__nor2_2)
                                                         _0217_ (net)
                      4.261090    0.000000    7.868021 ^ _0924_/B (sky130_fd_sc_hd__nor2_2)
     9    0.022449    0.691443    0.925928    8.793949 v _0924_/Y (sky130_fd_sc_hd__nor2_2)
                                                         _0471_ (net)
                      0.691443    0.000000    8.793949 v _1007_/B1 (sky130_fd_sc_hd__a21oi_2)
     2    0.006712    0.267609    0.475035    9.268984 ^ _1007_/Y (sky130_fd_sc_hd__a21oi_2)
                                                         _0506_ (net)
                      0.267609    0.000000    9.268984 ^ _1011_/S (sky130_fd_sc_hd__mux2_1)
     1    0.001838    0.102780    0.788233   10.057217 v _1011_/X (sky130_fd_sc_hd__mux2_1)
                                                         _0194_ (net)
                      0.102780    0.000000   10.057217 v _1207_/D (sky130_fd_sc_hd__dfrtp_2)
                                             10.057217   data arrival time

                      0.150000   20.000000   20.000000   clock clk (rise edge)
                                  0.000000   20.000000   clock network delay (ideal)
                                 -0.250000   19.750002   clock uncertainty
                                  0.000000   19.750002   clock reconvergence pessimism
                                             19.750002 ^ _1207_/CLK (sky130_fd_sc_hd__dfrtp_2)
                                 -0.268964   19.481037   library setup time
                                             19.481037   data required time
---------------------------------------------------------------------------------------------
                                             19.481037   data required time
                                            -10.057217   data arrival time
---------------------------------------------------------------------------------------------
                                              9.423821   slack (MET)




===========================================================================
report_checks --slack_max -0.01
============================================================================
======================= nom_ss_100C_1v60 Corner ===================================

No paths found.


===========================================================================
 report_check_types -max_slew -max_cap -max_fanout -violators
============================================================================
======================= nom_ss_100C_1v60 Corner ===================================

max slew

Pin                                        Limit        Slew       Slack
------------------------------------------------------------------------
rst_n                                   0.750000    4.642534   -3.892534 (VIOLATED)
_1020_/RESET_B                          0.750000    4.642534   -3.892534 (VIOLATED)
_1021_/RESET_B                          0.750000    4.642534   -3.892534 (VIOLATED)
_1022_/SET_B                            0.750000    4.642534   -3.892534 (VIOLATED)
_1023_/RESET_B                          0.750000    4.642534   -3.892534 (VIOLATED)
_1024_/RESET_B                          0.750000    4.642534   -3.892534 (VIOLATED)
_1025_/RESET_B                          0.750000    4.642534   -3.892534 (VIOLATED)
_1026_/RESET_B                          0.750000    4.642534   -3.892534 (VIOLATED)
_1027_/RESET_B                          0.750000    4.642534   -3.892534 (VIOLATED)
_1028_/RESET_B                          0.750000    4.642534   -3.892534 (VIOLATED)
_1029_/RESET_B                          0.750000    4.642534   -3.892534 (VIOLATED)
_1030_/RESET_B                          0.750000    4.642534   -3.892534 (VIOLATED)
_1031_/SET_B                            0.750000    4.642534   -3.892534 (VIOLATED)
_1032_/RESET_B                          0.750000    4.642534   -3.892534 (VIOLATED)
_1033_/RESET_B                          0.750000    4.642534   -3.892534 (VIOLATED)
_1034_/RESET_B                          0.750000    4.642534   -3.892534 (VIOLATED)
_1035_/RESET_B                          0.750000    4.642534   -3.892534 (VIOLATED)
_1036_/RESET_B                          0.750000    4.642534   -3.892534 (VIOLATED)
_1037_/RESET_B                          0.750000    4.642534   -3.892534 (VIOLATED)
_1038_/SET_B                            0.750000    4.642534   -3.892534 (VIOLATED)
_1039_/SET_B                            0.750000    4.642534   -3.892534 (VIOLATED)
_1040_/RESET_B                          0.750000    4.642534   -3.892534 (VIOLATED)
_1041_/RESET_B                          0.750000    4.642534   -3.892534 (VIOLATED)
_1042_/RESET_B                          0.750000    4.642534   -3.892534 (VIOLATED)
_1043_/RESET_B                          0.750000    4.642534   -3.892534 (VIOLATED)
_1044_/RESET_B                          0.750000    4.642534   -3.892534 (VIOLATED)
_1045_/RESET_B                          0.750000    4.642534   -3.892534 (VIOLATED)
_1046_/RESET_B                          0.750000    4.642534   -3.892534 (VIOLATED)
_1047_/RESET_B                          0.750000    4.642534   -3.892534 (VIOLATED)
_1048_/SET_B                            0.750000    4.642534   -3.892534 (VIOLATED)
_1049_/RESET_B                          0.750000    4.642534   -3.892534 (VIOLATED)
_1050_/RESET_B                          0.750000    4.642534   -3.892534 (VIOLATED)
_1051_/RESET_B                          0.750000    4.642534   -3.892534 (VIOLATED)
_1052_/RESET_B                          0.750000    4.642534   -3.892534 (VIOLATED)
_1053_/RESET_B                          0.750000    4.642534   -3.892534 (VIOLATED)
_1054_/SET_B                            0.750000    4.642534   -3.892534 (VIOLATED)
_1055_/RESET_B                          0.750000    4.642534   -3.892534 (VIOLATED)
_1056_/SET_B                            0.750000    4.642534   -3.892534 (VIOLATED)
_1057_/RESET_B                          0.750000    4.642534   -3.892534 (VIOLATED)
_1058_/RESET_B                          0.750000    4.642534   -3.892534 (VIOLATED)
_1059_/RESET_B                          0.750000    4.642534   -3.892534 (VIOLATED)
_1060_/RESET_B                          0.750000    4.642534   -3.892534 (VIOLATED)
_1061_/RESET_B                          0.750000    4.642534   -3.892534 (VIOLATED)
_1062_/RESET_B                          0.750000    4.642534   -3.892534 (VIOLATED)
_1063_/SET_B                            0.750000    4.642534   -3.892534 (VIOLATED)
_1064_/SET_B                            0.750000    4.642534   -3.892534 (VIOLATED)
_1065_/RESET_B                          0.750000    4.642534   -3.892534 (VIOLATED)
_1066_/RESET_B                          0.750000    4.642534   -3.892534 (VIOLATED)
_1067_/RESET_B                          0.750000    4.642534   -3.892534 (VIOLATED)
_1068_/RESET_B                          0.750000    4.642534   -3.892534 (VIOLATED)
_1069_/RESET_B                          0.750000    4.642534   -3.892534 (VIOLATED)
_1070_/SET_B                            0.750000    4.642534   -3.892534 (VIOLATED)
_1071_/SET_B                            0.750000    4.642534   -3.892534 (VIOLATED)
_1072_/SET_B                            0.750000    4.642534   -3.892534 (VIOLATED)
_1073_/RESET_B                          0.750000    4.642534   -3.892534 (VIOLATED)
_1074_/RESET_B                          0.750000    4.642534   -3.892534 (VIOLATED)
_1075_/RESET_B                          0.750000    4.642534   -3.892534 (VIOLATED)
_1076_/RESET_B                          0.750000    4.642534   -3.892534 (VIOLATED)
_1077_/RESET_B                          0.750000    4.642534   -3.892534 (VIOLATED)
_1078_/RESET_B                          0.750000    4.642534   -3.892534 (VIOLATED)
_1079_/RESET_B                          0.750000    4.642534   -3.892534 (VIOLATED)
_1080_/RESET_B                          0.750000    4.642534   -3.892534 (VIOLATED)
_1081_/SET_B                            0.750000    4.642534   -3.892534 (VIOLATED)
_1082_/RESET_B                          0.750000    4.642534   -3.892534 (VIOLATED)
_1083_/RESET_B                          0.750000    4.642534   -3.892534 (VIOLATED)
_1084_/RESET_B                          0.750000    4.642534   -3.892534 (VIOLATED)
_1085_/RESET_B                          0.750000    4.642534   -3.892534 (VIOLATED)
_1086_/RESET_B                          0.750000    4.642534   -3.892534 (VIOLATED)
_1087_/RESET_B                          0.750000    4.642534   -3.892534 (VIOLATED)
_1088_/RESET_B                          0.750000    4.642534   -3.892534 (VIOLATED)
_1089_/RESET_B                          0.750000    4.642534   -3.892534 (VIOLATED)
_1090_/RESET_B                          0.750000    4.642534   -3.892534 (VIOLATED)
_1091_/RESET_B                          0.750000    4.642534   -3.892534 (VIOLATED)
_1092_/RESET_B                          0.750000    4.642534   -3.892534 (VIOLATED)
_1093_/RESET_B                          0.750000    4.642534   -3.892534 (VIOLATED)
_1094_/RESET_B                          0.750000    4.642534   -3.892534 (VIOLATED)
_1095_/RESET_B                          0.750000    4.642534   -3.892534 (VIOLATED)
_1096_/RESET_B                          0.750000    4.642534   -3.892534 (VIOLATED)
_1097_/RESET_B                          0.750000    4.642534   -3.892534 (VIOLATED)
_1098_/RESET_B                          0.750000    4.642534   -3.892534 (VIOLATED)
_1099_/RESET_B                          0.750000    4.642534   -3.892534 (VIOLATED)
_1100_/RESET_B                          0.750000    4.642534   -3.892534 (VIOLATED)
_1101_/RESET_B                          0.750000    4.642534   -3.892534 (VIOLATED)
_1102_/RESET_B                          0.750000    4.642534   -3.892534 (VIOLATED)
_1103_/RESET_B                          0.750000    4.642534   -3.892534 (VIOLATED)
_1104_/RESET_B                          0.750000    4.642534   -3.892534 (VIOLATED)
_1105_/RESET_B                          0.750000    4.642534   -3.892534 (VIOLATED)
_1106_/RESET_B                          0.750000    4.642534   -3.892534 (VIOLATED)
_1107_/RESET_B                          0.750000    4.642534   -3.892534 (VIOLATED)
_1108_/RESET_B                          0.750000    4.642534   -3.892534 (VIOLATED)
_1109_/RESET_B                          0.750000    4.642534   -3.892534 (VIOLATED)
_1110_/RESET_B                          0.750000    4.642534   -3.892534 (VIOLATED)
_1111_/RESET_B                          0.750000    4.642534   -3.892534 (VIOLATED)
_1112_/RESET_B                          0.750000    4.642534   -3.892534 (VIOLATED)
_1113_/RESET_B                          0.750000    4.642534   -3.892534 (VIOLATED)
_1114_/RESET_B                          0.750000    4.642534   -3.892534 (VIOLATED)
_1115_/RESET_B                          0.750000    4.642534   -3.892534 (VIOLATED)
_1116_/RESET_B                          0.750000    4.642534   -3.892534 (VIOLATED)
_1117_/RESET_B                          0.750000    4.642534   -3.892534 (VIOLATED)
_1118_/RESET_B                          0.750000    4.642534   -3.892534 (VIOLATED)
_1119_/RESET_B                          0.750000    4.642534   -3.892534 (VIOLATED)
_1120_/RESET_B                          0.750000    4.642534   -3.892534 (VIOLATED)
_1121_/RESET_B                          0.750000    4.642534   -3.892534 (VIOLATED)
_1122_/RESET_B                          0.750000    4.642534   -3.892534 (VIOLATED)
_1123_/RESET_B                          0.750000    4.642534   -3.892534 (VIOLATED)
_1124_/RESET_B                          0.750000    4.642534   -3.892534 (VIOLATED)
_1125_/RESET_B                          0.750000    4.642534   -3.892534 (VIOLATED)
_1126_/RESET_B                          0.750000    4.642534   -3.892534 (VIOLATED)
_1127_/RESET_B                          0.750000    4.642534   -3.892534 (VIOLATED)
_1128_/RESET_B                          0.750000    4.642534   -3.892534 (VIOLATED)
_1129_/RESET_B                          0.750000    4.642534   -3.892534 (VIOLATED)
_1130_/RESET_B                          0.750000    4.642534   -3.892534 (VIOLATED)
_1131_/RESET_B                          0.750000    4.642534   -3.892534 (VIOLATED)
_1132_/RESET_B                          0.750000    4.642534   -3.892534 (VIOLATED)
_1133_/RESET_B                          0.750000    4.642534   -3.892534 (VIOLATED)
_1134_/RESET_B                          0.750000    4.642534   -3.892534 (VIOLATED)
_1135_/RESET_B                          0.750000    4.642534   -3.892534 (VIOLATED)
_1136_/RESET_B                          0.750000    4.642534   -3.892534 (VIOLATED)
_1137_/RESET_B                          0.750000    4.642534   -3.892534 (VIOLATED)
_1138_/RESET_B                          0.750000    4.642534   -3.892534 (VIOLATED)
_1139_/RESET_B                          0.750000    4.642534   -3.892534 (VIOLATED)
_1140_/RESET_B                          0.750000    4.642534   -3.892534 (VIOLATED)
_1141_/RESET_B                          0.750000    4.642534   -3.892534 (VIOLATED)
_1142_/RESET_B                          0.750000    4.642534   -3.892534 (VIOLATED)
_1143_/RESET_B                          0.750000    4.642534   -3.892534 (VIOLATED)
_1144_/RESET_B                          0.750000    4.642534   -3.892534 (VIOLATED)
_1145_/RESET_B                          0.750000    4.642534   -3.892534 (VIOLATED)
_1146_/RESET_B                          0.750000    4.642534   -3.892534 (VIOLATED)
_1147_/RESET_B                          0.750000    4.642534   -3.892534 (VIOLATED)
_1148_/RESET_B                          0.750000    4.642534   -3.892534 (VIOLATED)
_1149_/RESET_B                          0.750000    4.642534   -3.892534 (VIOLATED)
_1150_/RESET_B                          0.750000    4.642534   -3.892534 (VIOLATED)
_1151_/RESET_B                          0.750000    4.642534   -3.892534 (VIOLATED)
_1152_/RESET_B                          0.750000    4.642534   -3.892534 (VIOLATED)
_1153_/RESET_B                          0.750000    4.642534   -3.892534 (VIOLATED)
_1154_/RESET_B                          0.750000    4.642534   -3.892534 (VIOLATED)
_1155_/RESET_B                          0.750000    4.642534   -3.892534 (VIOLATED)
_1156_/RESET_B                          0.750000    4.642534   -3.892534 (VIOLATED)
_1157_/RESET_B                          0.750000    4.642534   -3.892534 (VIOLATED)
_1158_/RESET_B                          0.750000    4.642534   -3.892534 (VIOLATED)
_1159_/RESET_B                          0.750000    4.642534   -3.892534 (VIOLATED)
_1160_/RESET_B                          0.750000    4.642534   -3.892534 (VIOLATED)
_1161_/RESET_B                          0.750000    4.642534   -3.892534 (VIOLATED)
_1162_/RESET_B                          0.750000    4.642534   -3.892534 (VIOLATED)
_1163_/RESET_B                          0.750000    4.642534   -3.892534 (VIOLATED)
_1164_/RESET_B                          0.750000    4.642534   -3.892534 (VIOLATED)
_1165_/RESET_B                          0.750000    4.642534   -3.892534 (VIOLATED)
_1166_/RESET_B                          0.750000    4.642534   -3.892534 (VIOLATED)
_1167_/RESET_B                          0.750000    4.642534   -3.892534 (VIOLATED)
_1168_/RESET_B                          0.750000    4.642534   -3.892534 (VIOLATED)
_1169_/RESET_B                          0.750000    4.642534   -3.892534 (VIOLATED)
_1170_/RESET_B                          0.750000    4.642534   -3.892534 (VIOLATED)
_1171_/RESET_B                          0.750000    4.642534   -3.892534 (VIOLATED)
_1172_/RESET_B                          0.750000    4.642534   -3.892534 (VIOLATED)
_1173_/RESET_B                          0.750000    4.642534   -3.892534 (VIOLATED)
_1174_/RESET_B                          0.750000    4.642534   -3.892534 (VIOLATED)
_1175_/RESET_B                          0.750000    4.642534   -3.892534 (VIOLATED)
_1176_/RESET_B                          0.750000    4.642534   -3.892534 (VIOLATED)
_1177_/RESET_B                          0.750000    4.642534   -3.892534 (VIOLATED)
_1178_/RESET_B                          0.750000    4.642534   -3.892534 (VIOLATED)
_1179_/RESET_B                          0.750000    4.642534   -3.892534 (VIOLATED)
_1180_/RESET_B                          0.750000    4.642534   -3.892534 (VIOLATED)
_1181_/RESET_B                          0.750000    4.642534   -3.892534 (VIOLATED)
_1182_/RESET_B                          0.750000    4.642534   -3.892534 (VIOLATED)
_1183_/RESET_B                          0.750000    4.642534   -3.892534 (VIOLATED)
_1184_/RESET_B                          0.750000    4.642534   -3.892534 (VIOLATED)
_1185_/RESET_B                          0.750000    4.642534   -3.892534 (VIOLATED)
_1186_/RESET_B                          0.750000    4.642534   -3.892534 (VIOLATED)
_1187_/RESET_B                          0.750000    4.642534   -3.892534 (VIOLATED)
_1188_/RESET_B                          0.750000    4.642534   -3.892534 (VIOLATED)
_1189_/RESET_B                          0.750000    4.642534   -3.892534 (VIOLATED)
_1190_/RESET_B                          0.750000    4.642534   -3.892534 (VIOLATED)
_1191_/RESET_B                          0.750000    4.642534   -3.892534 (VIOLATED)
_1192_/RESET_B                          0.750000    4.642534   -3.892534 (VIOLATED)
_1193_/RESET_B                          0.750000    4.642534   -3.892534 (VIOLATED)
_1194_/RESET_B                          0.750000    4.642534   -3.892534 (VIOLATED)
_1195_/RESET_B                          0.750000    4.642534   -3.892534 (VIOLATED)
_1196_/RESET_B                          0.750000    4.642534   -3.892534 (VIOLATED)
_1197_/RESET_B                          0.750000    4.642534   -3.892534 (VIOLATED)
_1198_/RESET_B                          0.750000    4.642534   -3.892534 (VIOLATED)
_1199_/RESET_B                          0.750000    4.642534   -3.892534 (VIOLATED)
_1200_/RESET_B                          0.750000    4.642534   -3.892534 (VIOLATED)
_1201_/RESET_B                          0.750000    4.642534   -3.892534 (VIOLATED)
_1202_/RESET_B                          0.750000    4.642534   -3.892534 (VIOLATED)
_1203_/RESET_B                          0.750000    4.642534   -3.892534 (VIOLATED)
_1204_/RESET_B                          0.750000    4.642534   -3.892534 (VIOLATED)
_1205_/RESET_B                          0.750000    4.642534   -3.892534 (VIOLATED)
_1206_/RESET_B                          0.750000    4.642534   -3.892534 (VIOLATED)
_1207_/RESET_B                          0.750000    4.642534   -3.892534 (VIOLATED)
_1208_/RESET_B                          0.750000    4.642534   -3.892534 (VIOLATED)
_1209_/SET_B                            0.750000    4.642534   -3.892534 (VIOLATED)
_1210_/RESET_B                          0.750000    4.642534   -3.892534 (VIOLATED)
_1211_/RESET_B                          0.750000    4.642534   -3.892534 (VIOLATED)
_1212_/RESET_B                          0.750000    4.642534   -3.892534 (VIOLATED)
_1213_/RESET_B                          0.750000    4.642534   -3.892534 (VIOLATED)
_1214_/RESET_B                          0.750000    4.642534   -3.892534 (VIOLATED)
_1215_/RESET_B                          0.750000    4.642534   -3.892534 (VIOLATED)
_1216_/RESET_B                          0.750000    4.642534   -3.892534 (VIOLATED)
_1217_/RESET_B                          0.750000    4.642534   -3.892534 (VIOLATED)
_1218_/RESET_B                          0.750000    4.642534   -3.892534 (VIOLATED)
_1219_/RESET_B                          0.750000    4.642534   -3.892534 (VIOLATED)
_1220_/RESET_B                          0.750000    4.642534   -3.892534 (VIOLATED)
_1221_/RESET_B                          0.750000    4.642534   -3.892534 (VIOLATED)
_0532_/Y                                0.750000    4.261090   -3.511090 (VIOLATED)
_0533_/S                                0.750000    4.261090   -3.511090 (VIOLATED)
_0534_/S                                0.750000    4.261090   -3.511090 (VIOLATED)
_0610_/S                                0.750000    4.261090   -3.511090 (VIOLATED)
_0611_/S                                0.750000    4.261090   -3.511090 (VIOLATED)
_0612_/S                                0.750000    4.261090   -3.511090 (VIOLATED)
_0613_/S                                0.750000    4.261090   -3.511090 (VIOLATED)
_0614_/S                                0.750000    4.261090   -3.511090 (VIOLATED)
_0615_/S                                0.750000    4.261090   -3.511090 (VIOLATED)
_0616_/S                                0.750000    4.261090   -3.511090 (VIOLATED)
_0617_/S                                0.750000    4.261090   -3.511090 (VIOLATED)
_0618_/S                                0.750000    4.261090   -3.511090 (VIOLATED)
_0619_/S                                0.750000    4.261090   -3.511090 (VIOLATED)
_0620_/S                                0.750000    4.261090   -3.511090 (VIOLATED)
_0621_/S                                0.750000    4.261090   -3.511090 (VIOLATED)
_0622_/S                                0.750000    4.261090   -3.511090 (VIOLATED)
_0623_/S                                0.750000    4.261090   -3.511090 (VIOLATED)
_0624_/S                                0.750000    4.261090   -3.511090 (VIOLATED)
_0625_/S                                0.750000    4.261090   -3.511090 (VIOLATED)
_0626_/S                                0.750000    4.261090   -3.511090 (VIOLATED)
_0627_/S                                0.750000    4.261090   -3.511090 (VIOLATED)
_0628_/S                                0.750000    4.261090   -3.511090 (VIOLATED)
_0629_/S                                0.750000    4.261090   -3.511090 (VIOLATED)
_0630_/S                                0.750000    4.261090   -3.511090 (VIOLATED)
_0631_/S                                0.750000    4.261090   -3.511090 (VIOLATED)
_0632_/S                                0.750000    4.261090   -3.511090 (VIOLATED)
_0633_/S                                0.750000    4.261090   -3.511090 (VIOLATED)
_0634_/S                                0.750000    4.261090   -3.511090 (VIOLATED)
_0635_/S                                0.750000    4.261090   -3.511090 (VIOLATED)
_0636_/S                                0.750000    4.261090   -3.511090 (VIOLATED)
_0637_/S                                0.750000    4.261090   -3.511090 (VIOLATED)
_0638_/S                                0.750000    4.261090   -3.511090 (VIOLATED)
_0639_/S                                0.750000    4.261090   -3.511090 (VIOLATED)
_0640_/S                                0.750000    4.261090   -3.511090 (VIOLATED)
_0641_/S                                0.750000    4.261090   -3.511090 (VIOLATED)
_0642_/S                                0.750000    4.261090   -3.511090 (VIOLATED)
_0643_/S                                0.750000    4.261090   -3.511090 (VIOLATED)
_0644_/S                                0.750000    4.261090   -3.511090 (VIOLATED)
_0645_/S                                0.750000    4.261090   -3.511090 (VIOLATED)
_0646_/S                                0.750000    4.261090   -3.511090 (VIOLATED)
_0647_/S                                0.750000    4.261090   -3.511090 (VIOLATED)
_0648_/S                                0.750000    4.261090   -3.511090 (VIOLATED)
_0649_/S                                0.750000    4.261090   -3.511090 (VIOLATED)
_0650_/S                                0.750000    4.261090   -3.511090 (VIOLATED)
_0651_/S                                0.750000    4.261090   -3.511090 (VIOLATED)
_0652_/S                                0.750000    4.261090   -3.511090 (VIOLATED)
_0653_/S                                0.750000    4.261090   -3.511090 (VIOLATED)
_0654_/S                                0.750000    4.261090   -3.511090 (VIOLATED)
_0655_/S                                0.750000    4.261090   -3.511090 (VIOLATED)
_0656_/S                                0.750000    4.261090   -3.511090 (VIOLATED)
_0657_/S                                0.750000    4.261090   -3.511090 (VIOLATED)
_0658_/S                                0.750000    4.261090   -3.511090 (VIOLATED)
_0659_/S                                0.750000    4.261090   -3.511090 (VIOLATED)
_0660_/S                                0.750000    4.261090   -3.511090 (VIOLATED)
_0661_/S                                0.750000    4.261090   -3.511090 (VIOLATED)
_0662_/S                                0.750000    4.261090   -3.511090 (VIOLATED)
_0663_/S                                0.750000    4.261090   -3.511090 (VIOLATED)
_0664_/S                                0.750000    4.261090   -3.511090 (VIOLATED)
_0665_/S                                0.750000    4.261090   -3.511090 (VIOLATED)
_0666_/S                                0.750000    4.261090   -3.511090 (VIOLATED)
_0667_/S                                0.750000    4.261090   -3.511090 (VIOLATED)
_0668_/S                                0.750000    4.261090   -3.511090 (VIOLATED)
_0669_/S                                0.750000    4.261090   -3.511090 (VIOLATED)
_0670_/S                                0.750000    4.261090   -3.511090 (VIOLATED)
_0671_/S                                0.750000    4.261090   -3.511090 (VIOLATED)
_0672_/S                                0.750000    4.261090   -3.511090 (VIOLATED)
_0673_/S                                0.750000    4.261090   -3.511090 (VIOLATED)
_0924_/B                                0.750000    4.261090   -3.511090 (VIOLATED)
_1010_/B                                0.750000    4.261090   -3.511090 (VIOLATED)
_1013_/A                                0.750000    4.261090   -3.511090 (VIOLATED)
_1014_/S                                0.750000    4.261090   -3.511090 (VIOLATED)
_1015_/S                                0.750000    4.261090   -3.511090 (VIOLATED)
_1016_/S                                0.750000    4.261090   -3.511090 (VIOLATED)
_1017_/S                                0.750000    4.261090   -3.511090 (VIOLATED)
_1018_/S                                0.750000    4.261090   -3.511090 (VIOLATED)
_1019_/S                                0.750000    4.261090   -3.511090 (VIOLATED)
_0710_/Y                                0.750000    1.075508   -0.325508 (VIOLATED)
_0711_/B                                0.750000    1.075508   -0.325508 (VIOLATED)
_0712_/B1                               0.750000    1.075508   -0.325508 (VIOLATED)
_0747_/A                                0.750000    1.075508   -0.325508 (VIOLATED)
_0750_/A1                               0.750000    1.075508   -0.325508 (VIOLATED)
_0763_/A_N                              0.750000    1.075508   -0.325508 (VIOLATED)
_0780_/A                                0.750000    1.075508   -0.325508 (VIOLATED)
_0781_/A1                               0.750000    1.075508   -0.325508 (VIOLATED)
_0830_/B2                               0.750000    1.075508   -0.325508 (VIOLATED)
_0871_/A                                0.750000    1.075508   -0.325508 (VIOLATED)
_0872_/A1                               0.750000    1.075508   -0.325508 (VIOLATED)
_0675_/Y                                0.750000    1.017793   -0.267793 (VIOLATED)
_0685_/A2                               0.750000    1.017793   -0.267793 (VIOLATED)
_0691_/A2                               0.750000    1.017793   -0.267793 (VIOLATED)
_0702_/A2                               0.750000    1.017793   -0.267793 (VIOLATED)
_0708_/A2                               0.750000    1.017793   -0.267793 (VIOLATED)
_0728_/A2                               0.750000    1.017793   -0.267793 (VIOLATED)
_0741_/A2                               0.750000    1.017793   -0.267793 (VIOLATED)
_0757_/A2                               0.750000    1.017793   -0.267793 (VIOLATED)
_0777_/A2                               0.750000    1.017793   -0.267793 (VIOLATED)
_0784_/B                                0.750000    1.017793   -0.267793 (VIOLATED)
_0813_/A2                               0.750000    1.017793   -0.267793 (VIOLATED)
_0823_/A2                               0.750000    1.017793   -0.267793 (VIOLATED)
_0852_/A2                               0.750000    1.017793   -0.267793 (VIOLATED)
_0869_/A2                               0.750000    1.017793   -0.267793 (VIOLATED)
_0898_/A2                               0.750000    1.017793   -0.267793 (VIOLATED)
_0910_/A2                               0.750000    1.017793   -0.267793 (VIOLATED)
_0682_/Y                                0.750000    0.974527   -0.224527 (VIOLATED)
_0686_/A2                               0.750000    0.974527   -0.224527 (VIOLATED)
_0692_/B1                               0.750000    0.974527   -0.224527 (VIOLATED)
_0697_/B                                0.750000    0.974527   -0.224527 (VIOLATED)
_0705_/B                                0.750000    0.974527   -0.224527 (VIOLATED)
_0716_/B1                               0.750000    0.974527   -0.224527 (VIOLATED)
_0724_/B1                               0.750000    0.974527   -0.224527 (VIOLATED)
_0740_/B                                0.750000    0.974527   -0.224527 (VIOLATED)
_0752_/B                                0.750000    0.974527   -0.224527 (VIOLATED)
_0774_/B                                0.750000    0.974527   -0.224527 (VIOLATED)
_0789_/A2                               0.750000    0.974527   -0.224527 (VIOLATED)
_0812_/B1                               0.750000    0.974527   -0.224527 (VIOLATED)
_0825_/B1                               0.750000    0.974527   -0.224527 (VIOLATED)
_0851_/B1                               0.750000    0.974527   -0.224527 (VIOLATED)
_0868_/B1                               0.750000    0.974527   -0.224527 (VIOLATED)
_0898_/B1                               0.750000    0.974527   -0.224527 (VIOLATED)
_0909_/A2                               0.750000    0.974527   -0.224527 (VIOLATED)
_0515_/Y                                0.750000    0.952111   -0.202111 (VIOLATED)
_0519_/A                                0.750000    0.952111   -0.202111 (VIOLATED)
_0924_/A                                0.750000    0.952111   -0.202111 (VIOLATED)
_0925_/A2                               0.750000    0.952111   -0.202111 (VIOLATED)
_0926_/A2                               0.750000    0.952111   -0.202111 (VIOLATED)
_0927_/A2                               0.750000    0.952111   -0.202111 (VIOLATED)
_0928_/A2                               0.750000    0.952111   -0.202111 (VIOLATED)
_0929_/A2                               0.750000    0.952111   -0.202111 (VIOLATED)
_0930_/A2                               0.750000    0.952111   -0.202111 (VIOLATED)
_0931_/A2                               0.750000    0.952111   -0.202111 (VIOLATED)
_0932_/A2                               0.750000    0.952111   -0.202111 (VIOLATED)
_1012_/A1                               0.750000    0.952111   -0.202111 (VIOLATED)
_0746_/Y                                0.750000    0.920890   -0.170890 (VIOLATED)
_0747_/B                                0.750000    0.920890   -0.170890 (VIOLATED)
_0748_/B                                0.750000    0.920890   -0.170890 (VIOLATED)
_0750_/B1                               0.750000    0.920890   -0.170890 (VIOLATED)
_0781_/A2                               0.750000    0.920890   -0.170890 (VIOLATED)
_0830_/A2                               0.750000    0.920890   -0.170890 (VIOLATED)
_0862_/A                                0.750000    0.920890   -0.170890 (VIOLATED)
_0894_/A                                0.750000    0.920890   -0.170890 (VIOLATED)
_0679_/Y                                0.750000    0.920469   -0.170469 (VIOLATED)
_0692_/A2                               0.750000    0.920469   -0.170469 (VIOLATED)
_0698_/B1                               0.750000    0.920469   -0.170469 (VIOLATED)
_0709_/A2                               0.750000    0.920469   -0.170469 (VIOLATED)
_0716_/A2                               0.750000    0.920469   -0.170469 (VIOLATED)
_0741_/B1                               0.750000    0.920469   -0.170469 (VIOLATED)
_0778_/A2                               0.750000    0.920469   -0.170469 (VIOLATED)
_0785_/A2                               0.750000    0.920469   -0.170469 (VIOLATED)
_0812_/A2                               0.750000    0.920469   -0.170469 (VIOLATED)
_0825_/A2                               0.750000    0.920469   -0.170469 (VIOLATED)
_0849_/B1                               0.750000    0.920469   -0.170469 (VIOLATED)
_0869_/B1                               0.750000    0.920469   -0.170469 (VIOLATED)
_0901_/B1                               0.750000    0.920469   -0.170469 (VIOLATED)
_0907_/B1                               0.750000    0.920469   -0.170469 (VIOLATED)
_0676_/Y                                0.750000    0.894520   -0.144520 (VIOLATED)
_0685_/B1                               0.750000    0.894520   -0.144520 (VIOLATED)
_0691_/B1                               0.750000    0.894520   -0.144520 (VIOLATED)
_0698_/A2                               0.750000    0.894520   -0.144520 (VIOLATED)
_0720_/A2                               0.750000    0.894520   -0.144520 (VIOLATED)
_0724_/A2                               0.750000    0.894520   -0.144520 (VIOLATED)
_0745_/A2                               0.750000    0.894520   -0.144520 (VIOLATED)
_0753_/A2                               0.750000    0.894520   -0.144520 (VIOLATED)
_0810_/B                                0.750000    0.894520   -0.144520 (VIOLATED)
_0824_/B1                               0.750000    0.894520   -0.144520 (VIOLATED)
_0850_/A2                               0.750000    0.894520   -0.144520 (VIOLATED)
_0867_/B1                               0.750000    0.894520   -0.144520 (VIOLATED)
_0900_/A2                               0.750000    0.894520   -0.144520 (VIOLATED)
_0907_/A2                               0.750000    0.894520   -0.144520 (VIOLATED)
_0693_/Y                                0.750000    0.893842   -0.143843 (VIOLATED)
_0694_/A                                0.750000    0.893842   -0.143843 (VIOLATED)
_0695_/B                                0.750000    0.893842   -0.143843 (VIOLATED)
_0712_/B2                               0.750000    0.893842   -0.143843 (VIOLATED)
_0731_/A                                0.750000    0.893842   -0.143843 (VIOLATED)
_0760_/A                                0.750000    0.893842   -0.143843 (VIOLATED)
_0792_/A                                0.750000    0.893842   -0.143843 (VIOLATED)
_0816_/A_N                              0.750000    0.893842   -0.143843 (VIOLATED)
_0758_/Y                                0.750000    0.839036   -0.089036 (VIOLATED)
_0759_/B                                0.750000    0.839036   -0.089036 (VIOLATED)
_0760_/B                                0.750000    0.839036   -0.089036 (VIOLATED)
_0763_/B                                0.750000    0.839036   -0.089036 (VIOLATED)
_0828_/B                                0.750000    0.839036   -0.089036 (VIOLATED)
_0861_/A                                0.750000    0.839036   -0.089036 (VIOLATED)
_0862_/B                                0.750000    0.839036   -0.089036 (VIOLATED)
_0703_/Y                                0.750000    0.808590   -0.058591 (VIOLATED)
_0711_/A                                0.750000    0.808590   -0.058591 (VIOLATED)
_0712_/A2                               0.750000    0.808590   -0.058591 (VIOLATED)
_0730_/A                                0.750000    0.808590   -0.058591 (VIOLATED)
_0759_/A                                0.750000    0.808590   -0.058591 (VIOLATED)
_0791_/A                                0.750000    0.808590   -0.058591 (VIOLATED)
_0815_/A_N                              0.750000    0.808590   -0.058591 (VIOLATED)
_0854_/A_N                              0.750000    0.808590   -0.058591 (VIOLATED)
_0536_/Y                                0.750000    0.785015   -0.035015 (VIOLATED)
_0537_/S                                0.750000    0.785015   -0.035015 (VIOLATED)
_0538_/S                                0.750000    0.785015   -0.035015 (VIOLATED)
_0539_/S                                0.750000    0.785015   -0.035015 (VIOLATED)
_0540_/S                                0.750000    0.785015   -0.035015 (VIOLATED)
_0541_/S                                0.750000    0.785015   -0.035015 (VIOLATED)
_0542_/S                                0.750000    0.785015   -0.035015 (VIOLATED)
_0543_/S                                0.750000    0.785015   -0.035015 (VIOLATED)
_0544_/S                                0.750000    0.785015   -0.035015 (VIOLATED)

max fanout

Pin                                   Limit Fanout  Slack
---------------------------------------------------------
rst_n                                    10    202   -192 (VIOLATED)
_0532_/Y                                 10     75    -65 (VIOLATED)
_1206_/Q                                 10     45    -35 (VIOLATED)
_1207_/Q                                 10     44    -34 (VIOLATED)
_1208_/Q                                 10     44    -34 (VIOLATED)
_0518_/Y                                 10     16     -6 (VIOLATED)
_0682_/Y                                 10     16     -6 (VIOLATED)
_0675_/Y                                 10     15     -5 (VIOLATED)
_0676_/Y                                 10     13     -3 (VIOLATED)
_0679_/Y                                 10     13     -3 (VIOLATED)
_0515_/Y                                 10     11        (VIOLATED)

max capacitance

Pin                                        Limit         Cap       Slack
------------------------------------------------------------------------
rst_n                                   0.200000    0.682966   -0.482965 (VIOLATED)
_0532_/Y                                0.086070    0.255545   -0.169475 (VIOLATED)



===========================================================================
report_parasitic_annotation -report_unannotated
============================================================================
Found 763 unannotated drivers.
 clk
 ena
 rst_n
 ui_in[0]
 ui_in[1]
 ui_in[2]
 ui_in[3]
 ui_in[4]
 ui_in[5]
 ui_in[6]
 ui_in[7]
 uio_in[0]
 uio_in[1]
 uio_in[2]
 uio_in[3]
 uio_in[4]
 uio_in[5]
 uio_in[6]
 uio_in[7]
 _0510_/Y
 _0511_/Y
 _0512_/X
 _0513_/Y
 _0514_/X
 _0515_/Y
 _0516_/X
 _0517_/X
 _0518_/Y
 _0519_/Y
 _0520_/X
 _0521_/Y
 _0522_/X
 _0523_/Y
 _0524_/X
 _0525_/Y
 _0526_/X
 _0527_/Y
 _0528_/X
 _0529_/Y
 _0530_/X
 _0531_/X
 _0532_/Y
 _0533_/X
 _0534_/X
 _0535_/X
 _0536_/Y
 _0537_/X
 _0538_/X
 _0539_/X
 _0540_/X
 _0541_/X
 _0542_/X
 _0543_/X
 _0544_/X
 _0545_/X
 _0546_/X
 _0547_/X
 _0548_/X
 _0549_/X
 _0550_/X
 _0551_/X
 _0552_/X
 _0553_/X
 _0554_/X
 _0555_/X
 _0556_/X
 _0557_/X
 _0558_/X
 _0559_/X
 _0560_/X
 _0561_/X
 _0562_/X
 _0563_/Y
 _0564_/X
 _0565_/X
 _0566_/X
 _0567_/X
 _0568_/X
 _0569_/X
 _0570_/X
 _0571_/X
 _0572_/X
 _0573_/Y
 _0574_/X
 _0575_/X
 _0576_/X
 _0577_/X
 _0578_/X
 _0579_/X
 _0580_/X
 _0581_/X
 _0582_/X
 _0583_/X
 _0584_/X
 _0585_/X
 _0586_/X
 _0587_/X
 _0588_/X
 _0589_/X
 _0590_/X
 _0591_/X
 _0592_/X
 _0593_/X
 _0594_/X
 _0595_/X
 _0596_/X
 _0597_/X
 _0598_/X
 _0599_/X
 _0600_/X
 _0601_/X
 _0602_/X
 _0603_/X
 _0604_/X
 _0605_/X
 _0606_/X
 _0607_/X
 _0608_/X
 _0609_/X
 _0610_/X
 _0611_/X
 _0612_/X
 _0613_/X
 _0614_/X
 _0615_/X
 _0616_/X
 _0617_/X
 _0618_/X
 _0619_/X
 _0620_/X
 _0621_/X
 _0622_/X
 _0623_/X
 _0624_/X
 _0625_/X
 _0626_/X
 _0627_/X
 _0628_/X
 _0629_/X
 _0630_/X
 _0631_/X
 _0632_/X
 _0633_/X
 _0634_/X
 _0635_/X
 _0636_/X
 _0637_/X
 _0638_/X
 _0639_/X
 _0640_/X
 _0641_/X
 _0642_/X
 _0643_/X
 _0644_/X
 _0645_/X
 _0646_/X
 _0647_/X
 _0648_/X
 _0649_/X
 _0650_/X
 _0651_/X
 _0652_/X
 _0653_/X
 _0654_/X
 _0655_/X
 _0656_/X
 _0657_/X
 _0658_/X
 _0659_/X
 _0660_/X
 _0661_/X
 _0662_/X
 _0663_/X
 _0664_/X
 _0665_/X
 _0666_/X
 _0667_/X
 _0668_/X
 _0669_/X
 _0670_/X
 _0671_/X
 _0672_/X
 _0673_/X
 _0674_/Y
 _0675_/Y
 _0676_/Y
 _0677_/X
 _0678_/X
 _0679_/Y
 _0680_/X
 _0681_/X
 _0682_/Y
 _0683_/X
 _0684_/X
 _0685_/X
 _0686_/X
 _0687_/Y
 _0688_/Y
 _0689_/X
 _0690_/X
 _0691_/X
 _0692_/X
 _0693_/Y
 _0694_/Y
 _0695_/Y
 _0696_/X
 _0697_/X
 _0698_/X
 _0699_/X
 _0700_/X
 _0701_/X
 _0702_/X
 _0703_/Y
 _0704_/X
 _0705_/X
 _0706_/X
 _0707_/X
 _0708_/X
 _0709_/X
 _0710_/Y
 _0711_/Y
 _0712_/X
 _0713_/Y
 _0714_/X
 _0715_/X
 _0716_/X
 _0717_/X
 _0718_/X
 _0719_/X
 _0720_/X
 _0721_/Y
 _0722_/Y
 _0723_/X
 _0724_/X
 _0725_/X
 _0726_/X
 _0727_/X
 _0728_/X
 _0729_/Y
 _0730_/Y
 _0731_/Y
 _0732_/X
 _0733_/X
 _0734_/Y
 _0735_/Y
 _0736_/X
 _0737_/Y
 _0738_/Y
 _0739_/X
 _0740_/X
 _0741_/X
 _0742_/X
 _0743_/X
 _0744_/X
 _0745_/X
 _0746_/Y
 _0747_/Y
 _0748_/Y
 _0749_/X
 _0750_/X
 _0751_/X
 _0752_/X
 _0753_/X
 _0754_/X
 _0755_/X
 _0756_/X
 _0757_/X
 _0758_/Y
 _0759_/Y
 _0760_/Y
 _0761_/Y
 _0762_/X
 _0763_/X
 _0764_/X
 _0765_/X
 _0766_/X
 _0767_/Y
 _0768_/X
 _0769_/Y
 _0770_/X
 _0771_/X
 _0772_/Y
 _0773_/X
 _0774_/X
 _0775_/X
 _0776_/X
 _0777_/X
 _0778_/X
 _0779_/Y
 _0780_/Y
 _0781_/Y
 _0782_/Y
 _0783_/Y
 _0784_/X
 _0785_/X
 _0786_/X
 _0787_/X
 _0788_/X
 _0789_/X
 _0790_/Y
 _0791_/Y
 _0792_/Y
 _0793_/Y
 _0794_/X
 _0795_/X
 _0796_/Y
 _0797_/Y
 _0798_/X
 _0799_/Y
 _0800_/X
 _0801_/Y
 _0802_/Y
 _0803_/X
 _0804_/Y
 _0805_/Y
 _0806_/X
 _0807_/Y
 _0808_/X
 _0809_/X
 _0810_/X
 _0811_/X
 _0812_/X
 _0813_/X
 _0814_/X
 _0815_/X
 _0816_/X
 _0817_/Y
 _0818_/Y
 _0819_/X
 _0820_/X
 _0821_/Y
 _0822_/X
 _0823_/X
 _0824_/X
 _0825_/X
 _0826_/Y
 _0827_/Y
 _0828_/Y
 _0829_/Y
 _0830_/X
 _0831_/Y
 _0832_/X
 _0833_/Y
 _0834_/X
 _0835_/Y
 _0836_/X
 _0837_/Y
 _0838_/X
 _0839_/Y
 _0840_/Y
 _0841_/X
 _0842_/Y
 _0843_/Y
 _0844_/Y
 _0845_/X
 _0846_/X
 _0847_/X
 _0848_/X
 _0849_/X
 _0850_/X
 _0851_/X
 _0852_/X
 _0853_/X
 _0854_/Y
 _0855_/X
 _0856_/X
 _0857_/X
 _0858_/X
 _0859_/Y
 _0860_/Y
 _0861_/Y
 _0862_/Y
 _0863_/Y
 _0864_/Y
 _0865_/Y
 _0866_/X
 _0867_/X
 _0868_/X
 _0869_/X
 _0870_/Y
 _0871_/Y
 _0872_/X
 _0873_/Y
 _0874_/Y
 _0875_/Y
 _0876_/X
 _0877_/Y
 _0878_/X
 _0879_/Y
 _0880_/Y
 _0881_/X
 _0882_/Y
 _0883_/X
 _0884_/Y
 _0885_/Y
 _0886_/X
 _0887_/X
 _0888_/Y
 _0889_/Y
 _0890_/X
 _0891_/Y
 _0892_/X
 _0893_/X
 _0894_/Y
 _0895_/Y
 _0896_/Y
 _0897_/Y
 _0898_/X
 _0899_/X
 _0900_/X
 _0901_/X
 _0902_/X
 _0903_/X
 _0904_/Y
 _0905_/X
 _0906_/Y
 _0907_/X
 _0908_/X
 _0909_/X
 _0910_/X
 _0911_/X
 _0912_/Y
 _0913_/Y
 _0914_/Y
 _0915_/X
 _0916_/Y
 _0917_/Y
 _0918_/Y
 _0919_/Y
 _0920_/Y
 _0921_/Y
 _0922_/Y
 _0923_/X
 _0924_/Y
 _0925_/X
 _0926_/X
 _0927_/X
 _0928_/X
 _0929_/X
 _0930_/X
 _0931_/X
 _0932_/X
 _0933_/X
 _0934_/X
 _0935_/X
 _0936_/Y
 _0937_/Y
 _0938_/X
 _0939_/X
 _0940_/Y
 _0941_/X
 _0942_/X
 _0943_/Y
 _0944_/X
 _0945_/Y
 _0946_/Y
 _0947_/X
 _0948_/X
 _0949_/X
 _0950_/X
 _0951_/Y
 _0952_/X
 _0953_/X
 _0954_/Y
 _0955_/Y
 _0956_/Y
 _0957_/Y
 _0958_/X
 _0959_/X
 _0960_/Y
 _0961_/Y
 _0962_/X
 _0963_/Y
 _0964_/X
 _0965_/X
 _0966_/Y
 _0967_/Y
 _0968_/X
 _0969_/Y
 _0970_/X
 _0971_/X
 _0972_/X
 _0973_/Y
 _0974_/X
 _0975_/X
 _0976_/X
 _0977_/X
 _0978_/X
 _0979_/X
 _0980_/X
 _0981_/X
 _0982_/X
 _0983_/X
 _0984_/X
 _0985_/X
 _0986_/X
 _0987_/X
 _0988_/X
 _0989_/X
 _0990_/X
 _0991_/X
 _0992_/X
 _0993_/X
 _0994_/X
 _0995_/X
 _0996_/X
 _0997_/X
 _0998_/X
 _0999_/X
 _1000_/X
 _1001_/X
 _1002_/X
 _1003_/X
 _1004_/X
 _1005_/X
 _1006_/X
 _1007_/Y
 _1008_/Y
 _1009_/X
 _1010_/Y
 _1011_/X
 _1012_/Y
 _1013_/Y
 _1014_/X
 _1015_/X
 _1016_/X
 _1017_/X
 _1018_/X
 _1019_/X
 _1020_/Q
 _1021_/Q
 _1022_/Q
 _1023_/Q
 _1024_/Q
 _1025_/Q
 _1026_/Q
 _1027_/Q
 _1028_/Q
 _1029_/Q
 _1030_/Q
 _1031_/Q
 _1032_/Q
 _1033_/Q
 _1034_/Q
 _1035_/Q
 _1036_/Q
 _1037_/Q
 _1038_/Q
 _1039_/Q
 _1040_/Q
 _1041_/Q
 _1042_/Q
 _1043_/Q
 _1044_/Q
 _1045_/Q
 _1046_/Q
 _1047_/Q
 _1048_/Q
 _1049_/Q
 _1050_/Q
 _1051_/Q
 _1052_/Q
 _1053_/Q
 _1054_/Q
 _1055_/Q
 _1056_/Q
 _1057_/Q
 _1058_/Q
 _1059_/Q
 _1060_/Q
 _1061_/Q
 _1062_/Q
 _1063_/Q
 _1064_/Q
 _1065_/Q
 _1066_/Q
 _1067_/Q
 _1068_/Q
 _1069_/Q
 _1070_/Q
 _1071_/Q
 _1072_/Q
 _1073_/Q
 _1074_/Q
 _1075_/Q
 _1076_/Q
 _1077_/Q
 _1078_/Q
 _1079_/Q
 _1080_/Q
 _1081_/Q
 _1082_/Q
 _1083_/Q
 _1084_/Q
 _1085_/Q
 _1086_/Q
 _1087_/Q
 _1088_/Q
 _1089_/Q
 _1090_/Q
 _1091_/Q
 _1092_/Q
 _1093_/Q
 _1094_/Q
 _1095_/Q
 _1096_/Q
 _1097_/Q
 _1098_/Q
 _1099_/Q
 _1100_/Q
 _1101_/Q
 _1102_/Q
 _1103_/Q
 _1104_/Q
 _1105_/Q
 _1106_/Q
 _1107_/Q
 _1108_/Q
 _1109_/Q
 _1110_/Q
 _1111_/Q
 _1112_/Q
 _1113_/Q
 _1114_/Q
 _1115_/Q
 _1116_/Q
 _1117_/Q
 _1118_/Q
 _1119_/Q
 _1120_/Q
 _1121_/Q
 _1122_/Q
 _1123_/Q
 _1124_/Q
 _1125_/Q
 _1126_/Q
 _1127_/Q
 _1128_/Q
 _1129_/Q
 _1130_/Q
 _1131_/Q
 _1132_/Q
 _1133_/Q
 _1134_/Q
 _1135_/Q
 _1136_/Q
 _1137_/Q
 _1138_/Q
 _1139_/Q
 _1140_/Q
 _1141_/Q
 _1142_/Q
 _1143_/Q
 _1144_/Q
 _1145_/Q
 _1146_/Q
 _1147_/Q
 _1148_/Q
 _1149_/Q
 _1150_/Q
 _1151_/Q
 _1152_/Q
 _1153_/Q
 _1154_/Q
 _1155_/Q
 _1156_/Q
 _1157_/Q
 _1158_/Q
 _1159_/Q
 _1160_/Q
 _1161_/Q
 _1162_/Q
 _1163_/Q
 _1164_/Q
 _1165_/Q
 _1166_/Q
 _1167_/Q
 _1168_/Q
 _1169_/Q
 _1170_/Q
 _1171_/Q
 _1172_/Q
 _1173_/Q
 _1174_/Q
 _1175_/Q
 _1176_/Q
 _1177_/Q
 _1178_/Q
 _1179_/Q
 _1180_/Q
 _1181_/Q
 _1182_/Q
 _1183_/Q
 _1184_/Q
 _1185_/Q
 _1186_/Q
 _1187_/Q
 _1188_/Q
 _1189_/Q
 _1190_/Q
 _1191_/Q
 _1192_/Q
 _1193_/Q
 _1194_/Q
 _1195_/Q
 _1196_/Q
 _1197_/Q
 _1198_/Q
 _1199_/Q
 _1200_/Q
 _1201_/Q
 _1202_/Q
 _1203_/Q
 _1204_/Q
 _1205_/Q
 _1206_/Q
 _1207_/Q
 _1208_/Q
 _1209_/Q
 _1210_/Q
 _1211_/Q
 _1212_/Q
 _1213_/Q
 _1214_/Q
 _1215_/Q
 _1216_/Q
 _1217_/Q
 _1218_/Q
 _1219_/Q
 _1220_/Q
 _1221_/Q
 _1222_/HI
 _1222_/LO
 _1223_/HI
 _1223_/LO
 _1224_/HI
 _1224_/LO
 _1225_/HI
 _1225_/LO
 _1226_/HI
 _1226_/LO
 _1227_/HI
 _1227_/LO
 _1228_/HI
 _1228_/LO
 _1229_/HI
 _1229_/LO
 _1230_/HI
 _1230_/LO
 _1231_/HI
 _1231_/LO
 _1232_/HI
 _1232_/LO
 _1233_/HI
 _1233_/LO
 _1234_/HI
 _1234_/LO
 _1235_/HI
 _1235_/LO
 _1236_/HI
 _1236_/LO
 _1237_/HI
 _1237_/LO
Found 0 partially unannotated drivers.

===========================================================================
max slew violation count 403
max fanout violation count 11
max cap violation count 2
============================================================================

===========================================================================
check_setup -verbose -unconstrained_endpoints -multiple_clock -no_clock -no_input_delay -loops -generated_clocks
===========================================================================
