Clock: clk
Sources: clk 
Generated: no
Virtual: no
Propagated: no
Period: 20.000000

===========================================================================
report_clock_properties
============================================================================
Clock                   Period          Waveform
----------------------------------------------------
clk                  20.000000    0.000000 10.000000

===========================================================================
report_clock_latency
============================================================================
Clock clk
rise -> rise
    min     max
0.000000 0.000000 source latency
1.702077         network latency _1050_/CLK
        1.881243 network latency _1050_/CLK
---------------
1.702077 1.881243 latency
        0.179166 skew

fall -> fall
    min     max
0.000000 0.000000 source latency
0.939989         network latency _1050_/CLK
        1.038935 network latency _1050_/CLK
---------------
0.939989 1.038935 latency
        0.098946 skew



===========================================================================
report_clock_min_period
============================================================================
clk period_min = 11.48 fmax = 87.14
