Clock: clk
Sources: clk 
Generated: no
Virtual: yes
Propagated: no
Period: 20.000000

===========================================================================
report_clock_properties
============================================================================
Clock                   Period          Waveform
----------------------------------------------------
clk                  20.000000    0.000000 10.000000

===========================================================================
report_clock_latency
============================================================================
Clock clk
rise -> rise
    min     max
0.000000 0.000000 source latency
0.624206         network latency _1169_/CLK
        0.711691 network latency _1173_/CLK
---------------
0.624206 0.711691 latency
        0.087485 skew

fall -> fall
    min     max
0.000000 0.000000 source latency
0.556408         network latency _1169_/CLK
        0.630501 network latency _1173_/CLK
---------------
0.556408 0.630501 latency
        0.074093 skew



===========================================================================
report_clock_min_period
============================================================================
clk period_min = 7.61 fmax = 131.44
