
===========================================================================
report_checks -unconstrained
===========================================================================
======================= min_tt_025C_1v80 Corner ===================================

Startpoint: rst_n (input port clocked by clk)
Endpoint: _1128_ (recovery check against rising-edge clock clk)
Path Group: asynchronous
Path Type: max

Fanout         Cap        Slew       Delay        Time   Description
---------------------------------------------------------------------------------------------
                                  0.000000    0.000000   clock clk (rise edge)
                                  0.000000    0.000000   clock network delay (propagated)
                                  4.000000    4.000000 ^ input external delay
     1    0.005956    0.033487    0.022003    4.022003 ^ rst_n (in)
                                                         rst_n (net)
                      0.033488    0.000000    4.022003 ^ input2/A (sky130_fd_sc_hd__clkdlybuf4s25_1)
     1    0.003749    0.052485    0.257969    4.279972 ^ input2/X (sky130_fd_sc_hd__clkdlybuf4s25_1)
                                                         net2 (net)
                      0.052485    0.000041    4.280014 ^ fanout123/A (sky130_fd_sc_hd__clkdlybuf4s25_1)
     5    0.051537    0.514245    0.606189    4.886203 ^ fanout123/X (sky130_fd_sc_hd__clkdlybuf4s25_1)
                                                         net123 (net)
                      0.514298    0.004617    4.890820 ^ fanout109/A (sky130_fd_sc_hd__clkdlybuf4s25_1)
     8    0.041194    0.413662    0.634677    5.525497 ^ fanout109/X (sky130_fd_sc_hd__clkdlybuf4s25_1)
                                                         net109 (net)
                      0.413662    0.001225    5.526722 ^ fanout108/A (sky130_fd_sc_hd__clkdlybuf4s25_1)
     5    0.028977    0.294532    0.532208    6.058930 ^ fanout108/X (sky130_fd_sc_hd__clkdlybuf4s25_1)
                                                         net108 (net)
                      0.294532    0.000709    6.059639 ^ fanout106/A (sky130_fd_sc_hd__clkdlybuf4s25_1)
     5    0.023252    0.238932    0.473736    6.533376 ^ fanout106/X (sky130_fd_sc_hd__clkdlybuf4s25_1)
                                                         net106 (net)
                      0.238932    0.000175    6.533550 ^ load_slew107/A (sky130_fd_sc_hd__buf_2)
     6    0.028921    0.146111    0.252462    6.786012 ^ load_slew107/X (sky130_fd_sc_hd__buf_2)
                                                         net107 (net)
                      0.146114    0.000939    6.786951 ^ _1128_/RESET_B (sky130_fd_sc_hd__dfrtp_2)
                                              6.786951   data arrival time

                                 20.000000   20.000000   clock clk (rise edge)
                                  0.000000   20.000000   clock source latency
     1    0.033993    0.158190    0.104274   20.104275 ^ clk (in)
                                                         clk (net)
                      0.158205    0.000000   20.104275 ^ clkbuf_0_clk/A (sky130_fd_sc_hd__clkbuf_16)
     2    0.029484    0.051489    0.164626   20.268900 ^ clkbuf_0_clk/X (sky130_fd_sc_hd__clkbuf_16)
                                                         clknet_0_clk (net)
                      0.051502    0.000524   20.269424 ^ clkbuf_1_1__f_clk/A (sky130_fd_sc_hd__clkbuf_16)
     8    0.074297    0.091307    0.160956   20.430380 ^ clkbuf_1_1__f_clk/X (sky130_fd_sc_hd__clkbuf_16)
                                                         clknet_1_1__leaf_clk (net)
                      0.091329    0.001336   20.431715 ^ clkbuf_leaf_6_clk/A (sky130_fd_sc_hd__clkbuf_8)
    13    0.043619    0.087683    0.169221   20.600937 ^ clkbuf_leaf_6_clk/X (sky130_fd_sc_hd__clkbuf_8)
                                                         clknet_leaf_6_clk (net)
                      0.087683    0.000375   20.601311 ^ _1128_/CLK (sky130_fd_sc_hd__dfrtp_2)
                                 -0.250000   20.351313   clock uncertainty
                                  0.000000   20.351313   clock reconvergence pessimism
                                  0.202332   20.553644   library recovery time
                                             20.553644   data required time
---------------------------------------------------------------------------------------------
                                             20.553644   data required time
                                             -6.786951   data arrival time
---------------------------------------------------------------------------------------------
                                             13.766694   slack (MET)


Startpoint: _1236_ (rising edge-triggered flip-flop clocked by clk)
Endpoint: _1186_ (rising edge-triggered flip-flop clocked by clk)
Path Group: clk
Path Type: max

Fanout         Cap        Slew       Delay        Time   Description
---------------------------------------------------------------------------------------------
                                  0.000000    0.000000   clock clk (rise edge)
                                  0.000000    0.000000   clock source latency
     1    0.033993    0.158190    0.115251    0.115251 ^ clk (in)
                                                         clk (net)
                      0.158205    0.000000    0.115251 ^ clkbuf_0_clk/A (sky130_fd_sc_hd__clkbuf_16)
     2    0.029484    0.051489    0.181954    0.297205 ^ clkbuf_0_clk/X (sky130_fd_sc_hd__clkbuf_16)
                                                         clknet_0_clk (net)
                      0.051502    0.000579    0.297784 ^ clkbuf_1_1__f_clk/A (sky130_fd_sc_hd__clkbuf_16)
     8    0.074297    0.091307    0.177898    0.475682 ^ clkbuf_1_1__f_clk/X (sky130_fd_sc_hd__clkbuf_16)
                                                         clknet_1_1__leaf_clk (net)
                      0.091308    0.000635    0.476317 ^ clkbuf_leaf_7_clk/A (sky130_fd_sc_hd__clkbuf_8)
    15    0.046278    0.091859    0.190525    0.666842 ^ clkbuf_leaf_7_clk/X (sky130_fd_sc_hd__clkbuf_8)
                                                         clknet_leaf_7_clk (net)
                      0.091859    0.000197    0.667039 ^ _1236_/CLK (sky130_fd_sc_hd__dfrtp_2)
     4    0.037040    0.115230    0.518403    1.185442 v _1236_/Q (sky130_fd_sc_hd__dfrtp_2)
                                                         tap_index[0] (net)
                      0.115230    0.000014    1.185455 v fanout80/A (sky130_fd_sc_hd__clkdlybuf4s25_1)
    10    0.054589    0.398888    0.577416    1.762871 v fanout80/X (sky130_fd_sc_hd__clkdlybuf4s25_1)
                                                         net80 (net)
                      0.398888    0.000860    1.763732 v fanout78/A (sky130_fd_sc_hd__clkdlybuf4s25_1)
    10    0.039586    0.293225    0.584048    2.347780 v fanout78/X (sky130_fd_sc_hd__clkdlybuf4s25_1)
                                                         net78 (net)
                      0.293225    0.000986    2.348766 v _0532_/B (sky130_fd_sc_hd__and2_2)
     5    0.031935    0.098962    0.392104    2.740870 v _0532_/X (sky130_fd_sc_hd__and2_2)
                                                         _0209_ (net)
                      0.098963    0.000493    2.741363 v _0534_/B (sky130_fd_sc_hd__nand2_2)
     2    0.010709    0.115656    0.114697    2.856060 ^ _0534_/Y (sky130_fd_sc_hd__nand2_2)
                                                         _0211_ (net)
                      0.115656    0.000179    2.856239 ^ fanout35/A (sky130_fd_sc_hd__clkdlybuf4s25_1)
    10    0.078594    0.781146    0.826238    3.682477 ^ fanout35/X (sky130_fd_sc_hd__clkdlybuf4s25_1)
                                                         net35 (net)
                      0.781155    0.002376    3.684853 ^ _0766_/B1 (sky130_fd_sc_hd__o32ai_4)
     3    0.026407    0.217653    0.286405    3.971258 v _0766_/Y (sky130_fd_sc_hd__o32ai_4)
                                                         _0303_ (net)
                      0.217653    0.000466    3.971724 v max_cap26/A (sky130_fd_sc_hd__clkbuf_2)
     7    0.024247    0.098100    0.244488    4.216211 v max_cap26/X (sky130_fd_sc_hd__clkbuf_2)
                                                         net26 (net)
                      0.098100    0.000261    4.216473 v _0888_/B (sky130_fd_sc_hd__or4b_2)
     3    0.012828    0.138745    0.745475    4.961948 v _0888_/X (sky130_fd_sc_hd__or4b_2)
                                                         _0422_ (net)
                      0.138745    0.000129    4.962077 v _0891_/A1 (sky130_fd_sc_hd__a21o_2)
     2    0.007260    0.044469    0.245875    5.207952 v _0891_/X (sky130_fd_sc_hd__a21o_2)
                                                         _0425_ (net)
                      0.044469    0.000062    5.208014 v _0904_/A2 (sky130_fd_sc_hd__a21o_2)
     3    0.011955    0.055981    0.246131    5.454145 v _0904_/X (sky130_fd_sc_hd__a21o_2)
                                                         _0438_ (net)
                      0.055981    0.000195    5.454340 v _0906_/A2 (sky130_fd_sc_hd__a21o_2)
     2    0.009001    0.048902    0.240894    5.695235 v _0906_/X (sky130_fd_sc_hd__a21o_2)
                                                         _0440_ (net)
                      0.048902    0.000104    5.695340 v _0907_/C (sky130_fd_sc_hd__and3_2)
     3    0.011081    0.057881    0.244739    5.940079 v _0907_/X (sky130_fd_sc_hd__and3_2)
                                                         _0441_ (net)
                      0.057881    0.000065    5.940144 v _0909_/B (sky130_fd_sc_hd__or3_2)
     3    0.008911    0.096161    0.505012    6.445156 v _0909_/X (sky130_fd_sc_hd__or3_2)
                                                         _0443_ (net)
                      0.096161    0.000067    6.445223 v _0911_/B (sky130_fd_sc_hd__and3_2)
     1    0.002117    0.035303    0.216770    6.661993 v _0911_/X (sky130_fd_sc_hd__and3_2)
                                                         _0445_ (net)
                      0.035303    0.000021    6.662014 v _0913_/A (sky130_fd_sc_hd__or2_2)
     2    0.010234    0.075542    0.334000    6.996014 v _0913_/X (sky130_fd_sc_hd__or2_2)
                                                         _0447_ (net)
                      0.075542    0.000130    6.996144 v _0914_/B1 (sky130_fd_sc_hd__a21oi_2)
     2    0.008530    0.136670    0.156041    7.152185 ^ _0914_/Y (sky130_fd_sc_hd__a21oi_2)
                                                         _0448_ (net)
                      0.136670    0.000086    7.152271 ^ _0916_/A_N (sky130_fd_sc_hd__nand2b_2)
     1    0.009301    0.070479    0.166380    7.318652 ^ _0916_/Y (sky130_fd_sc_hd__nand2b_2)
                                                         _0450_ (net)
                      0.070479    0.000121    7.318773 ^ _0917_/B (sky130_fd_sc_hd__xnor2_2)
     1    0.002370    0.051618    0.056682    7.375455 v _0917_/Y (sky130_fd_sc_hd__xnor2_2)
                                                         _0451_ (net)
                      0.051618    0.000029    7.375484 v _0918_/A0 (sky130_fd_sc_hd__mux2_1)
     1    0.002671    0.054300    0.291174    7.666658 v _0918_/X (sky130_fd_sc_hd__mux2_1)
                                                         _0143_ (net)
                      0.054300    0.000030    7.666688 v _1186_/D (sky130_fd_sc_hd__dfrtp_2)
                                              7.666688   data arrival time

                                 20.000000   20.000000   clock clk (rise edge)
                                  0.000000   20.000000   clock source latency
     1    0.033993    0.158190    0.104274   20.104275 ^ clk (in)
                                                         clk (net)
                      0.158205    0.000000   20.104275 ^ clkbuf_0_clk/A (sky130_fd_sc_hd__clkbuf_16)
     2    0.029484    0.051489    0.164626   20.268900 ^ clkbuf_0_clk/X (sky130_fd_sc_hd__clkbuf_16)
                                                         clknet_0_clk (net)
                      0.051502    0.000524   20.269424 ^ clkbuf_1_1__f_clk/A (sky130_fd_sc_hd__clkbuf_16)
     8    0.074297    0.091307    0.160956   20.430380 ^ clkbuf_1_1__f_clk/X (sky130_fd_sc_hd__clkbuf_16)
                                                         clknet_1_1__leaf_clk (net)
                      0.091307    0.000352   20.430731 ^ clkbuf_leaf_12_clk/A (sky130_fd_sc_hd__clkbuf_8)
    12    0.042342    0.085642    0.167828   20.598560 ^ clkbuf_leaf_12_clk/X (sky130_fd_sc_hd__clkbuf_8)
                                                         clknet_leaf_12_clk (net)
                      0.085643    0.000391   20.598951 ^ _1186_/CLK (sky130_fd_sc_hd__dfrtp_2)
                                 -0.250000   20.348951   clock uncertainty
                                  0.045303   20.394255   clock reconvergence pessimism
                                 -0.110164   20.284090   library setup time
                                             20.284090   data required time
---------------------------------------------------------------------------------------------
                                             20.284090   data required time
                                             -7.666688   data arrival time
---------------------------------------------------------------------------------------------
                                             12.617402   slack (MET)




===========================================================================
report_checks --slack_max -0.01
============================================================================
======================= min_tt_025C_1v80 Corner ===================================

No paths found.


===========================================================================
 report_check_types -max_slew -max_cap -max_fanout -violators
============================================================================
======================= min_tt_025C_1v80 Corner ===================================

max slew

Pin                                        Limit        Slew       Slack
------------------------------------------------------------------------
_0835_/B1                               0.750000    0.781159   -0.031159 (VIOLATED)
_0878_/A2                               0.750000    0.781159   -0.031159 (VIOLATED)
_0777_/A2_N                             0.750000    0.781157   -0.031158 (VIOLATED)
_0848_/A2                               0.750000    0.781156   -0.031156 (VIOLATED)
_0766_/B1                               0.750000    0.781155   -0.031155 (VIOLATED)
_0898_/A2                               0.750000    0.781152   -0.031152 (VIOLATED)
_0799_/B1                               0.750000    0.781149   -0.031149 (VIOLATED)
_0740_/B1                               0.750000    0.781149   -0.031149 (VIOLATED)
_0703_/A2                               0.750000    0.781149   -0.031149 (VIOLATED)
_0710_/B1                               0.750000    0.781146   -0.031146 (VIOLATED)
fanout35/X                              0.750000    0.781146   -0.031146 (VIOLATED)

max fanout

Pin                                   Limit Fanout  Slack
---------------------------------------------------------
clkbuf_leaf_11_clk/X                     10     15     -5 (VIOLATED)
clkbuf_leaf_14_clk/X                     10     15     -5 (VIOLATED)
clkbuf_leaf_7_clk/X                      10     15     -5 (VIOLATED)
clkbuf_leaf_9_clk/X                      10     15     -5 (VIOLATED)
clkbuf_leaf_0_clk/X                      10     14     -4 (VIOLATED)
clkbuf_leaf_13_clk/X                     10     14     -4 (VIOLATED)
clkbuf_leaf_2_clk/X                      10     14     -4 (VIOLATED)
clkbuf_leaf_3_clk/X                      10     14     -4 (VIOLATED)
clkbuf_leaf_4_clk/X                      10     14     -4 (VIOLATED)
clkbuf_leaf_5_clk/X                      10     14     -4 (VIOLATED)
clkbuf_leaf_8_clk/X                      10     14     -4 (VIOLATED)
clkbuf_leaf_1_clk/X                      10     13     -3 (VIOLATED)
clkbuf_leaf_6_clk/X                      10     13     -3 (VIOLATED)
clkbuf_leaf_10_clk/X                     10     12     -2 (VIOLATED)
clkbuf_leaf_12_clk/X                     10     12     -2 (VIOLATED)



===========================================================================
report_parasitic_annotation -report_unannotated
============================================================================
Found 33 unannotated drivers.
 uio_in[5]
 uio_in[6]
 uio_in[7]
 clkload0/X
 clkload1/X
 clkload10/Y
 clkload11/X
 clkload12/Y
 clkload13/X
 clkload2/X
 clkload3/X
 clkload4/X
 clkload5/X
 clkload6/Y
 clkload7/Y
 clkload8/X
 clkload9/X
 tt_um_flowguard_stress/HI
 tt_um_flowguard_stress_124/HI
 tt_um_flowguard_stress_125/HI
 tt_um_flowguard_stress_126/HI
 tt_um_flowguard_stress_127/HI
 tt_um_flowguard_stress_128/HI
 tt_um_flowguard_stress_129/HI
 tt_um_flowguard_stress_130/HI
 tt_um_flowguard_stress_131/HI
 tt_um_flowguard_stress_132/HI
 tt_um_flowguard_stress_133/HI
 tt_um_flowguard_stress_134/HI
 tt_um_flowguard_stress_135/HI
 tt_um_flowguard_stress_136/HI
 tt_um_flowguard_stress_137/HI
 tt_um_flowguard_stress_138/HI
Found 0 partially unannotated drivers.

===========================================================================
max slew violation count 11
max fanout violation count 15
max cap violation count 0
============================================================================

===========================================================================
check_setup -verbose -unconstrained_endpoints -multiple_clock -no_clock -no_input_delay -loops -generated_clocks
===========================================================================
