Clock: clk
Sources: clk 
Generated: no
Virtual: yes
Propagated: no
Period: 20.000000

===========================================================================
report_clock_properties
============================================================================
Clock                   Period          Waveform
----------------------------------------------------
clk                  20.000000    0.000000 10.000000

===========================================================================
report_clock_latency
============================================================================
Clock clk
rise -> rise
    min     max
0.000000 0.000000 source latency
0.589959         network latency _1169_/CLK
        0.669802 network latency _1173_/CLK
---------------
0.589959 0.669802 latency
        0.079843 skew

fall -> fall
    min     max
0.000000 0.000000 source latency
0.532667         network latency _1169_/CLK
        0.601445 network latency _1173_/CLK
---------------
0.532667 0.601445 latency
        0.068778 skew



===========================================================================
report_clock_min_period
============================================================================
clk period_min = 7.38 fmax = 135.45
