Clock: clk
Sources: clk 
Generated: no
Virtual: yes
Propagated: no
Period: 20.000000

===========================================================================
report_clock_properties
============================================================================
Clock                   Period          Waveform
----------------------------------------------------
clk                  20.000000    0.000000 10.000000

===========================================================================
report_clock_latency
============================================================================
Clock clk
rise -> rise
    min     max
0.000000 0.000000 source latency
0.432218         network latency _1169_/CLK
        0.494350 network latency _1173_/CLK
---------------
0.432218 0.494350 latency
        0.062131 skew

fall -> fall
    min     max
0.000000 0.000000 source latency
0.381538         network latency _1169_/CLK
        0.433352 network latency _1181_/CLK
---------------
0.381538 0.433352 latency
        0.051814 skew



===========================================================================
report_clock_min_period
============================================================================
clk period_min = 4.83 fmax = 207.04
