
===========================================================================
report_checks -unconstrained
===========================================================================
======================= min_ss_100C_1v60 Corner ===================================

Startpoint: rst_n (input port clocked by clk)
Endpoint: _1128_ (recovery check against rising-edge clock clk)
Path Group: asynchronous
Path Type: max

Fanout         Cap        Slew       Delay        Time   Description
---------------------------------------------------------------------------------------------
                                  0.000000    0.000000   clock clk (rise edge)
                                  0.000000    0.000000   clock network delay (propagated)
                                  4.000000    4.000000 ^ input external delay
     1    0.005926    0.053469    0.033802    4.033802 ^ rst_n (in)
                                                         rst_n (net)
                      0.053469    0.000000    4.033802 ^ input2/A (sky130_fd_sc_hd__clkdlybuf4s25_1)
     1    0.003719    0.086378    0.487920    4.521722 ^ input2/X (sky130_fd_sc_hd__clkdlybuf4s25_1)
                                                         net2 (net)
                      0.086378    0.000041    4.521763 ^ fanout123/A (sky130_fd_sc_hd__clkdlybuf4s25_1)
     5    0.051387    0.819808    1.055347    5.577110 ^ fanout123/X (sky130_fd_sc_hd__clkdlybuf4s25_1)
                                                         net123 (net)
                      0.819821    0.004605    5.581715 ^ fanout109/A (sky130_fd_sc_hd__clkdlybuf4s25_1)
     8    0.038721    0.623252    1.174042    6.755757 ^ fanout109/X (sky130_fd_sc_hd__clkdlybuf4s25_1)
                                                         net109 (net)
                      0.623252    0.001176    6.756933 ^ fanout108/A (sky130_fd_sc_hd__clkdlybuf4s25_1)
     5    0.027551    0.449663    0.995691    7.752624 ^ fanout108/X (sky130_fd_sc_hd__clkdlybuf4s25_1)
                                                         net108 (net)
                      0.449663    0.000688    7.753312 ^ fanout106/A (sky130_fd_sc_hd__clkdlybuf4s25_1)
     5    0.021802    0.360859    0.864284    8.617596 ^ fanout106/X (sky130_fd_sc_hd__clkdlybuf4s25_1)
                                                         net106 (net)
                      0.360859    0.000164    8.617760 ^ load_slew107/A (sky130_fd_sc_hd__buf_2)
     6    0.026827    0.218062    0.450705    9.068465 ^ load_slew107/X (sky130_fd_sc_hd__buf_2)
                                                         net107 (net)
                      0.218062    0.000868    9.069333 ^ _1128_/RESET_B (sky130_fd_sc_hd__dfrtp_2)
                                              9.069333   data arrival time

                                 20.000000   20.000000   clock clk (rise edge)
                                  0.000000   20.000000   clock source latency
     1    0.033993    0.247818    0.163057   20.163057 ^ clk (in)
                                                         clk (net)
                      0.247827    0.000000   20.163057 ^ clkbuf_0_clk/A (sky130_fd_sc_hd__clkbuf_16)
     2    0.029484    0.080081    0.299604   20.462662 ^ clkbuf_0_clk/X (sky130_fd_sc_hd__clkbuf_16)
                                                         clknet_0_clk (net)
                      0.080084    0.000524   20.463186 ^ clkbuf_1_1__f_clk/A (sky130_fd_sc_hd__clkbuf_16)
     8    0.074249    0.140189    0.277463   20.740648 ^ clkbuf_1_1__f_clk/X (sky130_fd_sc_hd__clkbuf_16)
                                                         clknet_1_1__leaf_clk (net)
                      0.140200    0.001336   20.741985 ^ clkbuf_leaf_6_clk/A (sky130_fd_sc_hd__clkbuf_8)
    13    0.042490    0.135743    0.298686   21.040670 ^ clkbuf_leaf_6_clk/X (sky130_fd_sc_hd__clkbuf_8)
                                                         clknet_leaf_6_clk (net)
                      0.135743    0.000364   21.041035 ^ _1128_/CLK (sky130_fd_sc_hd__dfrtp_2)
                                 -0.250000   20.791035   clock uncertainty
                                  0.000000   20.791035   clock reconvergence pessimism
                                  0.403530   21.194565   library recovery time
                                             21.194565   data required time
---------------------------------------------------------------------------------------------
                                             21.194565   data required time
                                             -9.069333   data arrival time
---------------------------------------------------------------------------------------------
                                             12.125232   slack (MET)


Startpoint: _1236_ (rising edge-triggered flip-flop clocked by clk)
Endpoint: _1186_ (rising edge-triggered flip-flop clocked by clk)
Path Group: clk
Path Type: max

Fanout         Cap        Slew       Delay        Time   Description
---------------------------------------------------------------------------------------------
                                  0.000000    0.000000   clock clk (rise edge)
                                  0.000000    0.000000   clock source latency
     1    0.033993    0.247818    0.180222    0.180222 ^ clk (in)
                                                         clk (net)
                      0.247827    0.000000    0.180222 ^ clkbuf_0_clk/A (sky130_fd_sc_hd__clkbuf_16)
     2    0.029484    0.080081    0.331140    0.511362 ^ clkbuf_0_clk/X (sky130_fd_sc_hd__clkbuf_16)
                                                         clknet_0_clk (net)
                      0.080084    0.000579    0.511941 ^ clkbuf_1_1__f_clk/A (sky130_fd_sc_hd__clkbuf_16)
     8    0.074249    0.140189    0.306671    0.818612 ^ clkbuf_1_1__f_clk/X (sky130_fd_sc_hd__clkbuf_16)
                                                         clknet_1_1__leaf_clk (net)
                      0.140189    0.000635    0.819247 ^ clkbuf_leaf_7_clk/A (sky130_fd_sc_hd__clkbuf_8)
    15    0.044866    0.141458    0.334832    1.154078 ^ clkbuf_leaf_7_clk/X (sky130_fd_sc_hd__clkbuf_8)
                                                         clknet_leaf_7_clk (net)
                      0.141458    0.000191    1.154269 ^ _1236_/CLK (sky130_fd_sc_hd__dfrtp_2)
     4    0.036961    0.219107    1.053149    2.207418 v _1236_/Q (sky130_fd_sc_hd__dfrtp_2)
                                                         tap_index[0] (net)
                      0.219107    0.000014    2.207432 v fanout80/A (sky130_fd_sc_hd__clkdlybuf4s25_1)
    10    0.054657    0.728670    1.078642    3.286074 v fanout80/X (sky130_fd_sc_hd__clkdlybuf4s25_1)
                                                         net80 (net)
                      0.728670    0.000862    3.286936 v fanout78/A (sky130_fd_sc_hd__clkdlybuf4s25_1)
    10    0.039481    0.531537    1.098292    4.385227 v fanout78/X (sky130_fd_sc_hd__clkdlybuf4s25_1)
                                                         net78 (net)
                      0.531537    0.000983    4.386210 v _0532_/B (sky130_fd_sc_hd__and2_2)
     5    0.032070    0.183751    0.801479    5.187689 v _0532_/X (sky130_fd_sc_hd__and2_2)
                                                         _0209_ (net)
                      0.183751    0.000496    5.188186 v _0534_/B (sky130_fd_sc_hd__nand2_2)
     2    0.010649    0.195561    0.200951    5.389136 ^ _0534_/Y (sky130_fd_sc_hd__nand2_2)
                                                         _0211_ (net)
                      0.195561    0.000178    5.389314 ^ fanout35/A (sky130_fd_sc_hd__clkdlybuf4s25_1)
    10    0.078677    1.246046    1.428552    6.817865 ^ fanout35/X (sky130_fd_sc_hd__clkdlybuf4s25_1)
                                                         net35 (net)
                      1.246046    0.002379    6.820244 ^ _0766_/B1 (sky130_fd_sc_hd__o32ai_4)
     3    0.026458    0.343087    0.645528    7.465772 v _0766_/Y (sky130_fd_sc_hd__o32ai_4)
                                                         _0303_ (net)
                      0.343087    0.000468    7.466240 v max_cap26/A (sky130_fd_sc_hd__clkbuf_2)
     7    0.024279    0.177016    0.428586    7.894826 v max_cap26/X (sky130_fd_sc_hd__clkbuf_2)
                                                         net26 (net)
                      0.177016    0.000261    7.895087 v _0888_/B (sky130_fd_sc_hd__or4b_2)
     3    0.012933    0.288356    1.750224    9.645311 v _0888_/X (sky130_fd_sc_hd__or4b_2)
                                                         _0422_ (net)
                      0.288356    0.000131    9.645442 v _0891_/A1 (sky130_fd_sc_hd__a21o_2)
     2    0.007333    0.078150    0.486022   10.131464 v _0891_/X (sky130_fd_sc_hd__a21o_2)
                                                         _0425_ (net)
                      0.078150    0.000063   10.131527 v _0904_/A2 (sky130_fd_sc_hd__a21o_2)
     3    0.012078    0.098905    0.452189   10.583715 v _0904_/X (sky130_fd_sc_hd__a21o_2)
                                                         _0438_ (net)
                      0.098905    0.000197   10.583913 v _0906_/A2 (sky130_fd_sc_hd__a21o_2)
     2    0.009011    0.085056    0.444690   11.028603 v _0906_/X (sky130_fd_sc_hd__a21o_2)
                                                         _0440_ (net)
                      0.085056    0.000104   11.028707 v _0907_/C (sky130_fd_sc_hd__and3_2)
     3    0.011161    0.109290    0.515409   11.544115 v _0907_/X (sky130_fd_sc_hd__and3_2)
                                                         _0441_ (net)
                      0.109290    0.000065   11.544180 v _0909_/B (sky130_fd_sc_hd__or3_2)
     3    0.008859    0.201195    1.185695   12.729876 v _0909_/X (sky130_fd_sc_hd__or3_2)
                                                         _0443_ (net)
                      0.201195    0.000066   12.729941 v _0911_/B (sky130_fd_sc_hd__and3_2)
     1    0.002071    0.067673    0.478360   13.208301 v _0911_/X (sky130_fd_sc_hd__and3_2)
                                                         _0445_ (net)
                      0.067673    0.000020   13.208321 v _0913_/A (sky130_fd_sc_hd__or2_2)
     2    0.010346    0.149347    0.757900   13.966221 v _0913_/X (sky130_fd_sc_hd__or2_2)
                                                         _0447_ (net)
                      0.149347    0.000131   13.966352 v _0914_/B1 (sky130_fd_sc_hd__a21oi_2)
     2    0.008328    0.218234    0.272427   14.238778 ^ _0914_/Y (sky130_fd_sc_hd__a21oi_2)
                                                         _0448_ (net)
                      0.218234    0.000083   14.238861 ^ _0916_/A_N (sky130_fd_sc_hd__nand2b_2)
     1    0.009351    0.112049    0.303869   14.542730 ^ _0916_/Y (sky130_fd_sc_hd__nand2b_2)
                                                         _0450_ (net)
                      0.112049    0.000122   14.542851 ^ _0917_/B (sky130_fd_sc_hd__xnor2_2)
     1    0.002325    0.089619    0.122234   14.665086 v _0917_/Y (sky130_fd_sc_hd__xnor2_2)
                                                         _0451_ (net)
                      0.089619    0.000028   14.665114 v _0918_/A0 (sky130_fd_sc_hd__mux2_1)
     1    0.002560    0.110762    0.662656   15.327769 v _0918_/X (sky130_fd_sc_hd__mux2_1)
                                                         _0143_ (net)
                      0.110762    0.000028   15.327798 v _1186_/D (sky130_fd_sc_hd__dfrtp_2)
                                             15.327798   data arrival time

                                 20.000000   20.000000   clock clk (rise edge)
                                  0.000000   20.000000   clock source latency
     1    0.033993    0.247818    0.163057   20.163057 ^ clk (in)
                                                         clk (net)
                      0.247827    0.000000   20.163057 ^ clkbuf_0_clk/A (sky130_fd_sc_hd__clkbuf_16)
     2    0.029484    0.080081    0.299604   20.462662 ^ clkbuf_0_clk/X (sky130_fd_sc_hd__clkbuf_16)
                                                         clknet_0_clk (net)
                      0.080084    0.000524   20.463186 ^ clkbuf_1_1__f_clk/A (sky130_fd_sc_hd__clkbuf_16)
     8    0.074249    0.140189    0.277463   20.740648 ^ clkbuf_1_1__f_clk/X (sky130_fd_sc_hd__clkbuf_16)
                                                         clknet_1_1__leaf_clk (net)
                      0.140189    0.000352   20.741001 ^ clkbuf_leaf_12_clk/A (sky130_fd_sc_hd__clkbuf_8)
    12    0.041228    0.132686    0.296541   21.037542 ^ clkbuf_leaf_12_clk/X (sky130_fd_sc_hd__clkbuf_8)
                                                         clknet_leaf_12_clk (net)
                      0.132686    0.000378   21.037920 ^ _1186_/CLK (sky130_fd_sc_hd__dfrtp_2)
                                 -0.250000   20.787922   clock uncertainty
                                  0.077963   20.865885   clock reconvergence pessimism
                                 -0.276913   20.588970   library setup time
                                             20.588970   data required time
---------------------------------------------------------------------------------------------
                                             20.588970   data required time
                                            -15.327798   data arrival time
---------------------------------------------------------------------------------------------
                                              5.261173   slack (MET)




===========================================================================
report_checks --slack_max -0.01
============================================================================
======================= min_ss_100C_1v60 Corner ===================================

No paths found.


===========================================================================
 report_check_types -max_slew -max_cap -max_fanout -violators
============================================================================
======================= min_ss_100C_1v60 Corner ===================================

max slew

Pin                                        Limit        Slew       Slack
------------------------------------------------------------------------
_0703_/A2                               0.750000    1.246046   -0.496046 (VIOLATED)
_0710_/B1                               0.750000    1.246046   -0.496046 (VIOLATED)
_0740_/B1                               0.750000    1.246046   -0.496046 (VIOLATED)
_0766_/B1                               0.750000    1.246046   -0.496046 (VIOLATED)
_0777_/A2_N                             0.750000    1.246046   -0.496046 (VIOLATED)
_0799_/B1                               0.750000    1.246046   -0.496046 (VIOLATED)
_0835_/B1                               0.750000    1.246046   -0.496046 (VIOLATED)
_0848_/A2                               0.750000    1.246046   -0.496046 (VIOLATED)
_0878_/A2                               0.750000    1.246046   -0.496046 (VIOLATED)
_0898_/A2                               0.750000    1.246046   -0.496046 (VIOLATED)
fanout35/X                              0.750000    1.246046   -0.496046 (VIOLATED)
_0830_/B1                               0.750000    1.121498   -0.371498 (VIOLATED)
_0764_/B1                               0.750000    1.121497   -0.371497 (VIOLATED)
_0735_/B1                               0.750000    1.121497   -0.371497 (VIOLATED)
_0776_/A2                               0.750000    1.121494   -0.371494 (VIOLATED)
_0793_/B1                               0.750000    1.121494   -0.371494 (VIOLATED)
_0843_/B1                               0.750000    1.121492   -0.371492 (VIOLATED)
_0719_/A2                               0.750000    1.121487   -0.371487 (VIOLATED)
_0704_/B                                0.750000    1.121482   -0.371482 (VIOLATED)
_0723_/B1                               0.750000    1.121482   -0.371482 (VIOLATED)
_0746_/B1                               0.750000    1.121482   -0.371482 (VIOLATED)
fanout38/X                              0.750000    1.121482   -0.371482 (VIOLATED)
_0772_/A2                               0.750000    1.035612   -0.285612 (VIOLATED)
_0877_/A2                               0.750000    1.035609   -0.285609 (VIOLATED)
_0843_/A2                               0.750000    1.035601   -0.285601 (VIOLATED)
_0760_/B                                0.750000    1.035598   -0.285598 (VIOLATED)
_0897_/A2                               0.750000    1.035597   -0.285597 (VIOLATED)
_0734_/B                                0.750000    1.035587   -0.285587 (VIOLATED)
_0695_/A2                               0.750000    1.035583   -0.285583 (VIOLATED)
_0714_/B                                0.750000    1.035574   -0.285574 (VIOLATED)
_0709_/A2                               0.750000    1.035573   -0.285573 (VIOLATED)
_0722_/B                                0.750000    1.035573   -0.285573 (VIOLATED)
fanout42/X                              0.750000    1.035573   -0.285573 (VIOLATED)
_0717_/C1                               0.750000    0.898830   -0.148830 (VIOLATED)
_0716_/D                                0.750000    0.898830   -0.148830 (VIOLATED)
_0699_/A                                0.750000    0.898829   -0.148829 (VIOLATED)
_0718_/A_N                              0.750000    0.898829   -0.148829 (VIOLATED)
_0705_/C1                               0.750000    0.898826   -0.148826 (VIOLATED)
_0706_/D                                0.750000    0.898826   -0.148826 (VIOLATED)
_0745_/C1                               0.750000    0.898825   -0.148825 (VIOLATED)
_0707_/A_N                              0.750000    0.898824   -0.148824 (VIOLATED)
fanout78/A                              0.750000    0.898820   -0.148820 (VIOLATED)
fanout79/A                              0.750000    0.898820   -0.148820 (VIOLATED)
fanout80/X                              0.750000    0.898820   -0.148820 (VIOLATED)
_0711_/B1                               0.750000    0.898280   -0.148280 (VIOLATED)
_0720_/B1                               0.750000    0.898280   -0.148280 (VIOLATED)
_0729_/B1                               0.750000    0.898280   -0.148280 (VIOLATED)
_0730_/B1                               0.750000    0.898280   -0.148280 (VIOLATED)
_0748_/B1                               0.750000    0.898280   -0.148280 (VIOLATED)
_0749_/B1                               0.750000    0.898280   -0.148280 (VIOLATED)
_0810_/A2                               0.750000    0.898280   -0.148280 (VIOLATED)
_0931_/A2                               0.750000    0.898280   -0.148280 (VIOLATED)
fanout36/X                              0.750000    0.898280   -0.148280 (VIOLATED)
fanout93/A                              0.750000    0.819841   -0.069841 (VIOLATED)
fanout99/A                              0.750000    0.819838   -0.069838 (VIOLATED)
fanout105/A                             0.750000    0.819830   -0.069830 (VIOLATED)
fanout109/A                             0.750000    0.819821   -0.069821 (VIOLATED)
fanout122/A                             0.750000    0.819808   -0.069808 (VIOLATED)
fanout123/X                             0.750000    0.819808   -0.069808 (VIOLATED)
_0535_/A                                0.750000    0.817002   -0.067002 (VIOLATED)
_0954_/A                                0.750000    0.817002   -0.067002 (VIOLATED)
_0955_/A2                               0.750000    0.817002   -0.067002 (VIOLATED)
_0956_/A2                               0.750000    0.817002   -0.067002 (VIOLATED)
_0957_/A2                               0.750000    0.817002   -0.067002 (VIOLATED)
_0958_/A2                               0.750000    0.817002   -0.067002 (VIOLATED)
_0959_/A2                               0.750000    0.817002   -0.067002 (VIOLATED)
_0960_/A2                               0.750000    0.817002   -0.067002 (VIOLATED)
_0961_/A2                               0.750000    0.817002   -0.067002 (VIOLATED)
_1042_/A1                               0.750000    0.817002   -0.067002 (VIOLATED)
fanout37/X                              0.750000    0.817002   -0.067002 (VIOLATED)
_0534_/A                                0.750000    0.789331   -0.039331 (VIOLATED)
_0699_/B                                0.750000    0.789331   -0.039331 (VIOLATED)
_0705_/A1                               0.750000    0.789331   -0.039331 (VIOLATED)
_0706_/B_N                              0.750000    0.789331   -0.039331 (VIOLATED)
_0707_/B                                0.750000    0.789331   -0.039331 (VIOLATED)
_0716_/B_N                              0.750000    0.789331   -0.039331 (VIOLATED)
_0717_/A1                               0.750000    0.789331   -0.039331 (VIOLATED)
_0718_/B_N                              0.750000    0.789331   -0.039331 (VIOLATED)
_0745_/A1                               0.750000    0.789331   -0.039331 (VIOLATED)
_0921_/A                                0.750000    0.789331   -0.039331 (VIOLATED)
fanout66/X                              0.750000    0.789331   -0.039331 (VIOLATED)
_1219_/RESET_B                          0.750000    0.766693   -0.016693 (VIOLATED)
_1228_/RESET_B                          0.750000    0.766693   -0.016693 (VIOLATED)
fanout110/A                             0.750000    0.766693   -0.016693 (VIOLATED)
fanout112/A                             0.750000    0.766693   -0.016693 (VIOLATED)
fanout114/A                             0.750000    0.766693   -0.016693 (VIOLATED)
fanout115/A                             0.750000    0.766693   -0.016693 (VIOLATED)
fanout117/A                             0.750000    0.766693   -0.016693 (VIOLATED)
fanout120/A                             0.750000    0.766693   -0.016693 (VIOLATED)
fanout122/X                             0.750000    0.766693   -0.016693 (VIOLATED)
_0717_/B1                               0.750000    0.753457   -0.003457 (VIOLATED)
_0716_/A_N                              0.750000    0.753457   -0.003457 (VIOLATED)
_0718_/D                                0.750000    0.753457   -0.003457 (VIOLATED)
_0699_/C_N                              0.750000    0.753456   -0.003456 (VIOLATED)
_0742_/A_N                              0.750000    0.753455   -0.003455 (VIOLATED)
_0705_/B1                               0.750000    0.753455   -0.003455 (VIOLATED)
_0745_/B1                               0.750000    0.753455   -0.003455 (VIOLATED)
_0707_/D                                0.750000    0.753454   -0.003454 (VIOLATED)
_0706_/A_N                              0.750000    0.753454   -0.003454 (VIOLATED)
fanout71/A                              0.750000    0.753453   -0.003453 (VIOLATED)
fanout73/X                              0.750000    0.753453   -0.003453 (VIOLATED)

max fanout

Pin                                   Limit Fanout  Slack
---------------------------------------------------------
clkbuf_leaf_11_clk/X                     10     15     -5 (VIOLATED)
clkbuf_leaf_14_clk/X                     10     15     -5 (VIOLATED)
clkbuf_leaf_7_clk/X                      10     15     -5 (VIOLATED)
clkbuf_leaf_9_clk/X                      10     15     -5 (VIOLATED)
clkbuf_leaf_0_clk/X                      10     14     -4 (VIOLATED)
clkbuf_leaf_13_clk/X                     10     14     -4 (VIOLATED)
clkbuf_leaf_2_clk/X                      10     14     -4 (VIOLATED)
clkbuf_leaf_3_clk/X                      10     14     -4 (VIOLATED)
clkbuf_leaf_4_clk/X                      10     14     -4 (VIOLATED)
clkbuf_leaf_5_clk/X                      10     14     -4 (VIOLATED)
clkbuf_leaf_8_clk/X                      10     14     -4 (VIOLATED)
clkbuf_leaf_1_clk/X                      10     13     -3 (VIOLATED)
clkbuf_leaf_6_clk/X                      10     13     -3 (VIOLATED)
clkbuf_leaf_10_clk/X                     10     12     -2 (VIOLATED)
clkbuf_leaf_12_clk/X                     10     12     -2 (VIOLATED)



===========================================================================
report_parasitic_annotation -report_unannotated
============================================================================
Found 33 unannotated drivers.
 uio_in[5]
 uio_in[6]
 uio_in[7]
 clkload0/X
 clkload1/X
 clkload10/Y
 clkload11/X
 clkload12/Y
 clkload13/X
 clkload2/X
 clkload3/X
 clkload4/X
 clkload5/X
 clkload6/Y
 clkload7/Y
 clkload8/X
 clkload9/X
 tt_um_flowguard_stress/HI
 tt_um_flowguard_stress_124/HI
 tt_um_flowguard_stress_125/HI
 tt_um_flowguard_stress_126/HI
 tt_um_flowguard_stress_127/HI
 tt_um_flowguard_stress_128/HI
 tt_um_flowguard_stress_129/HI
 tt_um_flowguard_stress_130/HI
 tt_um_flowguard_stress_131/HI
 tt_um_flowguard_stress_132/HI
 tt_um_flowguard_stress_133/HI
 tt_um_flowguard_stress_134/HI
 tt_um_flowguard_stress_135/HI
 tt_um_flowguard_stress_136/HI
 tt_um_flowguard_stress_137/HI
 tt_um_flowguard_stress_138/HI
Found 0 partially unannotated drivers.

===========================================================================
max slew violation count 101
max fanout violation count 15
max cap violation count 0
============================================================================

===========================================================================
check_setup -verbose -unconstrained_endpoints -multiple_clock -no_clock -no_input_delay -loops -generated_clocks
===========================================================================
