Clock: clk
Sources: clk 
Generated: no
Virtual: yes
Propagated: no
Period: 20.000000

===========================================================================
report_clock_properties
============================================================================
Clock                   Period          Waveform
----------------------------------------------------
clk                  20.000000    0.000000 10.000000

===========================================================================
report_clock_latency
============================================================================
Clock clk
rise -> rise
    min     max
0.000000 0.000000 source latency
1.024452         network latency _1169_/CLK
        1.158377 network latency _1173_/CLK
---------------
1.024452 1.158377 latency
        0.133925 skew

fall -> fall
    min     max
0.000000 0.000000 source latency
0.953951         network latency _1169_/CLK
        1.073272 network latency _1173_/CLK
---------------
0.953951 1.073272 latency
        0.119321 skew



===========================================================================
report_clock_min_period
============================================================================
clk period_min = 14.74 fmax = 67.85
