Clock: clk
Sources: clk 
Generated: no
Virtual: yes
Propagated: no
Period: 20.000000

===========================================================================
report_clock_properties
============================================================================
Clock                   Period          Waveform
----------------------------------------------------
clk                  20.000000    0.000000 10.000000

===========================================================================
report_clock_latency
============================================================================
Clock clk
rise -> rise
    min     max
0.000000 0.000000 source latency
0.420937         network latency _1169_/CLK
        0.480099 network latency _1173_/CLK
---------------
0.420937 0.480099 latency
        0.059162 skew

fall -> fall
    min     max
0.000000 0.000000 source latency
0.372924         network latency _1169_/CLK
        0.422257 network latency _1173_/CLK
---------------
0.372924 0.422257 latency
        0.049333 skew



===========================================================================
report_clock_min_period
============================================================================
clk period_min = 4.76 fmax = 210.24
