107. Printing statistics.

=== tt_um_flowguard_stress ===

        +----------Local Count, excluding submodules.
        | 
      561 wires
      943 wire bits
       39 public wires
      310 public wire bits
        8 ports
       43 port bits
      744 cells
      224   $_ANDNOT_
       24   $_AND_
      182   $_DFFE_PN0P_
       13   $_DFFE_PN1P_
        6   $_DFF_PN0_
        1   $_DFF_PN1_
       20   $_MUX_
       13   $_NAND_
       33   $_NOR_
       21   $_NOT_
       28   $_ORNOT_
      104   $_OR_
       21   $_XNOR_
       54   $_XOR_

   Area for cell type $_ANDNOT_ is unknown!
   Area for cell type $_AND_ is unknown!
   Area for cell type $_DFFE_PN0P_ is unknown!
   Area for cell type $_DFFE_PN1P_ is unknown!
   Area for cell type $_DFF_PN0_ is unknown!
   Area for cell type $_DFF_PN1_ is unknown!
   Area for cell type $_MUX_ is unknown!
   Area for cell type $_NAND_ is unknown!
   Area for cell type $_NOR_ is unknown!
   Area for cell type $_NOT_ is unknown!
   Area for cell type $_ORNOT_ is unknown!
   Area for cell type $_OR_ is unknown!
   Area for cell type $_XNOR_ is unknown!
   Area for cell type $_XOR_ is unknown!

