                                                                       Cells by Function                                                                        
┏━━━━━━━━━━━━━━━━━━━━━━━━━━━━━━━━━━━━━━━━━━━━━━━━━━━━━━━━━━━━━━━━━━━━━━━━━━━━━━━━━━━━━━━━━━━━━━━━━━━━━━━━━━━━━━━━━━━━━━━━━━━━━━━━━┳━━━━━━━━━━━━━━━━━━━━━━━━━━━━┓
┃ Cell Function                                                                                                                   ┃ Count                      ┃
┡━━━━━━━━━━━━━━━━━━━━━━━━━━━━━━━━━━━━━━━━━━━━━━━━━━━━━━━━━━━━━━━━━━━━━━━━━━━━━━━━━━━━━━━━━━━━━━━━━━━━━━━━━━━━━━━━━━━━━━━━━━━━━━━━━╇━━━━━━━━━━━━━━━━━━━━━━━━━━━━┩
│ sky130_fd_sc_hd__a2111o                                                                                                         │ 11                         │
│ sky130_fd_sc_hd__a2111oi                                                                                                        │ 1                          │
│ sky130_fd_sc_hd__a211o                                                                                                          │ 1                          │
│ sky130_fd_sc_hd__a211oi                                                                                                         │ 1                          │
│ sky130_fd_sc_hd__a21bo                                                                                                          │ 9                          │
│ sky130_fd_sc_hd__a21boi                                                                                                         │ 2                          │
│ sky130_fd_sc_hd__a21o                                                                                                           │ 8                          │
│ sky130_fd_sc_hd__a21oi                                                                                                          │ 11                         │
│ sky130_fd_sc_hd__a221o                                                                                                          │ 9                          │
│ sky130_fd_sc_hd__a221oi                                                                                                         │ 1                          │
│ sky130_fd_sc_hd__a22o                                                                                                           │ 19                         │
│ sky130_fd_sc_hd__a22oi                                                                                                          │ 1                          │
│ sky130_fd_sc_hd__a2bb2o                                                                                                         │ 4                          │
│ sky130_fd_sc_hd__a31o                                                                                                           │ 2                          │
│ sky130_fd_sc_hd__a41o                                                                                                           │ 1                          │
│ sky130_fd_sc_hd__and2                                                                                                           │ 21                         │
│ sky130_fd_sc_hd__and2b                                                                                                          │ 3                          │
│ sky130_fd_sc_hd__and3                                                                                                           │ 7                          │
│ sky130_fd_sc_hd__and3b                                                                                                          │ 4                          │
│ sky130_fd_sc_hd__and4b                                                                                                          │ 20                         │
│ sky130_fd_sc_hd__and4bb                                                                                                         │ 16                         │
│ sky130_fd_sc_hd__buf                                                                                                            │ 12                         │
│ sky130_fd_sc_hd__bufinv                                                                                                         │ 2                          │
│ sky130_fd_sc_hd__clkbuf                                                                                                         │ 50                         │
│ sky130_fd_sc_hd__clkdlybuf4s25                                                                                                  │ 90                         │
│ sky130_fd_sc_hd__clkinv                                                                                                         │ 1                          │
│ sky130_fd_sc_hd__conb                                                                                                           │ 16                         │
│ sky130_fd_sc_hd__decap                                                                                                          │ 1909                       │
│ sky130_fd_sc_hd__dfrtp                                                                                                          │ 188                        │
│ sky130_fd_sc_hd__dfstp                                                                                                          │ 14                         │
│ sky130_fd_sc_hd__dlygate4sd3                                                                                                    │ 232                        │
│ sky130_fd_sc_hd__fill                                                                                                           │ 570                        │
│ sky130_fd_sc_hd__inv                                                                                                            │ 5                          │
│ sky130_fd_sc_hd__mux2                                                                                                           │ 182                        │
│ sky130_fd_sc_hd__nand2                                                                                                          │ 19                         │
│ sky130_fd_sc_hd__nand2b                                                                                                         │ 5                          │
│ sky130_fd_sc_hd__nand3                                                                                                          │ 5                          │
│ sky130_fd_sc_hd__nand3b                                                                                                         │ 1                          │
│ sky130_fd_sc_hd__nand4                                                                                                          │ 1                          │
│ sky130_fd_sc_hd__nor2                                                                                                           │ 33                         │
│ sky130_fd_sc_hd__nor3                                                                                                           │ 3                          │
│ sky130_fd_sc_hd__nor3b                                                                                                          │ 4                          │
│ sky130_fd_sc_hd__nor4b                                                                                                          │ 1                          │
│ sky130_fd_sc_hd__o211a                                                                                                          │ 15                         │
│ sky130_fd_sc_hd__o21ai                                                                                                          │ 3                          │
│ sky130_fd_sc_hd__o21ba                                                                                                          │ 3                          │
│ sky130_fd_sc_hd__o21bai                                                                                                         │ 1                          │
│ sky130_fd_sc_hd__o221a                                                                                                          │ 1                          │
│ sky130_fd_sc_hd__o22a                                                                                                           │ 4                          │
│ sky130_fd_sc_hd__o22ai                                                                                                          │ 4                          │
│ sky130_fd_sc_hd__o2bb2a                                                                                                         │ 2                          │
│ sky130_fd_sc_hd__o31ai                                                                                                          │ 2                          │
│ sky130_fd_sc_hd__o32a                                                                                                           │ 4                          │
│ sky130_fd_sc_hd__o32ai                                                                                                          │ 7                          │
│ sky130_fd_sc_hd__or2                                                                                                            │ 11                         │
│ sky130_fd_sc_hd__or3                                                                                                            │ 5                          │
│ sky130_fd_sc_hd__or3b                                                                                                           │ 2                          │
│ sky130_fd_sc_hd__or4                                                                                                            │ 3                          │
│ sky130_fd_sc_hd__or4b                                                                                                           │ 4                          │
│ sky130_fd_sc_hd__or4bb                                                                                                          │ 1                          │
│ sky130_fd_sc_hd__tapvpwrvgnd                                                                                                    │ 345                        │
│ sky130_fd_sc_hd__xnor2                                                                                                          │ 31                         │
│ sky130_fd_sc_hd__xor2                                                                                                           │ 12                         │
└─────────────────────────────────────────────────────────────────────────────────────────────────────────────────────────────────┴────────────────────────────┘
