
===========================================================================
report_checks -unconstrained
===========================================================================
======================= nom_tt_025C_1v80 Corner ===================================

Startpoint: rst_n (input port clocked by clk)
Endpoint: _1128_ (recovery check against rising-edge clock clk)
Path Group: asynchronous
Path Type: max

Fanout         Cap        Slew       Delay        Time   Description
---------------------------------------------------------------------------------------------
                                  0.000000    0.000000   clock clk (rise edge)
                                  0.000000    0.000000   clock network delay (propagated)
                                  4.000000    4.000000 ^ input external delay
     1    0.006313    0.035061    0.023261    4.023261 ^ rst_n (in)
                                                         rst_n (net)
                      0.035063    0.000000    4.023261 ^ input2/A (sky130_fd_sc_hd__clkdlybuf4s25_1)
     1    0.003852    0.053443    0.259287    4.282548 ^ input2/X (sky130_fd_sc_hd__clkdlybuf4s25_1)
                                                         net2 (net)
                      0.053443    0.000102    4.282650 ^ fanout123/A (sky130_fd_sc_hd__clkdlybuf4s25_1)
     5    0.055831    0.556261    0.635740    4.918390 ^ fanout123/X (sky130_fd_sc_hd__clkdlybuf4s25_1)
                                                         net123 (net)
                      0.556369    0.006821    4.925211 ^ fanout109/A (sky130_fd_sc_hd__clkdlybuf4s25_1)
     8    0.042648    0.428044    0.650784    5.575996 ^ fanout109/X (sky130_fd_sc_hd__clkdlybuf4s25_1)
                                                         net109 (net)
                      0.428049    0.002262    5.578258 ^ fanout108/A (sky130_fd_sc_hd__clkdlybuf4s25_1)
     5    0.030313    0.307624    0.543613    6.121871 ^ fanout108/X (sky130_fd_sc_hd__clkdlybuf4s25_1)
                                                         net108 (net)
                      0.307625    0.001257    6.123128 ^ fanout106/A (sky130_fd_sc_hd__clkdlybuf4s25_1)
     5    0.024025    0.246480    0.481004    6.604133 ^ fanout106/X (sky130_fd_sc_hd__clkdlybuf4s25_1)
                                                         net106 (net)
                      0.246480    0.000430    6.604563 ^ load_slew107/A (sky130_fd_sc_hd__buf_2)
     6    0.029692    0.149773    0.256943    6.861506 ^ load_slew107/X (sky130_fd_sc_hd__buf_2)
                                                         net107 (net)
                      0.149786    0.001562    6.863068 ^ _1128_/RESET_B (sky130_fd_sc_hd__dfrtp_2)
                                              6.863068   data arrival time

                                 20.000000   20.000000   clock clk (rise edge)
                                  0.000000   20.000000   clock source latency
     1    0.036420    0.168993    0.111655   20.111654 ^ clk (in)
                                                         clk (net)
                      0.169010    0.000000   20.111654 ^ clkbuf_0_clk/A (sky130_fd_sc_hd__clkbuf_16)
     2    0.030703    0.052731    0.168447   20.280102 ^ clkbuf_0_clk/X (sky130_fd_sc_hd__clkbuf_16)
                                                         clknet_0_clk (net)
                      0.052749    0.000970   20.281071 ^ clkbuf_1_1__f_clk/A (sky130_fd_sc_hd__clkbuf_16)
     8    0.078955    0.095712    0.164254   20.445326 ^ clkbuf_1_1__f_clk/X (sky130_fd_sc_hd__clkbuf_16)
                                                         clknet_1_1__leaf_clk (net)
                      0.095838    0.002075   20.447401 ^ clkbuf_leaf_6_clk/A (sky130_fd_sc_hd__clkbuf_8)
    13    0.045444    0.090430    0.172561   20.619961 ^ clkbuf_leaf_6_clk/X (sky130_fd_sc_hd__clkbuf_8)
                                                         clknet_leaf_6_clk (net)
                      0.090439    0.000920   20.620882 ^ _1128_/CLK (sky130_fd_sc_hd__dfrtp_2)
                                 -0.250000   20.370882   clock uncertainty
                                  0.000000   20.370882   clock reconvergence pessimism
                                  0.202105   20.572987   library recovery time
                                             20.572987   data required time
---------------------------------------------------------------------------------------------
                                             20.572987   data required time
                                             -6.863068   data arrival time
---------------------------------------------------------------------------------------------
                                             13.709919   slack (MET)


Startpoint: _1236_ (rising edge-triggered flip-flop clocked by clk)
Endpoint: _1186_ (rising edge-triggered flip-flop clocked by clk)
Path Group: clk
Path Type: max

Fanout         Cap        Slew       Delay        Time   Description
---------------------------------------------------------------------------------------------
                                  0.000000    0.000000   clock clk (rise edge)
                                  0.000000    0.000000   clock source latency
     1    0.036420    0.168993    0.123408    0.123408 ^ clk (in)
                                                         clk (net)
                      0.169010    0.000000    0.123408 ^ clkbuf_0_clk/A (sky130_fd_sc_hd__clkbuf_16)
     2    0.030703    0.052731    0.186177    0.309585 ^ clkbuf_0_clk/X (sky130_fd_sc_hd__clkbuf_16)
                                                         clknet_0_clk (net)
                      0.052749    0.001073    0.310659 ^ clkbuf_1_1__f_clk/A (sky130_fd_sc_hd__clkbuf_16)
     8    0.078955    0.095712    0.181543    0.492202 ^ clkbuf_1_1__f_clk/X (sky130_fd_sc_hd__clkbuf_16)
                                                         clknet_1_1__leaf_clk (net)
                      0.095783    0.001227    0.493429 ^ clkbuf_leaf_7_clk/A (sky130_fd_sc_hd__clkbuf_8)
    15    0.048390    0.095295    0.194627    0.688056 ^ clkbuf_leaf_7_clk/X (sky130_fd_sc_hd__clkbuf_8)
                                                         clknet_leaf_7_clk (net)
                      0.095297    0.000679    0.688735 ^ _1236_/CLK (sky130_fd_sc_hd__dfrtp_2)
     4    0.039598    0.119682    0.524568    1.213302 v _1236_/Q (sky130_fd_sc_hd__dfrtp_2)
                                                         tap_index[0] (net)
                      0.119682    0.000054    1.213357 v fanout80/A (sky130_fd_sc_hd__clkdlybuf4s25_1)
    10    0.058156    0.424465    0.597571    1.810928 v fanout80/X (sky130_fd_sc_hd__clkdlybuf4s25_1)
                                                         net80 (net)
                      0.424467    0.001806    1.812733 v fanout78/A (sky130_fd_sc_hd__clkdlybuf4s25_1)
    10    0.041405    0.306439    0.599235    2.411968 v fanout78/X (sky130_fd_sc_hd__clkdlybuf4s25_1)
                                                         net78 (net)
                      0.306446    0.001886    2.413855 v _0532_/B (sky130_fd_sc_hd__and2_2)
     5    0.033564    0.103072    0.401647    2.815502 v _0532_/X (sky130_fd_sc_hd__and2_2)
                                                         _0209_ (net)
                      0.103082    0.001121    2.816623 v _0534_/B (sky130_fd_sc_hd__nand2_2)
     2    0.011501    0.121365    0.119583    2.936206 ^ _0534_/Y (sky130_fd_sc_hd__nand2_2)
                                                         _0211_ (net)
                      0.121365    0.000387    2.936593 ^ fanout35/A (sky130_fd_sc_hd__clkdlybuf4s25_1)
    10    0.083034    0.825233    0.859036    3.795628 ^ fanout35/X (sky130_fd_sc_hd__clkdlybuf4s25_1)
                                                         net35 (net)
                      0.825262    0.004364    3.799992 ^ _0766_/B1 (sky130_fd_sc_hd__o32ai_4)
     3    0.027996    0.227225    0.294927    4.094919 v _0766_/Y (sky130_fd_sc_hd__o32ai_4)
                                                         _0303_ (net)
                      0.227226    0.000980    4.095899 v max_cap26/A (sky130_fd_sc_hd__clkbuf_2)
     7    0.025142    0.101485    0.250712    4.346611 v max_cap26/X (sky130_fd_sc_hd__clkbuf_2)
                                                         net26 (net)
                      0.101486    0.000524    4.347136 v _0888_/B (sky130_fd_sc_hd__or4b_2)
     3    0.013074    0.139444    0.747691    5.094827 v _0888_/X (sky130_fd_sc_hd__or4b_2)
                                                         _0422_ (net)
                      0.139444    0.000331    5.095157 v _0891_/A1 (sky130_fd_sc_hd__a21o_2)
     2    0.007353    0.044740    0.246403    5.341561 v _0891_/X (sky130_fd_sc_hd__a21o_2)
                                                         _0425_ (net)
                      0.044740    0.000181    5.341742 v _0904_/A2 (sky130_fd_sc_hd__a21o_2)
     3    0.012341    0.056607    0.247466    5.589208 v _0904_/X (sky130_fd_sc_hd__a21o_2)
                                                         _0438_ (net)
                      0.056609    0.000410    5.589617 v _0906_/A2 (sky130_fd_sc_hd__a21o_2)
     2    0.009319    0.049821    0.242168    5.831785 v _0906_/X (sky130_fd_sc_hd__a21o_2)
                                                         _0440_ (net)
                      0.049821    0.000211    5.831996 v _0907_/C (sky130_fd_sc_hd__and3_2)
     3    0.011379    0.058786    0.246103    6.078099 v _0907_/X (sky130_fd_sc_hd__and3_2)
                                                         _0441_ (net)
                      0.058786    0.000203    6.078302 v _0909_/B (sky130_fd_sc_hd__or3_2)
     3    0.009103    0.096844    0.506402    6.584704 v _0909_/X (sky130_fd_sc_hd__or3_2)
                                                         _0443_ (net)
                      0.096844    0.000174    6.584878 v _0911_/B (sky130_fd_sc_hd__and3_2)
     1    0.002200    0.035538    0.217510    6.802388 v _0911_/X (sky130_fd_sc_hd__and3_2)
                                                         _0445_ (net)
                      0.035538    0.000063    6.802450 v _0913_/A (sky130_fd_sc_hd__or2_2)
     2    0.010431    0.076233    0.334892    7.137342 v _0913_/X (sky130_fd_sc_hd__or2_2)
                                                         _0447_ (net)
                      0.076233    0.000297    7.137640 v _0914_/B1 (sky130_fd_sc_hd__a21oi_2)
     2    0.008811    0.139462    0.158562    7.296201 ^ _0914_/Y (sky130_fd_sc_hd__a21oi_2)
                                                         _0448_ (net)
                      0.139462    0.000212    7.296413 ^ _0916_/A_N (sky130_fd_sc_hd__nand2b_2)
     1    0.009383    0.070901    0.167434    7.463848 ^ _0916_/Y (sky130_fd_sc_hd__nand2b_2)
                                                         _0450_ (net)
                      0.070902    0.000328    7.464175 ^ _0917_/B (sky130_fd_sc_hd__xnor2_2)
     1    0.002456    0.052207    0.057103    7.521278 v _0917_/Y (sky130_fd_sc_hd__xnor2_2)
                                                         _0451_ (net)
                      0.052207    0.000078    7.521356 v _0918_/A0 (sky130_fd_sc_hd__mux2_1)
     1    0.002749    0.054792    0.292101    7.813457 v _0918_/X (sky130_fd_sc_hd__mux2_1)
                                                         _0143_ (net)
                      0.054792    0.000085    7.813543 v _1186_/D (sky130_fd_sc_hd__dfrtp_2)
                                              7.813543   data arrival time

                                 20.000000   20.000000   clock clk (rise edge)
                                  0.000000   20.000000   clock source latency
     1    0.036420    0.168993    0.111655   20.111654 ^ clk (in)
                                                         clk (net)
                      0.169010    0.000000   20.111654 ^ clkbuf_0_clk/A (sky130_fd_sc_hd__clkbuf_16)
     2    0.030703    0.052731    0.168447   20.280102 ^ clkbuf_0_clk/X (sky130_fd_sc_hd__clkbuf_16)
                                                         clknet_0_clk (net)
                      0.052749    0.000970   20.281071 ^ clkbuf_1_1__f_clk/A (sky130_fd_sc_hd__clkbuf_16)
     8    0.078955    0.095712    0.164254   20.445326 ^ clkbuf_1_1__f_clk/X (sky130_fd_sc_hd__clkbuf_16)
                                                         clknet_1_1__leaf_clk (net)
                      0.095716    0.000794   20.446119 ^ clkbuf_leaf_12_clk/A (sky130_fd_sc_hd__clkbuf_8)
    12    0.043696    0.087671    0.170695   20.616816 ^ clkbuf_leaf_12_clk/X (sky130_fd_sc_hd__clkbuf_8)
                                                         clknet_leaf_12_clk (net)
                      0.087678    0.000837   20.617653 ^ _1186_/CLK (sky130_fd_sc_hd__dfrtp_2)
                                 -0.250000   20.367653   clock uncertainty
                                  0.046876   20.414530   clock reconvergence pessimism
                                 -0.109908   20.304621   library setup time
                                             20.304621   data required time
---------------------------------------------------------------------------------------------
                                             20.304621   data required time
                                             -7.813543   data arrival time
---------------------------------------------------------------------------------------------
                                             12.491077   slack (MET)




===========================================================================
report_checks --slack_max -0.01
============================================================================
======================= nom_tt_025C_1v80 Corner ===================================

No paths found.


===========================================================================
 report_check_types -max_slew -max_cap -max_fanout -violators
============================================================================
======================= nom_tt_025C_1v80 Corner ===================================

max slew

Pin                                        Limit        Slew       Slack
------------------------------------------------------------------------
_0835_/B1                               0.750000    0.825272   -0.075272 (VIOLATED)
_0878_/A2                               0.750000    0.825270   -0.075270 (VIOLATED)
_0777_/A2_N                             0.750000    0.825267   -0.075267 (VIOLATED)
_0848_/A2                               0.750000    0.825265   -0.075265 (VIOLATED)
_0766_/B1                               0.750000    0.825262   -0.075262 (VIOLATED)
_0898_/A2                               0.750000    0.825254   -0.075254 (VIOLATED)
_0799_/B1                               0.750000    0.825247   -0.075247 (VIOLATED)
_0740_/B1                               0.750000    0.825245   -0.075245 (VIOLATED)
_0703_/A2                               0.750000    0.825244   -0.075244 (VIOLATED)
_0710_/B1                               0.750000    0.825237   -0.075237 (VIOLATED)
fanout35/X                              0.750000    0.825233   -0.075233 (VIOLATED)
_0830_/B1                               0.750000    0.750417   -0.000417 (VIOLATED)
_0764_/B1                               0.750000    0.750414   -0.000414 (VIOLATED)
_0735_/B1                               0.750000    0.750410   -0.000410 (VIOLATED)
_0776_/A2                               0.750000    0.750396   -0.000396 (VIOLATED)
_0793_/B1                               0.750000    0.750394   -0.000394 (VIOLATED)
_0843_/B1                               0.750000    0.750385   -0.000385 (VIOLATED)
_0719_/A2                               0.750000    0.750350   -0.000350 (VIOLATED)
_0704_/B                                0.750000    0.750291   -0.000291 (VIOLATED)
_0746_/B1                               0.750000    0.750289   -0.000289 (VIOLATED)
_0723_/B1                               0.750000    0.750263   -0.000263 (VIOLATED)
fanout38/X                              0.750000    0.750259   -0.000259 (VIOLATED)

max fanout

Pin                                   Limit Fanout  Slack
---------------------------------------------------------
clkbuf_leaf_11_clk/X                     10     15     -5 (VIOLATED)
clkbuf_leaf_14_clk/X                     10     15     -5 (VIOLATED)
clkbuf_leaf_7_clk/X                      10     15     -5 (VIOLATED)
clkbuf_leaf_9_clk/X                      10     15     -5 (VIOLATED)
clkbuf_leaf_0_clk/X                      10     14     -4 (VIOLATED)
clkbuf_leaf_13_clk/X                     10     14     -4 (VIOLATED)
clkbuf_leaf_2_clk/X                      10     14     -4 (VIOLATED)
clkbuf_leaf_3_clk/X                      10     14     -4 (VIOLATED)
clkbuf_leaf_4_clk/X                      10     14     -4 (VIOLATED)
clkbuf_leaf_5_clk/X                      10     14     -4 (VIOLATED)
clkbuf_leaf_8_clk/X                      10     14     -4 (VIOLATED)
clkbuf_leaf_1_clk/X                      10     13     -3 (VIOLATED)
clkbuf_leaf_6_clk/X                      10     13     -3 (VIOLATED)
clkbuf_leaf_10_clk/X                     10     12     -2 (VIOLATED)
clkbuf_leaf_12_clk/X                     10     12     -2 (VIOLATED)



===========================================================================
report_parasitic_annotation -report_unannotated
============================================================================
Found 33 unannotated drivers.
 uio_in[5]
 uio_in[6]
 uio_in[7]
 clkload0/X
 clkload1/X
 clkload10/Y
 clkload11/X
 clkload12/Y
 clkload13/X
 clkload2/X
 clkload3/X
 clkload4/X
 clkload5/X
 clkload6/Y
 clkload7/Y
 clkload8/X
 clkload9/X
 tt_um_flowguard_stress/HI
 tt_um_flowguard_stress_124/HI
 tt_um_flowguard_stress_125/HI
 tt_um_flowguard_stress_126/HI
 tt_um_flowguard_stress_127/HI
 tt_um_flowguard_stress_128/HI
 tt_um_flowguard_stress_129/HI
 tt_um_flowguard_stress_130/HI
 tt_um_flowguard_stress_131/HI
 tt_um_flowguard_stress_132/HI
 tt_um_flowguard_stress_133/HI
 tt_um_flowguard_stress_134/HI
 tt_um_flowguard_stress_135/HI
 tt_um_flowguard_stress_136/HI
 tt_um_flowguard_stress_137/HI
 tt_um_flowguard_stress_138/HI
Found 0 partially unannotated drivers.

===========================================================================
max slew violation count 22
max fanout violation count 15
max cap violation count 0
============================================================================

===========================================================================
check_setup -verbose -unconstrained_endpoints -multiple_clock -no_clock -no_input_delay -loops -generated_clocks
===========================================================================
