Clock: clk
Sources: clk 
Generated: no
Virtual: yes
Propagated: no
Period: 20.000000

===========================================================================
report_clock_properties
============================================================================
Clock                   Period          Waveform
----------------------------------------------------
clk                  20.000000    0.000000 10.000000

===========================================================================
report_clock_latency
============================================================================
Clock clk
rise -> rise
    min     max
0.000000 0.000000 source latency
0.608368         network latency _1169_/CLK
        0.691889 network latency _1173_/CLK
---------------
0.608368 0.691889 latency
        0.083520 skew

fall -> fall
    min     max
0.000000 0.000000 source latency
0.545057         network latency _1169_/CLK
        0.616363 network latency _1173_/CLK
---------------
0.545057 0.616363 latency
        0.071306 skew



===========================================================================
report_clock_min_period
============================================================================
clk period_min = 7.51 fmax = 133.17
