[WARNING ORD-0039] .openroad ignored with -python
Unannotated report:
['report_parasitic_annotation -report_unannotated\n',
 '============================================================================\n',
 'Found 33 unannotated drivers.\n',
 ' uio_in[5]\n',
 ' uio_in[6]\n',
 ' uio_in[7]\n',
 ' clkload0/X\n',
 ' clkload1/X\n',
 ' clkload10/Y\n',
 ' clkload11/X\n',
 ' clkload12/Y\n',
 ' clkload13/X\n',
 ' clkload2/X\n',
 ' clkload3/X\n',
 ' clkload4/X\n',
 ' clkload5/X\n',
 ' clkload6/Y\n',
 ' clkload7/Y\n',
 ' clkload8/X\n',
 ' clkload9/X\n',
 ' tt_um_flowguard_stress/HI\n',
 ' tt_um_flowguard_stress_124/HI\n',
 ' tt_um_flowguard_stress_125/HI\n',
 ' tt_um_flowguard_stress_126/HI\n',
 ' tt_um_flowguard_stress_127/HI\n',
 ' tt_um_flowguard_stress_128/HI\n',
 ' tt_um_flowguard_stress_129/HI\n',
 ' tt_um_flowguard_stress_130/HI\n',
 ' tt_um_flowguard_stress_131/HI\n',
 ' tt_um_flowguard_stress_132/HI\n',
 ' tt_um_flowguard_stress_133/HI\n',
 ' tt_um_flowguard_stress_134/HI\n',
 ' tt_um_flowguard_stress_135/HI\n',
 ' tt_um_flowguard_stress_136/HI\n',
 ' tt_um_flowguard_stress_137/HI\n',
 ' tt_um_flowguard_stress_138/HI\n',
 'Found 0 partially unannotated drivers.\n',
 '\n']
Reported nets:
['uio_in[5]',
 'uio_in[6]',
 'uio_in[7]',
 'clkload0/X',
 'clkload1/X',
 'clkload10/Y',
 'clkload11/X',
 'clkload12/Y',
 'clkload13/X',
 'clkload2/X',
 'clkload3/X',
 'clkload4/X',
 'clkload5/X',
 'clkload6/Y',
 'clkload7/Y',
 'clkload8/X',
 'clkload9/X',
 'tt_um_flowguard_stress/HI',
 'tt_um_flowguard_stress_124/HI',
 'tt_um_flowguard_stress_125/HI',
 'tt_um_flowguard_stress_126/HI',
 'tt_um_flowguard_stress_127/HI',
 'tt_um_flowguard_stress_128/HI',
 'tt_um_flowguard_stress_129/HI',
 'tt_um_flowguard_stress_130/HI',
 'tt_um_flowguard_stress_131/HI',
 'tt_um_flowguard_stress_132/HI',
 'tt_um_flowguard_stress_133/HI',
 'tt_um_flowguard_stress_134/HI',
 'tt_um_flowguard_stress_135/HI',
 'tt_um_flowguard_stress_136/HI',
 'tt_um_flowguard_stress_137/HI',
 'tt_um_flowguard_stress_138/HI']
Filtered nets:
[]
done
