Starting…
Running 'Verilator.Lint' at 'runs/trial_server-10/01-verilator-lint'…
Logging subprocess to [repr.filename]'runs/trial_server-10/01-verilator-lint/verilator-lint.log'[/repr.filename]…
Running 'Checker.LintTimingConstructs' at 'runs/trial_server-10/02-checker-linttimingconstructs'…
Check for Lint Timing Errors clear.
Running 'Checker.LintErrors' at 'runs/trial_server-10/03-checker-linterrors'…
Check for Lint errors clear.
Running 'Checker.LintWarnings' at 'runs/trial_server-10/04-checker-lintwarnings'…
448 Lint warnings found.
Running 'Yosys.JsonHeader' at 'runs/trial_server-10/05-yosys-jsonheader'…
Logging subprocess to [repr.filename]'runs/trial_server-10/05-yosys-jsonheader/yosys-jsonheader.log'[/repr.filename]…
Running 'Yosys.Synthesis' at 'runs/trial_server-10/06-yosys-synthesis'…
Logging subprocess to [repr.filename]'runs/trial_server-10/06-yosys-synthesis/yosys-synthesis.log'[/repr.filename]…
Parsing synthesis checks…
Parsing synthesis checks…
Running 'Checker.YosysUnmappedCells' at 'runs/trial_server-10/07-checker-yosysunmappedcells'…
Check for Unmapped Yosys instances clear.
Running 'Checker.YosysSynthChecks' at 'runs/trial_server-10/08-checker-yosyssynthchecks'…
Check for Yosys check errors clear.
Running 'Checker.NetlistAssignStatements' at 'runs/trial_server-10/09-checker-netlistassignstatements'…
Running 'OpenROAD.CheckSDCFiles' at 'runs/trial_server-10/10-openroad-checksdcfiles'…
'PNR_SDC_FILE' is not defined. Using generic fallback SDC for OpenROAD PnR steps.
'SIGNOFF_SDC_FILE' is not defined. Using generic fallback SDC for OpenROAD PnR steps.
Running 'OpenROAD.CheckMacroInstances' at 'runs/trial_server-10/11-openroad-checkmacroinstances'…
No macros found, skipping instance check…
Running 'OpenROAD.STAPrePNR' at 'runs/trial_server-10/12-openroad-staprepnr'…
Starting STA for the nom_tt_025C_1v80 timing corner…
Starting STA for the nom_ss_100C_1v60 timing corner…
Starting STA for the nom_ff_n40C_1v95 timing corner…
Skipping corner min_tt_025C_1v80 for STA (identical to nom_tt_025C_1v80 at this stage)…
Skipping corner min_ss_100C_1v60 for STA (identical to nom_ss_100C_1v60 at this stage)…
Skipping corner min_ff_n40C_1v95 for STA (identical to nom_ff_n40C_1v95 at this stage)…
Skipping corner max_tt_025C_1v80 for STA (identical to nom_tt_025C_1v80 at this stage)…
Skipping corner max_ss_100C_1v60 for STA (identical to nom_ss_100C_1v60 at this stage)…
Logging subprocess to [repr.filename]'runs/trial_server-10/12-openroad-staprepnr/nom_ff_n40C_1v95/sta.log'[/repr.filename]…
Skipping corner max_ff_n40C_1v95 for STA (identical to nom_ff_n40C_1v95 at this stage)…
Logging subprocess to [repr.filename]'runs/trial_server-10/12-openroad-staprepnr/nom_ss_100C_1v60/sta.log'[/repr.filename]…
Logging subprocess to [repr.filename]'runs/trial_server-10/12-openroad-staprepnr/nom_tt_025C_1v80/sta.log'[/repr.filename]…
Finished STA for the nom_ss_100C_1v60 timing corner.
Finished STA for the nom_ff_n40C_1v95 timing corner.
Finished STA for the nom_tt_025C_1v80 timing corner.
Running 'OpenROAD.Floorplan' at 'runs/trial_server-10/13-openroad-floorplan'…
Logging subprocess to [repr.filename]'runs/trial_server-10/13-openroad-floorplan/openroad-floorplan.log'[/repr.filename]…
Running 'OpenROAD.DumpRCValues' at 'runs/trial_server-10/14-openroad-dumprcvalues'…
Logging subprocess to [repr.filename]'runs/trial_server-10/14-openroad-dumprcvalues/openroad-dumprcvalues.log'[/repr.filename]…
Running 'Odb.CheckMacroAntennaProperties' at 'runs/trial_server-10/15-odb-checkmacroantennaproperties'…
No cells provided, skipping 'Odb.CheckMacroAntennaProperties'…
Running 'Odb.SetPowerConnections' at 'runs/trial_server-10/16-odb-setpowerconnections'…
Logging subprocess to [repr.filename]'runs/trial_server-10/16-odb-setpowerconnections/odb-setpowerconnections.log'[/repr.filename]…
Running 'Odb.ManualMacroPlacement' at 'runs/trial_server-10/17-odb-manualmacroplacement'…
No instances found, skipping 'Odb.ManualMacroPlacement'…
Running 'OpenROAD.CutRows' at 'runs/trial_server-10/18-openroad-cutrows'…
Logging subprocess to [repr.filename]'runs/trial_server-10/18-openroad-cutrows/openroad-cutrows.log'[/repr.filename]…
Running 'OpenROAD.TapEndcapInsertion' at 'runs/trial_server-10/19-openroad-tapendcapinsertion'…
Logging subprocess to [repr.filename]'runs/trial_server-10/19-openroad-tapendcapinsertion/openroad-tapendcapinsertion.log'[/repr.filename]…
Running 'Odb.AddPDNObstructions' at 'runs/trial_server-10/20-odb-addpdnobstructions'…
'PDN_OBSTRUCTIONS' is not defined. Skipping 'Odb.AddPDNObstructions'…
Running 'OpenROAD.GeneratePDN' at 'runs/trial_server-10/21-openroad-generatepdn'…
'PDN_CFG' not explicitly set, setting it to /nix/store/f8bhalkl3s4vjwd7g271xz92bra8yrm5-python3-3.13.9-env/lib/python3.13/site-packages/librelane/scripts/openroad/common/pdn_cfg.tcl…
Logging subprocess to [repr.filename]'runs/trial_server-10/21-openroad-generatepdn/openroad-generatepdn.log'[/repr.filename]…
Running 'Odb.RemovePDNObstructions' at 'runs/trial_server-10/22-odb-removepdnobstructions'…
'PDN_OBSTRUCTIONS' is not defined. Skipping 'Odb.RemovePDNObstructions'…
Running 'Odb.AddRoutingObstructions' at 'runs/trial_server-10/23-odb-addroutingobstructions'…
'ROUTING_OBSTRUCTIONS' is not defined. Skipping 'Odb.AddRoutingObstructions'…
Running 'OpenROAD.GlobalPlacementSkipIO' at 'runs/trial_server-10/24-openroad-globalplacementskipio'…
Logging subprocess to [repr.filename]'runs/trial_server-10/24-openroad-globalplacementskipio/openroad-globalplacementskipio.log'[/repr.filename]…
[GPL-0301] Utilization 109.884 % exceeds 100%.
