Clock: clk
Sources: clk 
Generated: no
Virtual: yes
Propagated: no
Period: 20.000000

===========================================================================
report_clock_properties
============================================================================
Clock                   Period          Waveform
----------------------------------------------------
clk                  20.000000    0.000000 10.000000

===========================================================================
report_clock_latency
============================================================================
Clock clk
rise -> rise
    min     max
0.000000 0.000000 source latency
1.054946         network latency _1169_/CLK
        1.194664 network latency _1173_/CLK
---------------
1.054946 1.194664 latency
        0.139718 skew

fall -> fall
    min     max
0.000000 0.000000 source latency
0.975276         network latency _1169_/CLK
        1.098688 network latency _1173_/CLK
---------------
0.975276 1.098688 latency
        0.123412 skew



===========================================================================
report_clock_min_period
============================================================================
clk period_min = 14.98 fmax = 66.77
