Reading timing models for corner nom_tt_025C_1v80…
Reading timing library for the 'nom_tt_025C_1v80' corner at '/home/ubuntu/.ciel/ciel/sky130/versions/8afc8346a57fe1ab7934ba5a6056ea8b43078e71/sky130A/libs.ref/sky130_fd_sc_hd/lib/sky130_fd_sc_hd__tt_025C_1v80.lib'…
Reading OpenROAD database at '/home/ubuntu/Flow-Guard/results/server_experiment_v2_configs/server-16/runs/trial_server-16/16-odb-setpowerconnections/tt_um_flowguard_stress.odb'…
Reading design constraints file at '/nix/store/f8bhalkl3s4vjwd7g271xz92bra8yrm5-python3-3.13.9-env/lib/python3.13/site-packages/librelane/scripts/base.sdc'…
[INFO] Using clock clk…
[INFO] Setting output delay to: 4.0
[INFO] Setting input delay to: 4.0
[INFO] Setting load to: 0.033442
[INFO] Setting clock uncertainty to: 0.25
[INFO] Setting clock transition to: 0.1499999999999999944488848768742172978818416595458984375
[INFO] Setting timing derate to: 5.0%
+ cut_rows -halo_width_x 10.0 -halo_width_y 10.0 -endcap_master sky130_fd_sc_hd__decap_3
Setting global connections for newly added cells…
[INFO] Setting global connections...
[INFO ODB-0403] 0 connections made, 0 conflicts skipped.
Updating metrics…
Cell type report:                       Count       Area
  Inverter                                  4      15.01
  Sequential cell                         202    5307.59
  Multi-Input combinational cell          537    5624.14
  Total                                   743   10946.75
Writing OpenROAD database to '/home/ubuntu/Flow-Guard/results/server_experiment_v2_configs/server-16/runs/trial_server-16/18-openroad-cutrows/tt_um_flowguard_stress.odb'…
Writing layout to '/home/ubuntu/Flow-Guard/results/server_experiment_v2_configs/server-16/runs/trial_server-16/18-openroad-cutrows/tt_um_flowguard_stress.def'…
