Clock: clk
Sources: clk 
Generated: no
Virtual: no
Propagated: no
Period: 20.000000

===========================================================================
report_clock_properties
============================================================================
Clock                   Period          Waveform
----------------------------------------------------
clk                  20.000000    0.000000 10.000000

===========================================================================
report_clock_latency
============================================================================
Clock clk
rise -> rise
    min     max
0.000000 0.000000 source latency
0.875278         network latency _1024_/CLK
        0.967412 network latency _1024_/CLK
---------------
0.875278 0.967412 latency
        0.092134 skew

fall -> fall
    min     max
0.000000 0.000000 source latency
0.383496         network latency _1024_/CLK
        0.423865 network latency _1024_/CLK
---------------
0.383496 0.423865 latency
        0.040369 skew



===========================================================================
report_clock_min_period
============================================================================
clk period_min = 3.45 fmax = 290.27
