2026-09-11T06:59:45Z [pilot_repaired_tile_v1] preflight: checking repository, pinned environment, runner/parser, and config
2026-09-11T06:59:46Z [pilot_repaired_tile_v1] campaign start: fixed 20ns clock; budgets safe=3 middle=8 aggressive=16
2026-09-11T06:59:46Z [pilot_repaired_tile_v1] [safe] start safe-01 seed=1101 probe=30,38,0,0.05,AREA 0
2026-09-11T06:59:46Z [pilot_repaired_tile_v1] [safe] gate failed safe-01 runner=FAILED parser=NO_METRICS
2026-09-11T06:59:46Z [pilot_repaired_tile_v1] [safe] start safe-02 seed=1102 probe=30,45,0,0.10,AREA 1
2026-09-11T06:59:46Z [pilot_repaired_tile_v1] [safe] gate failed safe-02 runner=FAILED parser=NO_METRICS
2026-09-11T06:59:46Z [pilot_repaired_tile_v1] [safe] start safe-03 seed=1103 probe=35,38,1,0.05,AREA 2
2026-09-11T06:59:46Z [pilot_repaired_tile_v1] [safe] gate failed safe-03 runner=FAILED parser=NO_METRICS
2026-09-11T06:59:46Z [pilot_repaired_tile_v1] [middle] start middle-04 seed=1201 probe=35,45,1,0.10,AREA 0
2026-09-11T06:59:46Z [pilot_repaired_tile_v1] [middle] gate failed middle-04 runner=FAILED parser=NO_METRICS
2026-09-11T06:59:47Z [pilot_repaired_tile_v1] [middle] start middle-05 seed=1202 probe=35,52,1,0.15,AREA 1
2026-09-11T06:59:47Z [pilot_repaired_tile_v1] [middle] gate failed middle-05 runner=FAILED parser=NO_METRICS
2026-09-11T06:59:47Z [pilot_repaired_tile_v1] [middle] start middle-06 seed=1203 probe=40,45,1,0.10,AREA 2
2026-09-11T06:59:47Z [pilot_repaired_tile_v1] [middle] gate failed middle-06 runner=FAILED parser=NO_METRICS
2026-09-11T06:59:47Z [pilot_repaired_tile_v1] [middle] start middle-07 seed=1204 probe=30,52,2,0.10,AREA 1
2026-09-11T06:59:47Z [pilot_repaired_tile_v1] [middle] gate failed middle-07 runner=FAILED parser=NO_METRICS
2026-09-11T06:59:47Z [pilot_repaired_tile_v1] [middle] start middle-08 seed=1205 probe=40,38,0,0.15,AREA 0
2026-09-11T06:59:47Z [pilot_repaired_tile_v1] [middle] gate failed middle-08 runner=FAILED parser=NO_METRICS
2026-09-11T06:59:47Z [pilot_repaired_tile_v1] [middle] start middle-09 seed=1206 probe=35,38,2,0.20,AREA 2
2026-09-11T06:59:47Z [pilot_repaired_tile_v1] [middle] gate failed middle-09 runner=FAILED parser=NO_METRICS
2026-09-11T06:59:47Z [pilot_repaired_tile_v1] [middle] start middle-10 seed=1207 probe=30,45,2,0.15,AREA 2
2026-09-11T06:59:47Z [pilot_repaired_tile_v1] [middle] gate failed middle-10 runner=FAILED parser=NO_METRICS
2026-09-11T06:59:47Z [pilot_repaired_tile_v1] [middle] start middle-11 seed=1208 probe=40,52,0,0.05,AREA 1
2026-09-11T06:59:48Z [pilot_repaired_tile_v1] [middle] gate failed middle-11 runner=FAILED parser=NO_METRICS
2026-09-11T06:59:48Z [pilot_repaired_tile_v1] [aggressive] start aggressive-12 seed=1301 probe=40,52,2,0.20,AREA 2
2026-09-11T06:59:48Z [pilot_repaired_tile_v1] [aggressive] gate failed aggressive-12 runner=FAILED parser=NO_METRICS
2026-09-11T06:59:48Z [pilot_repaired_tile_v1] [aggressive] start aggressive-13 seed=1302 probe=40,52,2,0.15,AREA 1
2026-09-11T06:59:48Z [pilot_repaired_tile_v1] [aggressive] gate failed aggressive-13 runner=FAILED parser=NO_METRICS
2026-09-11T06:59:48Z [pilot_repaired_tile_v1] [aggressive] start aggressive-14 seed=1303 probe=40,45,2,0.20,AREA 0
2026-09-11T06:59:48Z [pilot_repaired_tile_v1] [aggressive] gate failed aggressive-14 runner=FAILED parser=NO_METRICS
2026-09-11T06:59:48Z [pilot_repaired_tile_v1] [aggressive] start aggressive-15 seed=1304 probe=40,38,2,0.20,AREA 2
2026-09-11T06:59:48Z [pilot_repaired_tile_v1] [aggressive] gate failed aggressive-15 runner=FAILED parser=NO_METRICS
2026-09-11T06:59:48Z [pilot_repaired_tile_v1] [aggressive] start aggressive-16 seed=1305 probe=35,52,2,0.20,AREA 0
2026-09-11T06:59:48Z [pilot_repaired_tile_v1] [aggressive] gate failed aggressive-16 runner=FAILED parser=NO_METRICS
2026-09-11T06:59:48Z [pilot_repaired_tile_v1] [aggressive] start aggressive-17 seed=1306 probe=30,52,2,0.20,AREA 1
2026-09-11T06:59:48Z [pilot_repaired_tile_v1] [aggressive] gate failed aggressive-17 runner=FAILED parser=NO_METRICS
2026-09-11T06:59:49Z [pilot_repaired_tile_v1] [aggressive] start aggressive-18 seed=1307 probe=40,45,0,0.20,AREA 2
2026-09-11T06:59:49Z [pilot_repaired_tile_v1] [aggressive] gate failed aggressive-18 runner=FAILED parser=NO_METRICS
2026-09-11T06:59:49Z [pilot_repaired_tile_v1] [aggressive] start aggressive-19 seed=1308 probe=35,45,2,0.20,AREA 1
2026-09-11T06:59:49Z [pilot_repaired_tile_v1] [aggressive] gate failed aggressive-19 runner=FAILED parser=NO_METRICS
2026-09-11T06:59:49Z [pilot_repaired_tile_v1] [aggressive] start aggressive-20 seed=1309 probe=30,38,2,0.15,AREA 0
2026-09-11T06:59:49Z [pilot_repaired_tile_v1] [aggressive] gate failed aggressive-20 runner=FAILED parser=NO_METRICS
2026-09-11T06:59:49Z [pilot_repaired_tile_v1] [aggressive] start aggressive-21 seed=1310 probe=40,38,1,0.20,AREA 1
2026-09-11T06:59:49Z [pilot_repaired_tile_v1] [aggressive] gate failed aggressive-21 runner=FAILED parser=NO_METRICS
2026-09-11T06:59:49Z [pilot_repaired_tile_v1] [aggressive] start aggressive-22 seed=1311 probe=35,52,0,0.20,AREA 2
2026-09-11T06:59:49Z [pilot_repaired_tile_v1] [aggressive] gate failed aggressive-22 runner=FAILED parser=NO_METRICS
2026-09-11T06:59:49Z [pilot_repaired_tile_v1] [aggressive] start aggressive-23 seed=1312 probe=30,45,2,0.20,AREA 0
2026-09-11T06:59:49Z [pilot_repaired_tile_v1] [aggressive] gate failed aggressive-23 runner=FAILED parser=NO_METRICS
2026-09-11T06:59:49Z [pilot_repaired_tile_v1] [aggressive] start aggressive-24 seed=1313 probe=40,52,1,0.20,AREA 1
2026-09-11T06:59:50Z [pilot_repaired_tile_v1] [aggressive] gate failed aggressive-24 runner=FAILED parser=NO_METRICS
2026-09-11T06:59:50Z [pilot_repaired_tile_v1] [aggressive] start aggressive-25 seed=1314 probe=35,38,2,0.15,AREA 0
2026-09-11T06:59:50Z [pilot_repaired_tile_v1] [aggressive] gate failed aggressive-25 runner=FAILED parser=NO_METRICS
2026-09-11T06:59:50Z [pilot_repaired_tile_v1] [aggressive] start aggressive-26 seed=1315 probe=30,52,1,0.20,AREA 2
2026-09-11T06:59:50Z [pilot_repaired_tile_v1] [aggressive] gate failed aggressive-26 runner=FAILED parser=NO_METRICS
2026-09-11T06:59:50Z [pilot_repaired_tile_v1] [aggressive] start aggressive-27 seed=1316 probe=40,38,2,0.15,AREA 1
2026-09-11T06:59:50Z [pilot_repaired_tile_v1] [aggressive] gate failed aggressive-27 runner=FAILED parser=NO_METRICS
2026-09-11T06:59:50Z [pilot_repaired_tile_v1] campaign complete: failures=27 manifest=/home/ubuntu/Flow-Guard/results/pilot_repaired_tile_v1/manifest.csv
